Archive member included to satisfy reference by file (symbol)

c:/intelfpga_lite/18.1/nios2eds/bin/gnu/h-x86_64-mingw32/bin/../lib/gcc/nios2-elf/5.3.0/../../../../../H-x86_64-mingw32/nios2-elf/lib\libm.a(lib_a-w_atan2.o)
                              obj/default/accelerometer.o (atan2)
c:/intelfpga_lite/18.1/nios2eds/bin/gnu/h-x86_64-mingw32/bin/../lib/gcc/nios2-elf/5.3.0/../../../../../H-x86_64-mingw32/nios2-elf/lib\libm.a(lib_a-w_sqrt.o)
                              obj/default/accelerometer.o (sqrt)
c:/intelfpga_lite/18.1/nios2eds/bin/gnu/h-x86_64-mingw32/bin/../lib/gcc/nios2-elf/5.3.0/../../../../../H-x86_64-mingw32/nios2-elf/lib\libm.a(lib_a-e_atan2.o)
                              c:/intelfpga_lite/18.1/nios2eds/bin/gnu/h-x86_64-mingw32/bin/../lib/gcc/nios2-elf/5.3.0/../../../../../H-x86_64-mingw32/nios2-elf/lib\libm.a(lib_a-w_atan2.o) (__ieee754_atan2)
c:/intelfpga_lite/18.1/nios2eds/bin/gnu/h-x86_64-mingw32/bin/../lib/gcc/nios2-elf/5.3.0/../../../../../H-x86_64-mingw32/nios2-elf/lib\libm.a(lib_a-e_sqrt.o)
                              c:/intelfpga_lite/18.1/nios2eds/bin/gnu/h-x86_64-mingw32/bin/../lib/gcc/nios2-elf/5.3.0/../../../../../H-x86_64-mingw32/nios2-elf/lib\libm.a(lib_a-w_sqrt.o) (__ieee754_sqrt)
c:/intelfpga_lite/18.1/nios2eds/bin/gnu/h-x86_64-mingw32/bin/../lib/gcc/nios2-elf/5.3.0/../../../../../H-x86_64-mingw32/nios2-elf/lib\libm.a(lib_a-s_atan.o)
                              c:/intelfpga_lite/18.1/nios2eds/bin/gnu/h-x86_64-mingw32/bin/../lib/gcc/nios2-elf/5.3.0/../../../../../H-x86_64-mingw32/nios2-elf/lib\libm.a(lib_a-e_atan2.o) (atan)
c:/intelfpga_lite/18.1/nios2eds/bin/gnu/h-x86_64-mingw32/bin/../lib/gcc/nios2-elf/5.3.0/../../../../../H-x86_64-mingw32/nios2-elf/lib\libm.a(lib_a-s_fabs.o)
                              c:/intelfpga_lite/18.1/nios2eds/bin/gnu/h-x86_64-mingw32/bin/../lib/gcc/nios2-elf/5.3.0/../../../../../H-x86_64-mingw32/nios2-elf/lib\libm.a(lib_a-e_atan2.o) (fabs)
c:/intelfpga_lite/18.1/nios2eds/bin/gnu/h-x86_64-mingw32/bin/../lib/gcc/nios2-elf/5.3.0/../../../../../H-x86_64-mingw32/nios2-elf/lib\libm.a(lib_a-s_fpclassify.o)
                              c:/intelfpga_lite/18.1/nios2eds/bin/gnu/h-x86_64-mingw32/bin/../lib/gcc/nios2-elf/5.3.0/../../../../../H-x86_64-mingw32/nios2-elf/lib\libm.a(lib_a-w_sqrt.o) (__fpclassifyd)
c:/intelfpga_lite/18.1/nios2eds/bin/gnu/h-x86_64-mingw32/bin/../lib/gcc/nios2-elf/5.3.0/../../../../../H-x86_64-mingw32/nios2-elf/lib\libm.a(lib_a-s_lib_ver.o)
                              c:/intelfpga_lite/18.1/nios2eds/bin/gnu/h-x86_64-mingw32/bin/../lib/gcc/nios2-elf/5.3.0/../../../../../H-x86_64-mingw32/nios2-elf/lib\libm.a(lib_a-w_sqrt.o) (__fdlib_version)
c:/intelfpga_lite/18.1/nios2eds/bin/gnu/h-x86_64-mingw32/bin/../lib/gcc/nios2-elf/5.3.0/../../../../../H-x86_64-mingw32/nios2-elf/lib\libm.a(lib_a-s_matherr.o)
                              c:/intelfpga_lite/18.1/nios2eds/bin/gnu/h-x86_64-mingw32/bin/../lib/gcc/nios2-elf/5.3.0/../../../../../H-x86_64-mingw32/nios2-elf/lib\libm.a(lib_a-w_sqrt.o) (matherr)
c:/intelfpga_lite/18.1/nios2eds/bin/gnu/h-x86_64-mingw32/bin/../lib/gcc/nios2-elf/5.3.0\libgcc.a(lib2-divmod.o)
                              obj/default/hex.o (__divsi3)
c:/intelfpga_lite/18.1/nios2eds/bin/gnu/h-x86_64-mingw32/bin/../lib/gcc/nios2-elf/5.3.0\libgcc.a(adddf3.o)
                              obj/default/accelerometer.o (__adddf3)
c:/intelfpga_lite/18.1/nios2eds/bin/gnu/h-x86_64-mingw32/bin/../lib/gcc/nios2-elf/5.3.0\libgcc.a(divdf3.o)
                              obj/default/accelerometer.o (__divdf3)
c:/intelfpga_lite/18.1/nios2eds/bin/gnu/h-x86_64-mingw32/bin/../lib/gcc/nios2-elf/5.3.0\libgcc.a(gedf2.o)
                              c:/intelfpga_lite/18.1/nios2eds/bin/gnu/h-x86_64-mingw32/bin/../lib/gcc/nios2-elf/5.3.0/../../../../../H-x86_64-mingw32/nios2-elf/lib\libm.a(lib_a-s_atan.o) (__gtdf2)
c:/intelfpga_lite/18.1/nios2eds/bin/gnu/h-x86_64-mingw32/bin/../lib/gcc/nios2-elf/5.3.0\libgcc.a(ledf2.o)
                              c:/intelfpga_lite/18.1/nios2eds/bin/gnu/h-x86_64-mingw32/bin/../lib/gcc/nios2-elf/5.3.0/../../../../../H-x86_64-mingw32/nios2-elf/lib\libm.a(lib_a-w_sqrt.o) (__ltdf2)
c:/intelfpga_lite/18.1/nios2eds/bin/gnu/h-x86_64-mingw32/bin/../lib/gcc/nios2-elf/5.3.0\libgcc.a(muldf3.o)
                              obj/default/accelerometer.o (__muldf3)
c:/intelfpga_lite/18.1/nios2eds/bin/gnu/h-x86_64-mingw32/bin/../lib/gcc/nios2-elf/5.3.0\libgcc.a(subdf3.o)
                              c:/intelfpga_lite/18.1/nios2eds/bin/gnu/h-x86_64-mingw32/bin/../lib/gcc/nios2-elf/5.3.0/../../../../../H-x86_64-mingw32/nios2-elf/lib\libm.a(lib_a-e_atan2.o) (__subdf3)
c:/intelfpga_lite/18.1/nios2eds/bin/gnu/h-x86_64-mingw32/bin/../lib/gcc/nios2-elf/5.3.0\libgcc.a(fixdfsi.o)
                              obj/default/accelerometer.o (__fixdfsi)
c:/intelfpga_lite/18.1/nios2eds/bin/gnu/h-x86_64-mingw32/bin/../lib/gcc/nios2-elf/5.3.0\libgcc.a(floatsidf.o)
                              obj/default/accelerometer.o (__floatsidf)
[...]
Memory Configuration

Name             Origin             Length             Attributes
reset            0x0000000004000000 0x0000000000000020
new_sdram_controller_0 0x0000000004000020 0x0000000003ffffe0
onchip_memory2_0 0x0000000008020000 0x0000000000020000
*default*        0x0000000000000000 0xffffffffffffffff

Linker script and memory map

LOAD ../Milestone1v4_bsp//obj/HAL/src/crt0.o
LOAD obj/default/accelerometer.o
LOAD obj/default/exception_handler.o
LOAD obj/default/hex.o
LOAD obj/default/main.o
LOAD c:/intelfpga_lite/18.1/nios2eds/bin/gnu/h-x86_64-mingw32/bin/../lib/gcc/nios2-elf/5.3.0/../../../../../H-x86_64-mingw32/nios2-elf/lib\libstdc++.a
LOAD c:/intelfpga_lite/18.1/nios2eds/bin/gnu/h-x86_64-mingw32/bin/../lib/gcc/nios2-elf/5.3.0/../../../../../H-x86_64-mingw32/nios2-elf/lib\libm.a
LOAD c:/intelfpga_lite/18.1/nios2eds/bin/gnu/h-x86_64-mingw32/bin/../lib/gcc/nios2-elf/5.3.0\libgcc.a
START GROUP
LOAD c:/intelfpga_lite/18.1/nios2eds/bin/gnu/h-x86_64-mingw32/bin/../lib/gcc/nios2-elf/5.3.0/../../../../../H-x86_64-mingw32/nios2-elf/lib\libsmallc.a
LOAD c:/intelfpga_lite/18.1/nios2eds/bin/gnu/h-x86_64-mingw32/bin/../lib/gcc/nios2-elf/5.3.0\libgcc.a
LOAD ../Milestone1v4_bsp/\libhal_bsp.a
LOAD c:/intelfpga_lite/18.1/nios2eds/bin/gnu/h-x86_64-mingw32/bin/../lib/gcc/nios2-elf/5.3.0/../../../../../H-x86_64-mingw32/nios2-elf/lib\libm.a
END GROUP
LOAD c:/intelfpga_lite/18.1/nios2eds/bin/gnu/h-x86_64-mingw32/bin/../lib/gcc/nios2-elf/5.3.0\libgcc.a
                0x0000000004000000                __alt_mem_new_sdram_controller_0 = 0x4000000
                0x0000000008020000                __alt_mem_onchip_memory2_0 = 0x8020000

.entry          0x0000000004000000       0x20
 *(.entry)
 .entry         0x0000000004000000       0x20 ../Milestone1v4_bsp//obj/HAL/src/crt0.o
                0x0000000004000000                __reset
                0x000000000400001c                _exit

.exceptions     0x0000000004000020      0x114
                0x0000000004000020                PROVIDE (__ram_exceptions_start, ABSOLUTE (.))
                0x0000000004000020                . = ALIGN (0x20)
 *(.irq)
 *(.exceptions.entry.label)
 *(.exceptions.entry.user)
 *(.exceptions.entry.ecc_fatal)
 *(.exceptions.entry)
 *(.exceptions.irqtest.user)
 *(.exceptions.irqtest)
 *(.exceptions.irqhandler.user)
 *(.exceptions.irqhandler)
 *(.exceptions.irqreturn.user)
 *(.exceptions.irqreturn)
 *(.exceptions.notirq.label)
 *(.exceptions.notirq.user)
 *(.exceptions.notirq)
 *(.exceptions.soft.user)
 *(.exceptions.soft)
 *(.exceptions.unknown.user)
 *(.exceptions.unknown)
 *(.exceptions.exit.label)
 *(.exceptions.exit.user)
 *(.exceptions.exit)
 *(.exceptions)
 .exceptions    0x0000000004000020      0x114 obj/default/exception_handler.o
                0x0000000004000020                the_exception
                0x0000000004000134                PROVIDE (__ram_exceptions_end, ABSOLUTE (.))
                0x0000000004000020                PROVIDE (__flash_exceptions_start, LOADADDR (.exceptions))

.text           0x0000000004000134     0x5054
                [!provide]                        PROVIDE (stext, ABSOLUTE (.))
 *(.interp)
 *(.hash)
 *(.dynsym)
 *(.dynstr)
 *(.gnu.version)
 *(.gnu.version_d)
 *(.gnu.version_r)
 *(.rel.init)
 *(.rela.init)
 *(.rel.text .rel.text.* .rel.gnu.linkonce.t.*)
 *(.rela.text .rela.text.* .rela.gnu.linkonce.t.*)
 *(.rel.fini)
 *(.rela.fini)
 *(.rel.rodata .rel.rodata.* .rel.gnu.linkonce.r.*)
 *(.rela.rodata .rela.rodata.* .rela.gnu.linkonce.r.*)
 *(.rel.data .rel.data.* .rel.gnu.linkonce.d.*)
 *(.rela.data .rela.data.* .rela.gnu.linkonce.d.*)
 *(.rel.tdata .rel.tdata.* .rel.gnu.linkonce.td.*)
 *(.rela.tdata .rela.tdata.* .rela.gnu.linkonce.td.*)
 *(.rel.tbss .rel.tbss.* .rel.gnu.linkonce.tb.*)
 *(.rela.tbss .rela.tbss.* .rela.gnu.linkonce.tb.*)
 *(.rel.ctors)
 *(.rela.ctors)
 *(.rel.dtors)
 *(.rela.dtors)
 *(.rel.got)
 *(.rela.got)
 *(.rel.sdata .rel.sdata.* .rel.gnu.linkonce.s.*)
 *(.rela.sdata .rela.sdata.* .rela.gnu.linkonce.s.*)
 *(.rel.sbss .rel.sbss.* .rel.gnu.linkonce.sb.*)
 *(.rela.sbss .rela.sbss.* .rela.gnu.linkonce.sb.*)
 *(.rel.sdata2 .rel.sdata2.* .rel.gnu.linkonce.s2.*)
 *(.rela.sdata2 .rela.sdata2.* .rela.gnu.linkonce.s2.*)
 *(.rel.sbss2 .rel.sbss2.* .rel.gnu.linkonce.sb2.*)
 *(.rela.sbss2 .rela.sbss2.* .rela.gnu.linkonce.sb2.*)
 *(.rel.bss .rel.bss.* .rel.gnu.linkonce.b.*)
 *(.rela.bss .rela.bss.* .rela.gnu.linkonce.b.*)
 *(.rel.plt)
 *(.rela.plt)
 *(.rel.dyn)
 *(.init)
 *(.plt)
 *(.text .stub .text.* .gnu.linkonce.t.*)
 .text          0x0000000004000134       0x4c ../Milestone1v4_bsp//obj/HAL/src/crt0.o
                0x0000000004000134                _start
 .text          0x0000000004000180      0x2f0 obj/default/accelerometer.o
                0x0000000004000180                accelerometer_init
                0x00000000040001c0                accelerometer_main
 .text          0x0000000004000470       0x7c obj/default/exception_handler.o
                0x0000000004000470                interrupt_handler
 .text          0x00000000040004ec      0x2dc obj/default/hex.o
                0x00000000040004ec                char_to_7seg
                0x0000000004000518                hex_refresh
                0x0000000004000568                hex_scroll_in_char
                0x00000000040005a8                hex_scroll_string
                0x0000000004000608                seg_dp_on
                0x0000000004000610                seg_dp_off
                0x000000000400061c                two_digit_value_signed
                0x0000000004000640                two_digit_value
                0x0000000004000644                hex_show_3_signed_values
                0x00000000040007c4                hex_show_xyz_2digit_signed
 .text          0x00000000040007c8      0x1bc obj/default/main.o
                0x00000000040007c8                spi_delay
                0x00000000040007f4                tone_delay
                0x0000000004000824                beep_cycles
                0x0000000004000894                spi_transfer
                0x0000000004000904                uart_delay
                0x0000000004000930                uart_send_char
                0x0000000004000948                uart_send_string
 .text.startup  0x0000000004000984      0x3c0 obj/default/main.o
                0x0000000004000984                main
 .text          0x0000000004000d44        0x0 c:/intelfpga_lite/18.1/nios2eds/bin/gnu/h-x86_64-mingw32/bin/../lib/gcc/nios2-elf/5.3.0/../../../../../H-x86_64-mingw32/nios2-elf/lib\libm.a(lib_a-w_atan2.o)
 .text.atan2    0x0000000004000d44        0x4 c:/intelfpga_lite/18.1/nios2eds/bin/gnu/h-x86_64-mingw32/bin/../lib/gcc/nios2-elf/5.3.0/../../../../../H-x86_64-mingw32/nios2-elf/lib\libm.a(lib_a-w_atan2.o)
                0x0000000004000d44                atan2
 .text          0x0000000004000d48        0x0 c:/intelfpga_lite/18.1/nios2eds/bin/gnu/h-x86_64-mingw32/bin/../lib/gcc/nios2-elf/5.3.0/../../../../../H-x86_64-mingw32/nios2-elf/lib\libm.a(lib_a-w_sqrt.o)
 .text.sqrt     0x0000000004000d48      0x130 c:/intelfpga_lite/18.1/nios2eds/bin/gnu/h-x86_64-mingw32/bin/../lib/gcc/nios2-elf/5.3.0/../../../../../H-x86_64-mingw32/nios2-elf/lib\libm.a(lib_a-w_sqrt.o)
                0x0000000004000d48                sqrt
 .text          0x0000000004000e78        0x0 c:/intelfpga_lite/18.1/nios2eds/bin/gnu/h-x86_64-mingw32/bin/../lib/gcc/nios2-elf/5.3.0/../../../../../H-x86_64-mingw32/nios2-elf/lib\libm.a(lib_a-e_atan2.o)
 .text.__ieee754_atan2
                0x0000000004000e78      0x2c0 c:/intelfpga_lite/18.1/nios2eds/bin/gnu/h-x86_64-mingw32/bin/../lib/gcc/nios2-elf/5.3.0/../../../../../H-x86_64-mingw32/nios2-elf/lib\libm.a(lib_a-e_atan2.o)
                0x0000000004000e78                __ieee754_atan2
 .text          0x0000000004001138        0x0 c:/intelfpga_lite/18.1/nios2eds/bin/gnu/h-x86_64-mingw32/bin/../lib/gcc/nios2-elf/5.3.0/../../../../../H-x86_64-mingw32/nios2-elf/lib\libm.a(lib_a-e_sqrt.o)
 .text.__ieee754_sqrt
                0x0000000004001138      0x288 c:/intelfpga_lite/18.1/nios2eds/bin/gnu/h-x86_64-mingw32/bin/../lib/gcc/nios2-elf/5.3.0/../../../../../H-x86_64-mingw32/nios2-elf/lib\libm.a(lib_a-e_sqrt.o)
                0x0000000004001138                __ieee754_sqrt
 .text          0x00000000040013c0        0x0 c:/intelfpga_lite/18.1/nios2eds/bin/gnu/h-x86_64-mingw32/bin/../lib/gcc/nios2-elf/5.3.0/../../../../../H-x86_64-mingw32/nios2-elf/lib\libm.a(lib_a-s_atan.o)
 .text.atan     0x00000000040013c0      0x588 c:/intelfpga_lite/18.1/nios2eds/bin/gnu/h-x86_64-mingw32/bin/../lib/gcc/nios2-elf/5.3.0/../../../../../H-x86_64-mingw32/nios2-elf/lib\libm.a(lib_a-s_atan.o)
                0x00000000040013c0                atan
 .text          0x0000000004001948        0x0 c:/intelfpga_lite/18.1/nios2eds/bin/gnu/h-x86_64-mingw32/bin/../lib/gcc/nios2-elf/5.3.0/../../../../../H-x86_64-mingw32/nios2-elf/lib\libm.a(lib_a-s_fabs.o)
 .text.fabs     0x0000000004001948       0x14 c:/intelfpga_lite/18.1/nios2eds/bin/gnu/h-x86_64-mingw32/bin/../lib/gcc/nios2-elf/5.3.0/../../../../../H-x86_64-mingw32/nios2-elf/lib\libm.a(lib_a-s_fabs.o)
                0x0000000004001948                fabs
 .text          0x000000000400195c        0x0 c:/intelfpga_lite/18.1/nios2eds/bin/gnu/h-x86_64-mingw32/bin/../lib/gcc/nios2-elf/5.3.0/../../../../../H-x86_64-mingw32/nios2-elf/lib\libm.a(lib_a-s_fpclassify.o)
 .text.__fpclassifyd
                0x000000000400195c       0x74 c:/intelfpga_lite/18.1/nios2eds/bin/gnu/h-x86_64-mingw32/bin/../lib/gcc/nios2-elf/5.3.0/../../../../../H-x86_64-mingw32/nios2-elf/lib\libm.a(lib_a-s_fpclassify.o)
                0x000000000400195c                __fpclassifyd
 .text          0x00000000040019d0        0x0 c:/intelfpga_lite/18.1/nios2eds/bin/gnu/h-x86_64-mingw32/bin/../lib/gcc/nios2-elf/5.3.0/../../../../../H-x86_64-mingw32/nios2-elf/lib\libm.a(lib_a-s_lib_ver.o)
 .text          0x00000000040019d0        0x0 c:/intelfpga_lite/18.1/nios2eds/bin/gnu/h-x86_64-mingw32/bin/../lib/gcc/nios2-elf/5.3.0/../../../../../H-x86_64-mingw32/nios2-elf/lib\libm.a(lib_a-s_matherr.o)
 .text.matherr  0x00000000040019d0        0x8 c:/intelfpga_lite/18.1/nios2eds/bin/gnu/h-x86_64-mingw32/bin/../lib/gcc/nios2-elf/5.3.0/../../../../../H-x86_64-mingw32/nios2-elf/lib\libm.a(lib_a-s_matherr.o)
                0x00000000040019d0                matherr
 .text          0x00000000040019d8      0x1b4 c:/intelfpga_lite/18.1/nios2eds/bin/gnu/h-x86_64-mingw32/bin/../lib/gcc/nios2-elf/5.3.0\libgcc.a(lib2-divmod.o)
                0x00000000040019d8                __divsi3
                0x0000000004001a5c                __modsi3
                0x0000000004001ad0                __udivsi3
                0x0000000004001b34                __umodsi3
 .text          0x0000000004001b8c      0x8ac c:/intelfpga_lite/18.1/nios2eds/bin/gnu/h-x86_64-mingw32/bin/../lib/gcc/nios2-elf/5.3.0\libgcc.a(adddf3.o)
                0x0000000004001b8c                __adddf3
 .text          0x0000000004002438      0x8e8 c:/intelfpga_lite/18.1/nios2eds/bin/gnu/h-x86_64-mingw32/bin/../lib/gcc/nios2-elf/5.3.0\libgcc.a(divdf3.o)
                0x0000000004002438                __divdf3
 .text          0x0000000004002d20       0xdc c:/intelfpga_lite/18.1/nios2eds/bin/gnu/h-x86_64-mingw32/bin/../lib/gcc/nios2-elf/5.3.0\libgcc.a(gedf2.o)
                0x0000000004002d20                __gedf2
                0x0000000004002d20                __gtdf2
 .text          0x0000000004002dfc       0xf4 c:/intelfpga_lite/18.1/nios2eds/bin/gnu/h-x86_64-mingw32/bin/../lib/gcc/nios2-elf/5.3.0\libgcc.a(ledf2.o)
                0x0000000004002dfc                __ledf2
                0x0000000004002dfc                __ltdf2
 .text          0x0000000004002ef0      0x718 c:/intelfpga_lite/18.1/nios2eds/bin/gnu/h-x86_64-mingw32/bin/../lib/gcc/nios2-elf/5.3.0\libgcc.a(muldf3.o)
                0x0000000004002ef0                __muldf3
 .text          0x0000000004003608      0x8fc c:/intelfpga_lite/18.1/nios2eds/bin/gnu/h-x86_64-mingw32/bin/../lib/gcc/nios2-elf/5.3.0\libgcc.a(subdf3.o)
                0x0000000004003608                __subdf3
 .text          0x0000000004003f04       0x80 c:/intelfpga_lite/18.1/nios2eds/bin/gnu/h-x86_64-mingw32/bin/../lib/gcc/nios2-elf/5.3.0\libgcc.a(fixdfsi.o)
                0x0000000004003f04                __fixdfsi
 .text          0x0000000004003f84       0xdc c:/intelfpga_lite/18.1/nios2eds/bin/gnu/h-x86_64-mingw32/bin/../lib/gcc/nios2-elf/5.3.0\libgcc.a(floatsidf.o)
                0x0000000004003f84                __floatsidf
 .text          0x0000000004004060       0x64 c:/intelfpga_lite/18.1/nios2eds/bin/gnu/h-x86_64-mingw32/bin/../lib/gcc/nios2-elf/5.3.0\libgcc.a(_clzsi2.o)
                0x0000000004004060                __clzsi2
 .text          0x00000000040040c4        0x0 c:/intelfpga_lite/18.1/nios2eds/bin/gnu/h-x86_64-mingw32/bin/../lib/gcc/nios2-elf/5.3.0\libgcc.a(_clz.o)
 .text          0x00000000040040c4        0x0 c:/intelfpga_lite/18.1/nios2eds/bin/gnu/h-x86_64-mingw32/bin/../lib/gcc/nios2-elf/5.3.0/../../../../../H-x86_64-mingw32/nios2-elf/lib\libsmallc.a(lib_a-errno.o)
 .text.__errno  0x00000000040040c4       0x10 c:/intelfpga_lite/18.1/nios2eds/bin/gnu/h-x86_64-mingw32/bin/../lib/gcc/nios2-elf/5.3.0/../../../../../H-x86_64-mingw32/nios2-elf/lib\libsmallc.a(lib_a-errno.o)
                0x00000000040040c4                __errno
 .text          0x00000000040040d4        0x0 c:/intelfpga_lite/18.1/nios2eds/bin/gnu/h-x86_64-mingw32/bin/../lib/gcc/nios2-elf/5.3.0/../../../../../H-x86_64-mingw32/nios2-elf/lib\libsmallc.a(lib_a-impure.o)
 .text          0x00000000040040d4        0x0 c:/intelfpga_lite/18.1/nios2eds/bin/gnu/h-x86_64-mingw32/bin/../lib/gcc/nios2-elf/5.3.0/../../../../../H-x86_64-mingw32/nios2-elf/lib\libsmallc.a(lib_a-printf.o)
 .text._printf_r
                0x00000000040040d4       0x3c c:/intelfpga_lite/18.1/nios2eds/bin/gnu/h-x86_64-mingw32/bin/../lib/gcc/nios2-elf/5.3.0/../../../../../H-x86_64-mingw32/nios2-elf/lib\libsmallc.a(lib_a-printf.o)
                0x00000000040040d4                _printf_r
 .text.printf   0x0000000004004110       0x4c c:/intelfpga_lite/18.1/nios2eds/bin/gnu/h-x86_64-mingw32/bin/../lib/gcc/nios2-elf/5.3.0/../../../../../H-x86_64-mingw32/nios2-elf/lib\libsmallc.a(lib_a-printf.o)
                0x0000000004004110                printf
 .text          0x000000000400415c        0x0 c:/intelfpga_lite/18.1/nios2eds/bin/gnu/h-x86_64-mingw32/bin/../lib/gcc/nios2-elf/5.3.0/../../../../../H-x86_64-mingw32/nios2-elf/lib\libsmallc.a(lib_a-putchar.o)
 .text._putchar_r
                0x000000000400415c        0x8 c:/intelfpga_lite/18.1/nios2eds/bin/gnu/h-x86_64-mingw32/bin/../lib/gcc/nios2-elf/5.3.0/../../../../../H-x86_64-mingw32/nios2-elf/lib\libsmallc.a(lib_a-putchar.o)
                0x000000000400415c                _putchar_r
 .text.putchar  0x0000000004004164       0x1c c:/intelfpga_lite/18.1/nios2eds/bin/gnu/h-x86_64-mingw32/bin/../lib/gcc/nios2-elf/5.3.0/../../../../../H-x86_64-mingw32/nios2-elf/lib\libsmallc.a(lib_a-putchar.o)
                0x0000000004004164                putchar
 .text          0x0000000004004180        0x0 c:/intelfpga_lite/18.1/nios2eds/bin/gnu/h-x86_64-mingw32/bin/../lib/gcc/nios2-elf/5.3.0/../../../../../H-x86_64-mingw32/nios2-elf/lib\libsmallc.a(lib_a-puts.o)
 .text._puts_r  0x0000000004004180       0x80 c:/intelfpga_lite/18.1/nios2eds/bin/gnu/h-x86_64-mingw32/bin/../lib/gcc/nios2-elf/5.3.0/../../../../../H-x86_64-mingw32/nios2-elf/lib\libsmallc.a(lib_a-puts.o)
                0x0000000004004180                _puts_r
 .text.puts     0x0000000004004200       0x14 c:/intelfpga_lite/18.1/nios2eds/bin/gnu/h-x86_64-mingw32/bin/../lib/gcc/nios2-elf/5.3.0/../../../../../H-x86_64-mingw32/nios2-elf/lib\libsmallc.a(lib_a-puts.o)
                0x0000000004004200                puts
 .text          0x0000000004004214        0x0 c:/intelfpga_lite/18.1/nios2eds/bin/gnu/h-x86_64-mingw32/bin/../lib/gcc/nios2-elf/5.3.0/../../../../../H-x86_64-mingw32/nios2-elf/lib\libsmallc.a(lib_a-strlen.o)
 .text.strlen   0x0000000004004214       0x1c c:/intelfpga_lite/18.1/nios2eds/bin/gnu/h-x86_64-mingw32/bin/../lib/gcc/nios2-elf/5.3.0/../../../../../H-x86_64-mingw32/nios2-elf/lib\libsmallc.a(lib_a-strlen.o)
                0x0000000004004214                strlen
 .text          0x0000000004004230        0x0 c:/intelfpga_lite/18.1/nios2eds/bin/gnu/h-x86_64-mingw32/bin/../lib/gcc/nios2-elf/5.3.0/../../../../../H-x86_64-mingw32/nios2-elf/lib\libsmallc.a(lib_a-vfprintf.o)
 .text.print_repeat
                0x0000000004004230       0x6c c:/intelfpga_lite/18.1/nios2eds/bin/gnu/h-x86_64-mingw32/bin/../lib/gcc/nios2-elf/5.3.0/../../../../../H-x86_64-mingw32/nios2-elf/lib\libsmallc.a(lib_a-vfprintf.o)
 .text.___vfprintf_internal_r
                0x000000000400429c      0x524 c:/intelfpga_lite/18.1/nios2eds/bin/gnu/h-x86_64-mingw32/bin/../lib/gcc/nios2-elf/5.3.0/../../../../../H-x86_64-mingw32/nios2-elf/lib\libsmallc.a(lib_a-vfprintf.o)
                0x000000000400429c                ___vfprintf_internal_r
 .text.__vfprintf_internal
                0x00000000040047c0       0x1c c:/intelfpga_lite/18.1/nios2eds/bin/gnu/h-x86_64-mingw32/bin/../lib/gcc/nios2-elf/5.3.0/../../../../../H-x86_64-mingw32/nios2-elf/lib\libsmallc.a(lib_a-vfprintf.o)
                0x00000000040047c0                __vfprintf_internal
 .text          0x00000000040047dc        0x0 c:/intelfpga_lite/18.1/nios2eds/bin/gnu/h-x86_64-mingw32/bin/../lib/gcc/nios2-elf/5.3.0/../../../../../H-x86_64-mingw32/nios2-elf/lib\libsmallc.a(lib_a-fvwrite_small_dev.o)
 .text.__sfvwrite_small_dev
                0x00000000040047dc       0xb8 c:/intelfpga_lite/18.1/nios2eds/bin/gnu/h-x86_64-mingw32/bin/../lib/gcc/nios2-elf/5.3.0/../../../../../H-x86_64-mingw32/nios2-elf/lib\libsmallc.a(lib_a-fvwrite_small_dev.o)
                0x00000000040047dc                __sfvwrite_small_dev
 .text          0x0000000004004894        0x0 c:/intelfpga_lite/18.1/nios2eds/bin/gnu/h-x86_64-mingw32/bin/../lib/gcc/nios2-elf/5.3.0/../../../../../H-x86_64-mingw32/nios2-elf/lib\libsmallc.a(lib_a-putc.o)
 .text.putc     0x0000000004004894       0x54 c:/intelfpga_lite/18.1/nios2eds/bin/gnu/h-x86_64-mingw32/bin/../lib/gcc/nios2-elf/5.3.0/../../../../../H-x86_64-mingw32/nios2-elf/lib\libsmallc.a(lib_a-putc.o)
                0x0000000004004894                putc
 .text._putc_r  0x00000000040048e8       0x58 c:/intelfpga_lite/18.1/nios2eds/bin/gnu/h-x86_64-mingw32/bin/../lib/gcc/nios2-elf/5.3.0/../../../../../H-x86_64-mingw32/nios2-elf/lib\libsmallc.a(lib_a-putc.o)
                0x00000000040048e8                _putc_r
 .text          0x0000000004004940        0x0 c:/intelfpga_lite/18.1/nios2eds/bin/gnu/h-x86_64-mingw32/bin/../lib/gcc/nios2-elf/5.3.0/../../../../../H-x86_64-mingw32/nios2-elf/lib\libsmallc.a(lib_a-writer.o)
 .text._write_r
                0x0000000004004940       0x58 c:/intelfpga_lite/18.1/nios2eds/bin/gnu/h-x86_64-mingw32/bin/../lib/gcc/nios2-elf/5.3.0/../../../../../H-x86_64-mingw32/nios2-elf/lib\libsmallc.a(lib_a-writer.o)
                0x0000000004004940                _write_r
 .text          0x0000000004004998        0x0 c:/intelfpga_lite/18.1/nios2eds/bin/gnu/h-x86_64-mingw32/bin/../lib/gcc/nios2-elf/5.3.0/../../../../../H-x86_64-mingw32/nios2-elf/lib\libsmallc.a(lib_a-int_errno.o)
 .text          0x0000000004004998       0xe0 ../Milestone1v4_bsp/\libhal_bsp.a(alt_load.o)
                0x0000000004004998                alt_load
 .text          0x0000000004004a78       0x2c ../Milestone1v4_bsp/\libhal_bsp.a(alt_main.o)
                0x0000000004004a78                alt_main
 .text          0x0000000004004aa4      0x170 ../Milestone1v4_bsp/\libhal_bsp.a(alt_printf.o)
                0x0000000004004aa4                alt_printf
 .text          0x0000000004004c14       0x48 ../Milestone1v4_bsp/\libhal_bsp.a(alt_putchar.o)
                0x0000000004004c14                alt_putchar
 .text          0x0000000004004c5c       0x38 ../Milestone1v4_bsp/\libhal_bsp.a(alt_putstr.o)
                0x0000000004004c5c                alt_putstr
 .text          0x0000000004004c94        0x4 ../Milestone1v4_bsp/\libhal_bsp.a(alt_usleep.o)
                0x0000000004004c94                usleep
 .text          0x0000000004004c98       0x60 ../Milestone1v4_bsp/\libhal_bsp.a(alt_write.o)
                0x0000000004004c98                write
 .text          0x0000000004004cf8      0x108 ../Milestone1v4_bsp/\libhal_bsp.a(alt_sys_init.o)
                0x0000000004004cf8                alt_irq_init
                0x0000000004004d18                alt_sys_init
 .text          0x0000000004004e00       0x34 ../Milestone1v4_bsp/\libhal_bsp.a(altera_avalon_jtag_uart_write.o)
                0x0000000004004e00                altera_avalon_jtag_uart_write
 .text          0x0000000004004e34      0x160 ../Milestone1v4_bsp/\libhal_bsp.a(altera_up_avalon_accelerometer_spi.o)
                0x0000000004004e34                alt_up_accelerometer_spi_open_dev
                0x0000000004004e3c                alt_up_accelerometer_spi_read_address_register
                0x0000000004004e50                alt_up_accelerometer_spi_read
                0x0000000004004e70                alt_up_accelerometer_spi_write
                0x0000000004004e8c                alt_up_accelerometer_spi_read_x_axis
                0x0000000004004ee4                alt_up_accelerometer_spi_read_y_axis
                0x0000000004004f3c                alt_up_accelerometer_spi_read_z_axis
 .text          0x0000000004004f94       0x78 ../Milestone1v4_bsp/\libhal_bsp.a(alt_busy_sleep.o)
                0x0000000004004f94                alt_busy_sleep
 .text          0x000000000400500c       0x18 ../Milestone1v4_bsp/\libhal_bsp.a(alt_dcache_flush_all.o)
                0x000000000400500c                alt_dcache_flush_all
 .text          0x0000000004005024        0x8 ../Milestone1v4_bsp/\libhal_bsp.a(alt_dev.o)
 .text          0x000000000400502c       0x6c ../Milestone1v4_bsp/\libhal_bsp.a(alt_dev_llist_insert.o)
                0x000000000400502c                alt_dev_llist_insert
 .text          0x0000000004005098        0x0 ../Milestone1v4_bsp/\libhal_bsp.a(alt_errno.o)
 .text          0x0000000004005098       0x74 ../Milestone1v4_bsp/\libhal_bsp.a(alt_find_dev.o)
                0x0000000004005098                alt_find_dev
 .text          0x000000000400510c        0xc ../Milestone1v4_bsp/\libhal_bsp.a(alt_icache_flush_all.o)
                0x000000000400510c                alt_icache_flush_all
 .text          0x0000000004005118        0x8 ../Milestone1v4_bsp/\libhal_bsp.a(altera_nios2_gen2_irq.o)
                0x0000000004005118                altera_nios2_gen2_irq_init
 .text          0x0000000004005120       0x38 ../Milestone1v4_bsp/\libhal_bsp.a(alt_icache_flush.o)
                0x0000000004005120                alt_icache_flush
 .text          0x0000000004005158        0x0 c:/intelfpga_lite/18.1/nios2eds/bin/gnu/h-x86_64-mingw32/bin/../lib/gcc/nios2-elf/5.3.0/../../../../../H-x86_64-mingw32/nios2-elf/lib\libsmallc.a(lib_a-memcmp.o)
 .text.memcmp   0x0000000004005158       0x30 c:/intelfpga_lite/18.1/nios2eds/bin/gnu/h-x86_64-mingw32/bin/../lib/gcc/nios2-elf/5.3.0/../../../../../H-x86_64-mingw32/nios2-elf/lib\libsmallc.a(lib_a-memcmp.o)
                0x0000000004005158                memcmp
 *(.gnu.warning.*)
 *(.fini)
                [!provide]                        PROVIDE (__etext, ABSOLUTE (.))
                [!provide]                        PROVIDE (_etext, ABSOLUTE (.))
                [!provide]                        PROVIDE (etext, ABSOLUTE (.))
 *(.eh_frame_hdr)
                0x0000000004005188                . = ALIGN (0x4)
                [!provide]                        PROVIDE (__preinit_array_start, ABSOLUTE (.))
 *(.preinit_array)
                [!provide]                        PROVIDE (__preinit_array_end, ABSOLUTE (.))
                [!provide]                        PROVIDE (__init_array_start, ABSOLUTE (.))
 *(.init_array)
                [!provide]                        PROVIDE (__init_array_end, ABSOLUTE (.))
                [!provide]                        PROVIDE (__fini_array_start, ABSOLUTE (.))
 *(.fini_array)
                [!provide]                        PROVIDE (__fini_array_end, ABSOLUTE (.))
 *(.eh_frame)
 *(.gcc_except_table .gcc_except_table.*)
 *(.dynamic)
                [!provide]                        PROVIDE (__CTOR_LIST__, ABSOLUTE (.))
 *(.ctors)
 *(SORT(.ctors.*))
                [!provide]                        PROVIDE (__CTOR_END__, ABSOLUTE (.))
                [!provide]                        PROVIDE (__DTOR_LIST__, ABSOLUTE (.))
 *(.dtors)
 *(SORT(.dtors.*))
                [!provide]                        PROVIDE (__DTOR_END__, ABSOLUTE (.))
 *(.jcr)
                0x0000000004005188                . = ALIGN (0x4)

.reset          0x0000000004005188       0x10
 .reset         0x0000000004005188       0x10 obj/default/exception_handler.o
                0x0000000004005188                the_reset

.rodata         0x0000000004005198      0x364
                0x0000000004005198                PROVIDE (__ram_rodata_start, ABSOLUTE (.))
                0x0000000004005198                . = ALIGN (0x4)
 *(.rodata .rodata.* .gnu.linkonce.r.*)
 .rodata.str1.4
                0x0000000004005198       0x97 obj/default/accelerometer.o
                                         0x9b (size before relaxing)
 *fill*         0x000000000400522f        0x1 
 .rodata.str1.4
                0x0000000004005230        0xe obj/default/exception_handler.o
 .rodata        0x000000000400523e       0x5b obj/default/hex.o
 *fill*         0x0000000004005299        0x3 
 .rodata.str1.4
                0x000000000400529c       0xd9 obj/default/main.o
                                        0x11d (size before relaxing)
 *fill*         0x0000000004005375        0x3 
 .rodata        0x0000000004005378        0xf obj/default/main.o
                0x0000000004005378                tx_message
 *fill*         0x0000000004005387        0x1 
 .rodata.str1.4
                0x0000000004005388        0x5 c:/intelfpga_lite/18.1/nios2eds/bin/gnu/h-x86_64-mingw32/bin/../lib/gcc/nios2-elf/5.3.0/../../../../../H-x86_64-mingw32/nios2-elf/lib\libm.a(lib_a-w_sqrt.o)
 *fill*         0x000000000400538d        0x3 
 .rodata.atanlo
                0x0000000004005390       0x20 c:/intelfpga_lite/18.1/nios2eds/bin/gnu/h-x86_64-mingw32/bin/../lib/gcc/nios2-elf/5.3.0/../../../../../H-x86_64-mingw32/nios2-elf/lib\libm.a(lib_a-s_atan.o)
 .rodata.atanhi
                0x00000000040053b0       0x20 c:/intelfpga_lite/18.1/nios2eds/bin/gnu/h-x86_64-mingw32/bin/../lib/gcc/nios2-elf/5.3.0/../../../../../H-x86_64-mingw32/nios2-elf/lib\libm.a(lib_a-s_atan.o)
 .rodata        0x00000000040053d0      0x100 c:/intelfpga_lite/18.1/nios2eds/bin/gnu/h-x86_64-mingw32/bin/../lib/gcc/nios2-elf/5.3.0\libgcc.a(_clz.o)
                0x00000000040053d0                __clz_tab
 .rodata.str1.4
                0x00000000040054d0        0x2 c:/intelfpga_lite/18.1/nios2eds/bin/gnu/h-x86_64-mingw32/bin/../lib/gcc/nios2-elf/5.3.0/../../../../../H-x86_64-mingw32/nios2-elf/lib\libsmallc.a(lib_a-puts.o)
 .rodata.str1.4
                0x00000000040054d0       0x1e ../Milestone1v4_bsp/\libhal_bsp.a(alt_sys_init.o)
                                         0x39 (size before relaxing)
 *fill*         0x00000000040054ee        0x2 
 .rodata.str1.4
                0x00000000040054f0        0xc ../Milestone1v4_bsp/\libhal_bsp.a(alt_dev.o)
                                          0xa (size before relaxing)
 *(.rodata1)
                0x00000000040054fc                . = ALIGN (0x4)
                0x00000000040054fc                PROVIDE (__ram_rodata_end, ABSOLUTE (.))
                0x0000000004005198                PROVIDE (__flash_rodata_start, LOADADDR (.rodata))

.rwdata         0x00000000040054fc      0x244 load address 0x0000000004005740
                0x00000000040054fc                PROVIDE (__ram_rwdata_start, ABSOLUTE (.))
                0x00000000040054fc                . = ALIGN (0x4)
 *(.got.plt)
 *(.got)
 *(.data1)
 *(.data .data.* .gnu.linkonce.d.*)
 .data          0x00000000040054fc        0x0 ../Milestone1v4_bsp//obj/HAL/src/crt0.o
 .data          0x00000000040054fc        0x0 obj/default/accelerometer.o
 .data          0x00000000040054fc        0x0 obj/default/exception_handler.o
 .data          0x00000000040054fc        0x0 obj/default/hex.o
 .data          0x00000000040054fc        0x0 obj/default/main.o
 .data          0x00000000040054fc        0x0 c:/intelfpga_lite/18.1/nios2eds/bin/gnu/h-x86_64-mingw32/bin/../lib/gcc/nios2-elf/5.3.0/../../../../../H-x86_64-mingw32/nios2-elf/lib\libm.a(lib_a-w_atan2.o)
 .data          0x00000000040054fc        0x0 c:/intelfpga_lite/18.1/nios2eds/bin/gnu/h-x86_64-mingw32/bin/../lib/gcc/nios2-elf/5.3.0/../../../../../H-x86_64-mingw32/nios2-elf/lib\libm.a(lib_a-w_sqrt.o)
 .data          0x00000000040054fc        0x0 c:/intelfpga_lite/18.1/nios2eds/bin/gnu/h-x86_64-mingw32/bin/../lib/gcc/nios2-elf/5.3.0/../../../../../H-x86_64-mingw32/nios2-elf/lib\libm.a(lib_a-e_atan2.o)
 .data          0x00000000040054fc        0x0 c:/intelfpga_lite/18.1/nios2eds/bin/gnu/h-x86_64-mingw32/bin/../lib/gcc/nios2-elf/5.3.0/../../../../../H-x86_64-mingw32/nios2-elf/lib\libm.a(lib_a-e_sqrt.o)
 .data          0x00000000040054fc        0x0 c:/intelfpga_lite/18.1/nios2eds/bin/gnu/h-x86_64-mingw32/bin/../lib/gcc/nios2-elf/5.3.0/../../../../../H-x86_64-mingw32/nios2-elf/lib\libm.a(lib_a-s_atan.o)
 .data          0x00000000040054fc        0x0 c:/intelfpga_lite/18.1/nios2eds/bin/gnu/h-x86_64-mingw32/bin/../lib/gcc/nios2-elf/5.3.0/../../../../../H-x86_64-mingw32/nios2-elf/lib\libm.a(lib_a-s_fabs.o)
 .data          0x00000000040054fc        0x0 c:/intelfpga_lite/18.1/nios2eds/bin/gnu/h-x86_64-mingw32/bin/../lib/gcc/nios2-elf/5.3.0/../../../../../H-x86_64-mingw32/nios2-elf/lib\libm.a(lib_a-s_fpclassify.o)
 .data          0x00000000040054fc        0x0 c:/intelfpga_lite/18.1/nios2eds/bin/gnu/h-x86_64-mingw32/bin/../lib/gcc/nios2-elf/5.3.0/../../../../../H-x86_64-mingw32/nios2-elf/lib\libm.a(lib_a-s_lib_ver.o)
 .data          0x00000000040054fc        0x0 c:/intelfpga_lite/18.1/nios2eds/bin/gnu/h-x86_64-mingw32/bin/../lib/gcc/nios2-elf/5.3.0/../../../../../H-x86_64-mingw32/nios2-elf/lib\libm.a(lib_a-s_matherr.o)
 .data          0x00000000040054fc        0x0 c:/intelfpga_lite/18.1/nios2eds/bin/gnu/h-x86_64-mingw32/bin/../lib/gcc/nios2-elf/5.3.0\libgcc.a(lib2-divmod.o)
 .data          0x00000000040054fc        0x0 c:/intelfpga_lite/18.1/nios2eds/bin/gnu/h-x86_64-mingw32/bin/../lib/gcc/nios2-elf/5.3.0\libgcc.a(adddf3.o)
 .data          0x00000000040054fc        0x0 c:/intelfpga_lite/18.1/nios2eds/bin/gnu/h-x86_64-mingw32/bin/../lib/gcc/nios2-elf/5.3.0\libgcc.a(divdf3.o)
 .data          0x00000000040054fc        0x0 c:/intelfpga_lite/18.1/nios2eds/bin/gnu/h-x86_64-mingw32/bin/../lib/gcc/nios2-elf/5.3.0\libgcc.a(gedf2.o)
 .data          0x00000000040054fc        0x0 c:/intelfpga_lite/18.1/nios2eds/bin/gnu/h-x86_64-mingw32/bin/../lib/gcc/nios2-elf/5.3.0\libgcc.a(ledf2.o)
 .data          0x00000000040054fc        0x0 c:/intelfpga_lite/18.1/nios2eds/bin/gnu/h-x86_64-mingw32/bin/../lib/gcc/nios2-elf/5.3.0\libgcc.a(muldf3.o)
 .data          0x00000000040054fc        0x0 c:/intelfpga_lite/18.1/nios2eds/bin/gnu/h-x86_64-mingw32/bin/../lib/gcc/nios2-elf/5.3.0\libgcc.a(subdf3.o)
 .data          0x00000000040054fc        0x0 c:/intelfpga_lite/18.1/nios2eds/bin/gnu/h-x86_64-mingw32/bin/../lib/gcc/nios2-elf/5.3.0\libgcc.a(fixdfsi.o)
 .data          0x00000000040054fc        0x0 c:/intelfpga_lite/18.1/nios2eds/bin/gnu/h-x86_64-mingw32/bin/../lib/gcc/nios2-elf/5.3.0\libgcc.a(floatsidf.o)
 .data          0x00000000040054fc        0x0 c:/intelfpga_lite/18.1/nios2eds/bin/gnu/h-x86_64-mingw32/bin/../lib/gcc/nios2-elf/5.3.0\libgcc.a(_clzsi2.o)
 .data          0x00000000040054fc        0x0 c:/intelfpga_lite/18.1/nios2eds/bin/gnu/h-x86_64-mingw32/bin/../lib/gcc/nios2-elf/5.3.0\libgcc.a(_clz.o)
 .data          0x00000000040054fc        0x0 c:/intelfpga_lite/18.1/nios2eds/bin/gnu/h-x86_64-mingw32/bin/../lib/gcc/nios2-elf/5.3.0/../../../../../H-x86_64-mingw32/nios2-elf/lib\libsmallc.a(lib_a-errno.o)
 .data          0x00000000040054fc        0x0 c:/intelfpga_lite/18.1/nios2eds/bin/gnu/h-x86_64-mingw32/bin/../lib/gcc/nios2-elf/5.3.0/../../../../../H-x86_64-mingw32/nios2-elf/lib\libsmallc.a(lib_a-impure.o)
 .data.impure_data
                0x00000000040054fc       0xe0 c:/intelfpga_lite/18.1/nios2eds/bin/gnu/h-x86_64-mingw32/bin/../lib/gcc/nios2-elf/5.3.0/../../../../../H-x86_64-mingw32/nios2-elf/lib\libsmallc.a(lib_a-impure.o)
 .data          0x00000000040055dc        0x0 c:/intelfpga_lite/18.1/nios2eds/bin/gnu/h-x86_64-mingw32/bin/../lib/gcc/nios2-elf/5.3.0/../../../../../H-x86_64-mingw32/nios2-elf/lib\libsmallc.a(lib_a-printf.o)
 .data          0x00000000040055dc        0x0 c:/intelfpga_lite/18.1/nios2eds/bin/gnu/h-x86_64-mingw32/bin/../lib/gcc/nios2-elf/5.3.0/../../../../../H-x86_64-mingw32/nios2-elf/lib\libsmallc.a(lib_a-putchar.o)
 .data          0x00000000040055dc        0x0 c:/intelfpga_lite/18.1/nios2eds/bin/gnu/h-x86_64-mingw32/bin/../lib/gcc/nios2-elf/5.3.0/../../../../../H-x86_64-mingw32/nios2-elf/lib\libsmallc.a(lib_a-puts.o)
 .data          0x00000000040055dc        0x0 c:/intelfpga_lite/18.1/nios2eds/bin/gnu/h-x86_64-mingw32/bin/../lib/gcc/nios2-elf/5.3.0/../../../../../H-x86_64-mingw32/nios2-elf/lib\libsmallc.a(lib_a-strlen.o)
 .data          0x00000000040055dc        0x0 c:/intelfpga_lite/18.1/nios2eds/bin/gnu/h-x86_64-mingw32/bin/../lib/gcc/nios2-elf/5.3.0/../../../../../H-x86_64-mingw32/nios2-elf/lib\libsmallc.a(lib_a-vfprintf.o)
 .data          0x00000000040055dc        0x0 c:/intelfpga_lite/18.1/nios2eds/bin/gnu/h-x86_64-mingw32/bin/../lib/gcc/nios2-elf/5.3.0/../../../../../H-x86_64-mingw32/nios2-elf/lib\libsmallc.a(lib_a-fvwrite_small_dev.o)
 .data          0x00000000040055dc        0x0 c:/intelfpga_lite/18.1/nios2eds/bin/gnu/h-x86_64-mingw32/bin/../lib/gcc/nios2-elf/5.3.0/../../../../../H-x86_64-mingw32/nios2-elf/lib\libsmallc.a(lib_a-putc.o)
 .data          0x00000000040055dc        0x0 c:/intelfpga_lite/18.1/nios2eds/bin/gnu/h-x86_64-mingw32/bin/../lib/gcc/nios2-elf/5.3.0/../../../../../H-x86_64-mingw32/nios2-elf/lib\libsmallc.a(lib_a-writer.o)
 .data          0x00000000040055dc        0x0 c:/intelfpga_lite/18.1/nios2eds/bin/gnu/h-x86_64-mingw32/bin/../lib/gcc/nios2-elf/5.3.0/../../../../../H-x86_64-mingw32/nios2-elf/lib\libsmallc.a(lib_a-int_errno.o)
 .data          0x00000000040055dc        0x0 ../Milestone1v4_bsp/\libhal_bsp.a(alt_load.o)
 .data          0x00000000040055dc        0x0 ../Milestone1v4_bsp/\libhal_bsp.a(alt_main.o)
 .data          0x00000000040055dc        0x0 ../Milestone1v4_bsp/\libhal_bsp.a(alt_printf.o)
 .data          0x00000000040055dc        0x0 ../Milestone1v4_bsp/\libhal_bsp.a(alt_putchar.o)
 .data          0x00000000040055dc        0x0 ../Milestone1v4_bsp/\libhal_bsp.a(alt_putstr.o)
 .data          0x00000000040055dc        0x0 ../Milestone1v4_bsp/\libhal_bsp.a(alt_usleep.o)
 .data          0x00000000040055dc        0x0 ../Milestone1v4_bsp/\libhal_bsp.a(alt_write.o)
 .data          0x00000000040055dc       0x80 ../Milestone1v4_bsp/\libhal_bsp.a(alt_sys_init.o)
 .data          0x000000000400565c        0x0 ../Milestone1v4_bsp/\libhal_bsp.a(altera_avalon_jtag_uart_write.o)
 .data          0x000000000400565c        0x0 ../Milestone1v4_bsp/\libhal_bsp.a(altera_up_avalon_accelerometer_spi.o)
 .data          0x000000000400565c        0x0 ../Milestone1v4_bsp/\libhal_bsp.a(alt_busy_sleep.o)
 .data          0x000000000400565c        0x0 ../Milestone1v4_bsp/\libhal_bsp.a(alt_dcache_flush_all.o)
 .data          0x000000000400565c       0x58 ../Milestone1v4_bsp/\libhal_bsp.a(alt_dev.o)
                0x000000000400565c                alt_fd_list
                0x000000000400568c                alt_dev_null
 .data          0x00000000040056b4        0x0 ../Milestone1v4_bsp/\libhal_bsp.a(alt_dev_llist_insert.o)
 .data          0x00000000040056b4        0x0 ../Milestone1v4_bsp/\libhal_bsp.a(alt_errno.o)
 .data          0x00000000040056b4        0x0 ../Milestone1v4_bsp/\libhal_bsp.a(alt_find_dev.o)
 .data          0x00000000040056b4        0x0 ../Milestone1v4_bsp/\libhal_bsp.a(alt_icache_flush_all.o)
 .data          0x00000000040056b4        0x0 ../Milestone1v4_bsp/\libhal_bsp.a(altera_nios2_gen2_irq.o)
 .data          0x00000000040056b4        0x0 ../Milestone1v4_bsp/\libhal_bsp.a(alt_icache_flush.o)
 .data          0x00000000040056b4        0x0 c:/intelfpga_lite/18.1/nios2eds/bin/gnu/h-x86_64-mingw32/bin/../lib/gcc/nios2-elf/5.3.0/../../../../../H-x86_64-mingw32/nios2-elf/lib\libsmallc.a(lib_a-memcmp.o)
                0x000000000400d6b4                _gp = ABSOLUTE ((. + 0x8000))
                [!provide]                        PROVIDE (gp, _gp)
 *(.rwdata .rwdata.*)
 *(.sdata .sdata.* .gnu.linkonce.s.*)
 .sdata         0x00000000040056b4       0x60 obj/default/main.o
                0x00000000040056b4                SPI_SS
                0x00000000040056b8                SPI_Control
                0x00000000040056bc                SPI_Status
                0x00000000040056c0                SPI_TxData
                0x00000000040056c4                SPI_RxData
                0x00000000040056c8                red_LED
                0x00000000040056cc                yellow_LED
                0x00000000040056d0                green_LED
                0x00000000040056d4                speaker
                0x00000000040056d8                Counter_EdgeCap
                0x00000000040056dc                Counter_IRQMask
                0x00000000040056e0                UART_control
                0x00000000040056e4                UART_status
                0x00000000040056e8                UART_txdata
                0x00000000040056ec                UART
                0x00000000040056f0                InPort_SW
                0x00000000040056f4                OutPort_HEX012
                0x00000000040056f8                OutPort_HEX345
                0x00000000040056fc                GPIO2_Port
                0x0000000004005700                InPort_KEY1
                0x0000000004005704                InPort_KEY0
                0x0000000004005708                InPort_COUNTER
                0x000000000400570c                OutPort_LED8
                0x0000000004005710                OutPort_LEDR
 .sdata.__fdlib_version
                0x0000000004005714        0x4 c:/intelfpga_lite/18.1/nios2eds/bin/gnu/h-x86_64-mingw32/bin/../lib/gcc/nios2-elf/5.3.0/../../../../../H-x86_64-mingw32/nios2-elf/lib\libm.a(lib_a-s_lib_ver.o)
                0x0000000004005714                __fdlib_version
 .sdata._global_impure_ptr
                0x0000000004005718        0x4 c:/intelfpga_lite/18.1/nios2eds/bin/gnu/h-x86_64-mingw32/bin/../lib/gcc/nios2-elf/5.3.0/../../../../../H-x86_64-mingw32/nios2-elf/lib\libsmallc.a(lib_a-impure.o)
                0x0000000004005718                _global_impure_ptr
 .sdata._impure_ptr
                0x000000000400571c        0x4 c:/intelfpga_lite/18.1/nios2eds/bin/gnu/h-x86_64-mingw32/bin/../lib/gcc/nios2-elf/5.3.0/../../../../../H-x86_64-mingw32/nios2-elf/lib\libsmallc.a(lib_a-impure.o)
                0x000000000400571c                _impure_ptr
 .sdata         0x0000000004005720        0x8 ../Milestone1v4_bsp/\libhal_bsp.a(alt_sys_init.o)
                0x0000000004005720                uart_0
                0x0000000004005724                jtag_uart_0
 .sdata         0x0000000004005728       0x14 ../Milestone1v4_bsp/\libhal_bsp.a(alt_dev.o)
                0x0000000004005728                alt_max_fd
                0x000000000400572c                alt_dev_list
                0x0000000004005734                alt_fs_list
 .sdata         0x000000000400573c        0x4 ../Milestone1v4_bsp/\libhal_bsp.a(alt_errno.o)
                0x000000000400573c                alt_errno
 *(.sdata2 .sdata2.* .gnu.linkonce.s2.*)
                0x0000000004005740                . = ALIGN (0x4)
                0x0000000004005740                _edata = ABSOLUTE (.)
                [!provide]                        PROVIDE (edata, ABSOLUTE (.))
                0x0000000004005740                PROVIDE (__ram_rwdata_end, ABSOLUTE (.))
                0x0000000004005740                PROVIDE (__flash_rwdata_start, LOADADDR (.rwdata))

.bss            0x0000000004005984       0x78
                0x0000000004005984                __bss_start = ABSOLUTE (.)
                [!provide]                        PROVIDE (__sbss_start, ABSOLUTE (.))
                [!provide]                        PROVIDE (___sbss_start, ABSOLUTE (.))
 *(.dynsbss)
 *(.sbss .sbss.* .gnu.linkonce.sb.*)
 .sbss          0x0000000004005984        0xc obj/default/accelerometer.o
 .sbss          0x0000000004005990       0x10 obj/default/accelerometer.o
                0x0000000004005990                z_axis
                0x0000000004005994                accel
                0x0000000004005998                x_axis
                0x000000000400599c                y_axis
 .sbss          0x00000000040059a0       0x2c obj/default/main.o
                0x00000000040059a0                hex_buf
                0x00000000040059a8                beepOn
                0x00000000040059ac                debug_raw
                0x00000000040059b0                debug_ready
                0x00000000040059b4                debug_char
                0x00000000040059b8                rx_ready
                0x00000000040059bc                rx_index
                0x00000000040059c0                ori
                0x00000000040059c4                pitch_deg
                0x00000000040059c8                roll_deg
 .sbss          0x00000000040059cc        0x4 c:/intelfpga_lite/18.1/nios2eds/bin/gnu/h-x86_64-mingw32/bin/../lib/gcc/nios2-elf/5.3.0/../../../../../H-x86_64-mingw32/nios2-elf/lib\libsmallc.a(lib_a-int_errno.o)
                0x00000000040059cc                errno
 .sbss          0x00000000040059d0        0xc ../Milestone1v4_bsp/\libhal_bsp.a(alt_main.o)
                0x00000000040059d0                alt_envp
                0x00000000040059d4                alt_argv
                0x00000000040059d8                alt_argc
 *(.sbss2 .sbss2.* .gnu.linkonce.sb2.*)
 *(.scommon)
                [!provide]                        PROVIDE (__sbss_end, ABSOLUTE (.))
                [!provide]                        PROVIDE (___sbss_end, ABSOLUTE (.))
 *(.dynbss)
 *(.bss .bss.* .gnu.linkonce.b.*)
 .bss           0x00000000040059dc        0x0 ../Milestone1v4_bsp//obj/HAL/src/crt0.o
 .bss           0x00000000040059dc        0x0 obj/default/accelerometer.o
 .bss           0x00000000040059dc        0x0 obj/default/exception_handler.o
 .bss           0x00000000040059dc        0x0 obj/default/hex.o
 .bss           0x00000000040059dc        0x0 obj/default/main.o
 .bss           0x00000000040059dc        0x0 c:/intelfpga_lite/18.1/nios2eds/bin/gnu/h-x86_64-mingw32/bin/../lib/gcc/nios2-elf/5.3.0/../../../../../H-x86_64-mingw32/nios2-elf/lib\libm.a(lib_a-w_atan2.o)
 .bss           0x00000000040059dc        0x0 c:/intelfpga_lite/18.1/nios2eds/bin/gnu/h-x86_64-mingw32/bin/../lib/gcc/nios2-elf/5.3.0/../../../../../H-x86_64-mingw32/nios2-elf/lib\libm.a(lib_a-w_sqrt.o)
 .bss           0x00000000040059dc        0x0 c:/intelfpga_lite/18.1/nios2eds/bin/gnu/h-x86_64-mingw32/bin/../lib/gcc/nios2-elf/5.3.0/../../../../../H-x86_64-mingw32/nios2-elf/lib\libm.a(lib_a-e_atan2.o)
 .bss           0x00000000040059dc        0x0 c:/intelfpga_lite/18.1/nios2eds/bin/gnu/h-x86_64-mingw32/bin/../lib/gcc/nios2-elf/5.3.0/../../../../../H-x86_64-mingw32/nios2-elf/lib\libm.a(lib_a-e_sqrt.o)
 .bss           0x00000000040059dc        0x0 c:/intelfpga_lite/18.1/nios2eds/bin/gnu/h-x86_64-mingw32/bin/../lib/gcc/nios2-elf/5.3.0/../../../../../H-x86_64-mingw32/nios2-elf/lib\libm.a(lib_a-s_atan.o)
 .bss           0x00000000040059dc        0x0 c:/intelfpga_lite/18.1/nios2eds/bin/gnu/h-x86_64-mingw32/bin/../lib/gcc/nios2-elf/5.3.0/../../../../../H-x86_64-mingw32/nios2-elf/lib\libm.a(lib_a-s_fabs.o)
 .bss           0x00000000040059dc        0x0 c:/intelfpga_lite/18.1/nios2eds/bin/gnu/h-x86_64-mingw32/bin/../lib/gcc/nios2-elf/5.3.0/../../../../../H-x86_64-mingw32/nios2-elf/lib\libm.a(lib_a-s_fpclassify.o)
 .bss           0x00000000040059dc        0x0 c:/intelfpga_lite/18.1/nios2eds/bin/gnu/h-x86_64-mingw32/bin/../lib/gcc/nios2-elf/5.3.0/../../../../../H-x86_64-mingw32/nios2-elf/lib\libm.a(lib_a-s_lib_ver.o)
 .bss           0x00000000040059dc        0x0 c:/intelfpga_lite/18.1/nios2eds/bin/gnu/h-x86_64-mingw32/bin/../lib/gcc/nios2-elf/5.3.0/../../../../../H-x86_64-mingw32/nios2-elf/lib\libm.a(lib_a-s_matherr.o)
 .bss           0x00000000040059dc        0x0 c:/intelfpga_lite/18.1/nios2eds/bin/gnu/h-x86_64-mingw32/bin/../lib/gcc/nios2-elf/5.3.0\libgcc.a(lib2-divmod.o)
 .bss           0x00000000040059dc        0x0 c:/intelfpga_lite/18.1/nios2eds/bin/gnu/h-x86_64-mingw32/bin/../lib/gcc/nios2-elf/5.3.0\libgcc.a(adddf3.o)
 .bss           0x00000000040059dc        0x0 c:/intelfpga_lite/18.1/nios2eds/bin/gnu/h-x86_64-mingw32/bin/../lib/gcc/nios2-elf/5.3.0\libgcc.a(divdf3.o)
 .bss           0x00000000040059dc        0x0 c:/intelfpga_lite/18.1/nios2eds/bin/gnu/h-x86_64-mingw32/bin/../lib/gcc/nios2-elf/5.3.0\libgcc.a(gedf2.o)
 .bss           0x00000000040059dc        0x0 c:/intelfpga_lite/18.1/nios2eds/bin/gnu/h-x86_64-mingw32/bin/../lib/gcc/nios2-elf/5.3.0\libgcc.a(ledf2.o)
 .bss           0x00000000040059dc        0x0 c:/intelfpga_lite/18.1/nios2eds/bin/gnu/h-x86_64-mingw32/bin/../lib/gcc/nios2-elf/5.3.0\libgcc.a(muldf3.o)
 .bss           0x00000000040059dc        0x0 c:/intelfpga_lite/18.1/nios2eds/bin/gnu/h-x86_64-mingw32/bin/../lib/gcc/nios2-elf/5.3.0\libgcc.a(subdf3.o)
 .bss           0x00000000040059dc        0x0 c:/intelfpga_lite/18.1/nios2eds/bin/gnu/h-x86_64-mingw32/bin/../lib/gcc/nios2-elf/5.3.0\libgcc.a(fixdfsi.o)
 .bss           0x00000000040059dc        0x0 c:/intelfpga_lite/18.1/nios2eds/bin/gnu/h-x86_64-mingw32/bin/../lib/gcc/nios2-elf/5.3.0\libgcc.a(floatsidf.o)
 .bss           0x00000000040059dc        0x0 c:/intelfpga_lite/18.1/nios2eds/bin/gnu/h-x86_64-mingw32/bin/../lib/gcc/nios2-elf/5.3.0\libgcc.a(_clzsi2.o)
 .bss           0x00000000040059dc        0x0 c:/intelfpga_lite/18.1/nios2eds/bin/gnu/h-x86_64-mingw32/bin/../lib/gcc/nios2-elf/5.3.0\libgcc.a(_clz.o)
 .bss           0x00000000040059dc        0x0 c:/intelfpga_lite/18.1/nios2eds/bin/gnu/h-x86_64-mingw32/bin/../lib/gcc/nios2-elf/5.3.0/../../../../../H-x86_64-mingw32/nios2-elf/lib\libsmallc.a(lib_a-errno.o)
 .bss           0x00000000040059dc        0x0 c:/intelfpga_lite/18.1/nios2eds/bin/gnu/h-x86_64-mingw32/bin/../lib/gcc/nios2-elf/5.3.0/../../../../../H-x86_64-mingw32/nios2-elf/lib\libsmallc.a(lib_a-impure.o)
 .bss           0x00000000040059dc        0x0 c:/intelfpga_lite/18.1/nios2eds/bin/gnu/h-x86_64-mingw32/bin/../lib/gcc/nios2-elf/5.3.0/../../../../../H-x86_64-mingw32/nios2-elf/lib\libsmallc.a(lib_a-printf.o)
 .bss           0x00000000040059dc        0x0 c:/intelfpga_lite/18.1/nios2eds/bin/gnu/h-x86_64-mingw32/bin/../lib/gcc/nios2-elf/5.3.0/../../../../../H-x86_64-mingw32/nios2-elf/lib\libsmallc.a(lib_a-putchar.o)
 .bss           0x00000000040059dc        0x0 c:/intelfpga_lite/18.1/nios2eds/bin/gnu/h-x86_64-mingw32/bin/../lib/gcc/nios2-elf/5.3.0/../../../../../H-x86_64-mingw32/nios2-elf/lib\libsmallc.a(lib_a-puts.o)
 .bss           0x00000000040059dc        0x0 c:/intelfpga_lite/18.1/nios2eds/bin/gnu/h-x86_64-mingw32/bin/../lib/gcc/nios2-elf/5.3.0/../../../../../H-x86_64-mingw32/nios2-elf/lib\libsmallc.a(lib_a-strlen.o)
 .bss           0x00000000040059dc        0x0 c:/intelfpga_lite/18.1/nios2eds/bin/gnu/h-x86_64-mingw32/bin/../lib/gcc/nios2-elf/5.3.0/../../../../../H-x86_64-mingw32/nios2-elf/lib\libsmallc.a(lib_a-vfprintf.o)
 .bss           0x00000000040059dc        0x0 c:/intelfpga_lite/18.1/nios2eds/bin/gnu/h-x86_64-mingw32/bin/../lib/gcc/nios2-elf/5.3.0/../../../../../H-x86_64-mingw32/nios2-elf/lib\libsmallc.a(lib_a-fvwrite_small_dev.o)
 .bss           0x00000000040059dc        0x0 c:/intelfpga_lite/18.1/nios2eds/bin/gnu/h-x86_64-mingw32/bin/../lib/gcc/nios2-elf/5.3.0/../../../../../H-x86_64-mingw32/nios2-elf/lib\libsmallc.a(lib_a-putc.o)
 .bss           0x00000000040059dc        0x0 c:/intelfpga_lite/18.1/nios2eds/bin/gnu/h-x86_64-mingw32/bin/../lib/gcc/nios2-elf/5.3.0/../../../../../H-x86_64-mingw32/nios2-elf/lib\libsmallc.a(lib_a-writer.o)
 .bss           0x00000000040059dc        0x0 c:/intelfpga_lite/18.1/nios2eds/bin/gnu/h-x86_64-mingw32/bin/../lib/gcc/nios2-elf/5.3.0/../../../../../H-x86_64-mingw32/nios2-elf/lib\libsmallc.a(lib_a-int_errno.o)
 .bss           0x00000000040059dc        0x0 ../Milestone1v4_bsp/\libhal_bsp.a(alt_load.o)
 .bss           0x00000000040059dc        0x0 ../Milestone1v4_bsp/\libhal_bsp.a(alt_main.o)
 .bss           0x00000000040059dc        0x0 ../Milestone1v4_bsp/\libhal_bsp.a(alt_printf.o)
 .bss           0x00000000040059dc        0x0 ../Milestone1v4_bsp/\libhal_bsp.a(alt_putchar.o)
 .bss           0x00000000040059dc        0x0 ../Milestone1v4_bsp/\libhal_bsp.a(alt_putstr.o)
 .bss           0x00000000040059dc        0x0 ../Milestone1v4_bsp/\libhal_bsp.a(alt_usleep.o)
 .bss           0x00000000040059dc        0x0 ../Milestone1v4_bsp/\libhal_bsp.a(alt_write.o)
 .bss           0x00000000040059dc        0x0 ../Milestone1v4_bsp/\libhal_bsp.a(alt_sys_init.o)
 .bss           0x00000000040059dc        0x0 ../Milestone1v4_bsp/\libhal_bsp.a(altera_avalon_jtag_uart_write.o)
 .bss           0x00000000040059dc        0x0 ../Milestone1v4_bsp/\libhal_bsp.a(altera_up_avalon_accelerometer_spi.o)
 .bss           0x00000000040059dc        0x0 ../Milestone1v4_bsp/\libhal_bsp.a(alt_busy_sleep.o)
 .bss           0x00000000040059dc        0x0 ../Milestone1v4_bsp/\libhal_bsp.a(alt_dcache_flush_all.o)
 .bss           0x00000000040059dc        0x0 ../Milestone1v4_bsp/\libhal_bsp.a(alt_dev.o)
 .bss           0x00000000040059dc        0x0 ../Milestone1v4_bsp/\libhal_bsp.a(alt_dev_llist_insert.o)
 .bss           0x00000000040059dc        0x0 ../Milestone1v4_bsp/\libhal_bsp.a(alt_errno.o)
 .bss           0x00000000040059dc        0x0 ../Milestone1v4_bsp/\libhal_bsp.a(alt_find_dev.o)
 .bss           0x00000000040059dc        0x0 ../Milestone1v4_bsp/\libhal_bsp.a(alt_icache_flush_all.o)
 .bss           0x00000000040059dc        0x0 ../Milestone1v4_bsp/\libhal_bsp.a(altera_nios2_gen2_irq.o)
 .bss           0x00000000040059dc        0x0 ../Milestone1v4_bsp/\libhal_bsp.a(alt_icache_flush.o)
 .bss           0x00000000040059dc        0x0 c:/intelfpga_lite/18.1/nios2eds/bin/gnu/h-x86_64-mingw32/bin/../lib/gcc/nios2-elf/5.3.0/../../../../../H-x86_64-mingw32/nios2-elf/lib\libsmallc.a(lib_a-memcmp.o)
 *(COMMON)
 COMMON         0x00000000040059dc       0x20 obj/default/main.o
                0x00000000040059dc                rx_buffer
                0x00000000040059fc                . = ALIGN (0x4)
                0x00000000040059fc                __bss_end = ABSOLUTE (.)

.new_sdram_controller_0
                0x00000000040059fc        0x0
                [!provide]                        PROVIDE (_alt_partition_new_sdram_controller_0_start, ABSOLUTE (.))
 *(.new_sdram_controller_0 .new_sdram_controller_0. new_sdram_controller_0.*)
                0x00000000040059fc                . = ALIGN (0x4)
                [!provide]                        PROVIDE (_alt_partition_new_sdram_controller_0_end, ABSOLUTE (.))
                0x00000000040059fc                _end = ABSOLUTE (.)
                0x00000000040059fc                end = ABSOLUTE (.)
                0x00000000040059fc                __alt_stack_base = ABSOLUTE (.)
                [!provide]                        PROVIDE (_alt_partition_new_sdram_controller_0_load_addr, LOADADDR (.new_sdram_controller_0))

.onchip_memory2_0
                0x0000000008020000        0x0 load address 0x00000000040059fc
                [!provide]                        PROVIDE (_alt_partition_onchip_memory2_0_start, ABSOLUTE (.))
 *(.onchip_memory2_0 .onchip_memory2_0. onchip_memory2_0.*)
                0x0000000008020000                . = ALIGN (0x4)
                [!provide]                        PROVIDE (_alt_partition_onchip_memory2_0_end, ABSOLUTE (.))
                [!provide]                        PROVIDE (_alt_partition_onchip_memory2_0_load_addr, LOADADDR (.onchip_memory2_0))

.stab
 *(.stab)

.stabstr
 *(.stabstr)

.stab.excl
 *(.stab.excl)

.stab.exclstr
 *(.stab.exclstr)

.stab.index
 *(.stab.index)

.stab.indexstr
 *(.stab.indexstr)

.comment        0x0000000000000000       0x23
 *(.comment)
 .comment       0x0000000000000000       0x23 obj/default/accelerometer.o
                                         0x24 (size before relaxing)
 .comment       0x0000000000000023       0x24 obj/default/exception_handler.o
 .comment       0x0000000000000023       0x24 obj/default/hex.o
 .comment       0x0000000000000023       0x24 obj/default/main.o
 .comment       0x0000000000000023       0x24 c:/intelfpga_lite/18.1/nios2eds/bin/gnu/h-x86_64-mingw32/bin/../lib/gcc/nios2-elf/5.3.0/../../../../../H-x86_64-mingw32/nios2-elf/lib\libm.a(lib_a-w_atan2.o)
 .comment       0x0000000000000023       0x24 c:/intelfpga_lite/18.1/nios2eds/bin/gnu/h-x86_64-mingw32/bin/../lib/gcc/nios2-elf/5.3.0/../../../../../H-x86_64-mingw32/nios2-elf/lib\libm.a(lib_a-w_sqrt.o)
 .comment       0x0000000000000023       0x24 c:/intelfpga_lite/18.1/nios2eds/bin/gnu/h-x86_64-mingw32/bin/../lib/gcc/nios2-elf/5.3.0/../../../../../H-x86_64-mingw32/nios2-elf/lib\libm.a(lib_a-e_atan2.o)
 .comment       0x0000000000000023       0x24 c:/intelfpga_lite/18.1/nios2eds/bin/gnu/h-x86_64-mingw32/bin/../lib/gcc/nios2-elf/5.3.0/../../../../../H-x86_64-mingw32/nios2-elf/lib\libm.a(lib_a-e_sqrt.o)
 .comment       0x0000000000000023       0x24 c:/intelfpga_lite/18.1/nios2eds/bin/gnu/h-x86_64-mingw32/bin/../lib/gcc/nios2-elf/5.3.0/../../../../../H-x86_64-mingw32/nios2-elf/lib\libm.a(lib_a-s_atan.o)
 .comment       0x0000000000000023       0x24 c:/intelfpga_lite/18.1/nios2eds/bin/gnu/h-x86_64-mingw32/bin/../lib/gcc/nios2-elf/5.3.0/../../../../../H-x86_64-mingw32/nios2-elf/lib\libm.a(lib_a-s_fabs.o)
 .comment       0x0000000000000023       0x24 c:/intelfpga_lite/18.1/nios2eds/bin/gnu/h-x86_64-mingw32/bin/../lib/gcc/nios2-elf/5.3.0/../../../../../H-x86_64-mingw32/nios2-elf/lib\libm.a(lib_a-s_fpclassify.o)
 .comment       0x0000000000000023       0x24 c:/intelfpga_lite/18.1/nios2eds/bin/gnu/h-x86_64-mingw32/bin/../lib/gcc/nios2-elf/5.3.0/../../../../../H-x86_64-mingw32/nios2-elf/lib\libm.a(lib_a-s_lib_ver.o)
 .comment       0x0000000000000023       0x24 c:/intelfpga_lite/18.1/nios2eds/bin/gnu/h-x86_64-mingw32/bin/../lib/gcc/nios2-elf/5.3.0/../../../../../H-x86_64-mingw32/nios2-elf/lib\libm.a(lib_a-s_matherr.o)
 .comment       0x0000000000000023       0x24 c:/intelfpga_lite/18.1/nios2eds/bin/gnu/h-x86_64-mingw32/bin/../lib/gcc/nios2-elf/5.3.0\libgcc.a(lib2-divmod.o)
 .comment       0x0000000000000023       0x24 c:/intelfpga_lite/18.1/nios2eds/bin/gnu/h-x86_64-mingw32/bin/../lib/gcc/nios2-elf/5.3.0\libgcc.a(adddf3.o)
 .comment       0x0000000000000023       0x24 c:/intelfpga_lite/18.1/nios2eds/bin/gnu/h-x86_64-mingw32/bin/../lib/gcc/nios2-elf/5.3.0\libgcc.a(divdf3.o)
 .comment       0x0000000000000023       0x24 c:/intelfpga_lite/18.1/nios2eds/bin/gnu/h-x86_64-mingw32/bin/../lib/gcc/nios2-elf/5.3.0\libgcc.a(gedf2.o)
 .comment       0x0000000000000023       0x24 c:/intelfpga_lite/18.1/nios2eds/bin/gnu/h-x86_64-mingw32/bin/../lib/gcc/nios2-elf/5.3.0\libgcc.a(ledf2.o)
 .comment       0x0000000000000023       0x24 c:/intelfpga_lite/18.1/nios2eds/bin/gnu/h-x86_64-mingw32/bin/../lib/gcc/nios2-elf/5.3.0\libgcc.a(muldf3.o)
 .comment       0x0000000000000023       0x24 c:/intelfpga_lite/18.1/nios2eds/bin/gnu/h-x86_64-mingw32/bin/../lib/gcc/nios2-elf/5.3.0\libgcc.a(subdf3.o)
 .comment       0x0000000000000023       0x24 c:/intelfpga_lite/18.1/nios2eds/bin/gnu/h-x86_64-mingw32/bin/../lib/gcc/nios2-elf/5.3.0\libgcc.a(fixdfsi.o)
 .comment       0x0000000000000023       0x24 c:/intelfpga_lite/18.1/nios2eds/bin/gnu/h-x86_64-mingw32/bin/../lib/gcc/nios2-elf/5.3.0\libgcc.a(floatsidf.o)
 .comment       0x0000000000000023       0x24 c:/intelfpga_lite/18.1/nios2eds/bin/gnu/h-x86_64-mingw32/bin/../lib/gcc/nios2-elf/5.3.0\libgcc.a(_clzsi2.o)
 .comment       0x0000000000000023       0x24 c:/intelfpga_lite/18.1/nios2eds/bin/gnu/h-x86_64-mingw32/bin/../lib/gcc/nios2-elf/5.3.0\libgcc.a(_clz.o)
 .comment       0x0000000000000023       0x24 c:/intelfpga_lite/18.1/nios2eds/bin/gnu/h-x86_64-mingw32/bin/../lib/gcc/nios2-elf/5.3.0/../../../../../H-x86_64-mingw32/nios2-elf/lib\libsmallc.a(lib_a-errno.o)
 .comment       0x0000000000000023       0x24 c:/intelfpga_lite/18.1/nios2eds/bin/gnu/h-x86_64-mingw32/bin/../lib/gcc/nios2-elf/5.3.0/../../../../../H-x86_64-mingw32/nios2-elf/lib\libsmallc.a(lib_a-impure.o)
 .comment       0x0000000000000023       0x24 c:/intelfpga_lite/18.1/nios2eds/bin/gnu/h-x86_64-mingw32/bin/../lib/gcc/nios2-elf/5.3.0/../../../../../H-x86_64-mingw32/nios2-elf/lib\libsmallc.a(lib_a-printf.o)
 .comment       0x0000000000000023       0x24 c:/intelfpga_lite/18.1/nios2eds/bin/gnu/h-x86_64-mingw32/bin/../lib/gcc/nios2-elf/5.3.0/../../../../../H-x86_64-mingw32/nios2-elf/lib\libsmallc.a(lib_a-putchar.o)
 .comment       0x0000000000000023       0x24 c:/intelfpga_lite/18.1/nios2eds/bin/gnu/h-x86_64-mingw32/bin/../lib/gcc/nios2-elf/5.3.0/../../../../../H-x86_64-mingw32/nios2-elf/lib\libsmallc.a(lib_a-puts.o)
 .comment       0x0000000000000023       0x24 c:/intelfpga_lite/18.1/nios2eds/bin/gnu/h-x86_64-mingw32/bin/../lib/gcc/nios2-elf/5.3.0/../../../../../H-x86_64-mingw32/nios2-elf/lib\libsmallc.a(lib_a-strlen.o)
 .comment       0x0000000000000023       0x24 c:/intelfpga_lite/18.1/nios2eds/bin/gnu/h-x86_64-mingw32/bin/../lib/gcc/nios2-elf/5.3.0/../../../../../H-x86_64-mingw32/nios2-elf/lib\libsmallc.a(lib_a-vfprintf.o)
 .comment       0x0000000000000023       0x24 c:/intelfpga_lite/18.1/nios2eds/bin/gnu/h-x86_64-mingw32/bin/../lib/gcc/nios2-elf/5.3.0/../../../../../H-x86_64-mingw32/nios2-elf/lib\libsmallc.a(lib_a-fvwrite_small_dev.o)
 .comment       0x0000000000000023       0x24 c:/intelfpga_lite/18.1/nios2eds/bin/gnu/h-x86_64-mingw32/bin/../lib/gcc/nios2-elf/5.3.0/../../../../../H-x86_64-mingw32/nios2-elf/lib\libsmallc.a(lib_a-putc.o)
 .comment       0x0000000000000023       0x24 c:/intelfpga_lite/18.1/nios2eds/bin/gnu/h-x86_64-mingw32/bin/../lib/gcc/nios2-elf/5.3.0/../../../../../H-x86_64-mingw32/nios2-elf/lib\libsmallc.a(lib_a-writer.o)
 .comment       0x0000000000000023       0x24 c:/intelfpga_lite/18.1/nios2eds/bin/gnu/h-x86_64-mingw32/bin/../lib/gcc/nios2-elf/5.3.0/../../../../../H-x86_64-mingw32/nios2-elf/lib\libsmallc.a(lib_a-int_errno.o)
 .comment       0x0000000000000023       0x24 ../Milestone1v4_bsp/\libhal_bsp.a(alt_load.o)
 .comment       0x0000000000000023       0x24 ../Milestone1v4_bsp/\libhal_bsp.a(alt_main.o)
 .comment       0x0000000000000023       0x24 ../Milestone1v4_bsp/\libhal_bsp.a(alt_printf.o)
 .comment       0x0000000000000023       0x24 ../Milestone1v4_bsp/\libhal_bsp.a(alt_putchar.o)
 .comment       0x0000000000000023       0x24 ../Milestone1v4_bsp/\libhal_bsp.a(alt_putstr.o)
 .comment       0x0000000000000023       0x24 ../Milestone1v4_bsp/\libhal_bsp.a(alt_usleep.o)
 .comment       0x0000000000000023       0x24 ../Milestone1v4_bsp/\libhal_bsp.a(alt_write.o)
 .comment       0x0000000000000023       0x24 ../Milestone1v4_bsp/\libhal_bsp.a(alt_sys_init.o)
 .comment       0x0000000000000023       0x24 ../Milestone1v4_bsp/\libhal_bsp.a(altera_avalon_jtag_uart_write.o)
 .comment       0x0000000000000023       0x24 ../Milestone1v4_bsp/\libhal_bsp.a(altera_up_avalon_accelerometer_spi.o)
 .comment       0x0000000000000023       0x24 ../Milestone1v4_bsp/\libhal_bsp.a(alt_busy_sleep.o)
 .comment       0x0000000000000023       0x24 ../Milestone1v4_bsp/\libhal_bsp.a(alt_dcache_flush_all.o)
 .comment       0x0000000000000023       0x24 ../Milestone1v4_bsp/\libhal_bsp.a(alt_dev.o)
 .comment       0x0000000000000023       0x24 ../Milestone1v4_bsp/\libhal_bsp.a(alt_dev_llist_insert.o)
 .comment       0x0000000000000023       0x24 ../Milestone1v4_bsp/\libhal_bsp.a(alt_errno.o)
 .comment       0x0000000000000023       0x24 ../Milestone1v4_bsp/\libhal_bsp.a(alt_find_dev.o)
 .comment       0x0000000000000023       0x24 ../Milestone1v4_bsp/\libhal_bsp.a(alt_icache_flush_all.o)
 .comment       0x0000000000000023       0x24 ../Milestone1v4_bsp/\libhal_bsp.a(altera_nios2_gen2_irq.o)
 .comment       0x0000000000000023       0x24 ../Milestone1v4_bsp/\libhal_bsp.a(alt_icache_flush.o)
 .comment       0x0000000000000023       0x24 c:/intelfpga_lite/18.1/nios2eds/bin/gnu/h-x86_64-mingw32/bin/../lib/gcc/nios2-elf/5.3.0/../../../../../H-x86_64-mingw32/nios2-elf/lib\libsmallc.a(lib_a-memcmp.o)

.debug
 *(.debug)

.line
 *(.line)

.debug_srcinfo
 *(.debug_srcinfo)

.debug_sfnames
 *(.debug_sfnames)

.debug_aranges  0x0000000000000000      0x728
 *(.debug_aranges)
 .debug_aranges
                0x0000000000000000       0x28 ../Milestone1v4_bsp//obj/HAL/src/crt0.o
 .debug_aranges
                0x0000000000000028       0x20 obj/default/accelerometer.o
 .debug_aranges
                0x0000000000000048       0x30 obj/default/exception_handler.o
 .debug_aranges
                0x0000000000000078       0x20 obj/default/hex.o
 .debug_aranges
                0x0000000000000098       0x28 obj/default/main.o
 .debug_aranges
                0x00000000000000c0       0x20 c:/intelfpga_lite/18.1/nios2eds/bin/gnu/h-x86_64-mingw32/bin/../lib/gcc/nios2-elf/5.3.0/../../../../../H-x86_64-mingw32/nios2-elf/lib\libm.a(lib_a-w_atan2.o)
 .debug_aranges
                0x00000000000000e0       0x20 c:/intelfpga_lite/18.1/nios2eds/bin/gnu/h-x86_64-mingw32/bin/../lib/gcc/nios2-elf/5.3.0/../../../../../H-x86_64-mingw32/nios2-elf/lib\libm.a(lib_a-w_sqrt.o)
 .debug_aranges
                0x0000000000000100       0x20 c:/intelfpga_lite/18.1/nios2eds/bin/gnu/h-x86_64-mingw32/bin/../lib/gcc/nios2-elf/5.3.0/../../../../../H-x86_64-mingw32/nios2-elf/lib\libm.a(lib_a-e_atan2.o)
 .debug_aranges
                0x0000000000000120       0x20 c:/intelfpga_lite/18.1/nios2eds/bin/gnu/h-x86_64-mingw32/bin/../lib/gcc/nios2-elf/5.3.0/../../../../../H-x86_64-mingw32/nios2-elf/lib\libm.a(lib_a-e_sqrt.o)
 .debug_aranges
                0x0000000000000140       0x20 c:/intelfpga_lite/18.1/nios2eds/bin/gnu/h-x86_64-mingw32/bin/../lib/gcc/nios2-elf/5.3.0/../../../../../H-x86_64-mingw32/nios2-elf/lib\libm.a(lib_a-s_atan.o)
 .debug_aranges
                0x0000000000000160       0x20 c:/intelfpga_lite/18.1/nios2eds/bin/gnu/h-x86_64-mingw32/bin/../lib/gcc/nios2-elf/5.3.0/../../../../../H-x86_64-mingw32/nios2-elf/lib\libm.a(lib_a-s_fabs.o)
 .debug_aranges
                0x0000000000000180       0x20 c:/intelfpga_lite/18.1/nios2eds/bin/gnu/h-x86_64-mingw32/bin/../lib/gcc/nios2-elf/5.3.0/../../../../../H-x86_64-mingw32/nios2-elf/lib\libm.a(lib_a-s_fpclassify.o)
 .debug_aranges
                0x00000000000001a0       0x18 c:/intelfpga_lite/18.1/nios2eds/bin/gnu/h-x86_64-mingw32/bin/../lib/gcc/nios2-elf/5.3.0/../../../../../H-x86_64-mingw32/nios2-elf/lib\libm.a(lib_a-s_lib_ver.o)
 .debug_aranges
                0x00000000000001b8       0x20 c:/intelfpga_lite/18.1/nios2eds/bin/gnu/h-x86_64-mingw32/bin/../lib/gcc/nios2-elf/5.3.0/../../../../../H-x86_64-mingw32/nios2-elf/lib\libm.a(lib_a-s_matherr.o)
 .debug_aranges
                0x00000000000001d8       0x20 c:/intelfpga_lite/18.1/nios2eds/bin/gnu/h-x86_64-mingw32/bin/../lib/gcc/nios2-elf/5.3.0\libgcc.a(lib2-divmod.o)
 .debug_aranges
                0x00000000000001f8       0x20 c:/intelfpga_lite/18.1/nios2eds/bin/gnu/h-x86_64-mingw32/bin/../lib/gcc/nios2-elf/5.3.0\libgcc.a(adddf3.o)
 .debug_aranges
                0x0000000000000218       0x20 c:/intelfpga_lite/18.1/nios2eds/bin/gnu/h-x86_64-mingw32/bin/../lib/gcc/nios2-elf/5.3.0\libgcc.a(divdf3.o)
 .debug_aranges
                0x0000000000000238       0x20 c:/intelfpga_lite/18.1/nios2eds/bin/gnu/h-x86_64-mingw32/bin/../lib/gcc/nios2-elf/5.3.0\libgcc.a(gedf2.o)
 .debug_aranges
                0x0000000000000258       0x20 c:/intelfpga_lite/18.1/nios2eds/bin/gnu/h-x86_64-mingw32/bin/../lib/gcc/nios2-elf/5.3.0\libgcc.a(ledf2.o)
 .debug_aranges
                0x0000000000000278       0x20 c:/intelfpga_lite/18.1/nios2eds/bin/gnu/h-x86_64-mingw32/bin/../lib/gcc/nios2-elf/5.3.0\libgcc.a(muldf3.o)
 .debug_aranges
                0x0000000000000298       0x20 c:/intelfpga_lite/18.1/nios2eds/bin/gnu/h-x86_64-mingw32/bin/../lib/gcc/nios2-elf/5.3.0\libgcc.a(subdf3.o)
 .debug_aranges
                0x00000000000002b8       0x20 c:/intelfpga_lite/18.1/nios2eds/bin/gnu/h-x86_64-mingw32/bin/../lib/gcc/nios2-elf/5.3.0\libgcc.a(fixdfsi.o)
 .debug_aranges
                0x00000000000002d8       0x20 c:/intelfpga_lite/18.1/nios2eds/bin/gnu/h-x86_64-mingw32/bin/../lib/gcc/nios2-elf/5.3.0\libgcc.a(floatsidf.o)
 .debug_aranges
                0x00000000000002f8       0x20 c:/intelfpga_lite/18.1/nios2eds/bin/gnu/h-x86_64-mingw32/bin/../lib/gcc/nios2-elf/5.3.0\libgcc.a(_clzsi2.o)
 .debug_aranges
                0x0000000000000318       0x18 c:/intelfpga_lite/18.1/nios2eds/bin/gnu/h-x86_64-mingw32/bin/../lib/gcc/nios2-elf/5.3.0\libgcc.a(_clz.o)
 .debug_aranges
                0x0000000000000330       0x20 c:/intelfpga_lite/18.1/nios2eds/bin/gnu/h-x86_64-mingw32/bin/../lib/gcc/nios2-elf/5.3.0/../../../../../H-x86_64-mingw32/nios2-elf/lib\libsmallc.a(lib_a-errno.o)
 .debug_aranges
                0x0000000000000350       0x18 c:/intelfpga_lite/18.1/nios2eds/bin/gnu/h-x86_64-mingw32/bin/../lib/gcc/nios2-elf/5.3.0/../../../../../H-x86_64-mingw32/nios2-elf/lib\libsmallc.a(lib_a-impure.o)
 .debug_aranges
                0x0000000000000368       0x28 c:/intelfpga_lite/18.1/nios2eds/bin/gnu/h-x86_64-mingw32/bin/../lib/gcc/nios2-elf/5.3.0/../../../../../H-x86_64-mingw32/nios2-elf/lib\libsmallc.a(lib_a-printf.o)
 .debug_aranges
                0x0000000000000390       0x28 c:/intelfpga_lite/18.1/nios2eds/bin/gnu/h-x86_64-mingw32/bin/../lib/gcc/nios2-elf/5.3.0/../../../../../H-x86_64-mingw32/nios2-elf/lib\libsmallc.a(lib_a-putchar.o)
 .debug_aranges
                0x00000000000003b8       0x28 c:/intelfpga_lite/18.1/nios2eds/bin/gnu/h-x86_64-mingw32/bin/../lib/gcc/nios2-elf/5.3.0/../../../../../H-x86_64-mingw32/nios2-elf/lib\libsmallc.a(lib_a-puts.o)
 .debug_aranges
                0x00000000000003e0       0x20 c:/intelfpga_lite/18.1/nios2eds/bin/gnu/h-x86_64-mingw32/bin/../lib/gcc/nios2-elf/5.3.0/../../../../../H-x86_64-mingw32/nios2-elf/lib\libsmallc.a(lib_a-strlen.o)
 .debug_aranges
                0x0000000000000400       0x30 c:/intelfpga_lite/18.1/nios2eds/bin/gnu/h-x86_64-mingw32/bin/../lib/gcc/nios2-elf/5.3.0/../../../../../H-x86_64-mingw32/nios2-elf/lib\libsmallc.a(lib_a-vfprintf.o)
 .debug_aranges
                0x0000000000000430       0x20 c:/intelfpga_lite/18.1/nios2eds/bin/gnu/h-x86_64-mingw32/bin/../lib/gcc/nios2-elf/5.3.0/../../../../../H-x86_64-mingw32/nios2-elf/lib\libsmallc.a(lib_a-fvwrite_small_dev.o)
 .debug_aranges
                0x0000000000000450       0x28 c:/intelfpga_lite/18.1/nios2eds/bin/gnu/h-x86_64-mingw32/bin/../lib/gcc/nios2-elf/5.3.0/../../../../../H-x86_64-mingw32/nios2-elf/lib\libsmallc.a(lib_a-putc.o)
 .debug_aranges
                0x0000000000000478       0x20 c:/intelfpga_lite/18.1/nios2eds/bin/gnu/h-x86_64-mingw32/bin/../lib/gcc/nios2-elf/5.3.0/../../../../../H-x86_64-mingw32/nios2-elf/lib\libsmallc.a(lib_a-writer.o)
 .debug_aranges
                0x0000000000000498       0x18 c:/intelfpga_lite/18.1/nios2eds/bin/gnu/h-x86_64-mingw32/bin/../lib/gcc/nios2-elf/5.3.0/../../../../../H-x86_64-mingw32/nios2-elf/lib\libsmallc.a(lib_a-int_errno.o)
 .debug_aranges
                0x00000000000004b0       0x20 ../Milestone1v4_bsp/\libhal_bsp.a(alt_load.o)
 .debug_aranges
                0x00000000000004d0       0x20 ../Milestone1v4_bsp/\libhal_bsp.a(alt_main.o)
 .debug_aranges
                0x00000000000004f0       0x20 ../Milestone1v4_bsp/\libhal_bsp.a(alt_printf.o)
 .debug_aranges
                0x0000000000000510       0x20 ../Milestone1v4_bsp/\libhal_bsp.a(alt_putchar.o)
 .debug_aranges
                0x0000000000000530       0x20 ../Milestone1v4_bsp/\libhal_bsp.a(alt_putstr.o)
 .debug_aranges
                0x0000000000000550       0x20 ../Milestone1v4_bsp/\libhal_bsp.a(alt_usleep.o)
 .debug_aranges
                0x0000000000000570       0x20 ../Milestone1v4_bsp/\libhal_bsp.a(alt_write.o)
 .debug_aranges
                0x0000000000000590       0x20 ../Milestone1v4_bsp/\libhal_bsp.a(alt_sys_init.o)
 .debug_aranges
                0x00000000000005b0       0x20 ../Milestone1v4_bsp/\libhal_bsp.a(altera_avalon_jtag_uart_write.o)
 .debug_aranges
                0x00000000000005d0       0x20 ../Milestone1v4_bsp/\libhal_bsp.a(altera_up_avalon_accelerometer_spi.o)
 .debug_aranges
                0x00000000000005f0       0x20 ../Milestone1v4_bsp/\libhal_bsp.a(alt_busy_sleep.o)
 .debug_aranges
                0x0000000000000610       0x20 ../Milestone1v4_bsp/\libhal_bsp.a(alt_dcache_flush_all.o)
 .debug_aranges
                0x0000000000000630       0x20 ../Milestone1v4_bsp/\libhal_bsp.a(alt_dev.o)
 .debug_aranges
                0x0000000000000650       0x20 ../Milestone1v4_bsp/\libhal_bsp.a(alt_dev_llist_insert.o)
 .debug_aranges
                0x0000000000000670       0x18 ../Milestone1v4_bsp/\libhal_bsp.a(alt_errno.o)
 .debug_aranges
                0x0000000000000688       0x20 ../Milestone1v4_bsp/\libhal_bsp.a(alt_find_dev.o)
 .debug_aranges
                0x00000000000006a8       0x20 ../Milestone1v4_bsp/\libhal_bsp.a(alt_icache_flush_all.o)
 .debug_aranges
                0x00000000000006c8       0x20 ../Milestone1v4_bsp/\libhal_bsp.a(altera_nios2_gen2_irq.o)
 .debug_aranges
                0x00000000000006e8       0x20 ../Milestone1v4_bsp/\libhal_bsp.a(alt_icache_flush.o)
 .debug_aranges
                0x0000000000000708       0x20 c:/intelfpga_lite/18.1/nios2eds/bin/gnu/h-x86_64-mingw32/bin/../lib/gcc/nios2-elf/5.3.0/../../../../../H-x86_64-mingw32/nios2-elf/lib\libsmallc.a(lib_a-memcmp.o)

.debug_pubnames
 *(.debug_pubnames)

.debug_info     0x0000000000000000     0xa822
 *(.debug_info .gnu.linkonce.wi.*)
 .debug_info    0x0000000000000000       0x73 ../Milestone1v4_bsp//obj/HAL/src/crt0.o
 .debug_info    0x0000000000000073      0x6c5 obj/default/accelerometer.o
 .debug_info    0x0000000000000738      0x15a obj/default/exception_handler.o
 .debug_info    0x0000000000000892      0x34f obj/default/hex.o
 .debug_info    0x0000000000000be1      0xbd3 obj/default/main.o
 .debug_info    0x00000000000017b4       0xf4 c:/intelfpga_lite/18.1/nios2eds/bin/gnu/h-x86_64-mingw32/bin/../lib/gcc/nios2-elf/5.3.0/../../../../../H-x86_64-mingw32/nios2-elf/lib\libm.a(lib_a-w_atan2.o)
 .debug_info    0x00000000000018a8      0x1e1 c:/intelfpga_lite/18.1/nios2eds/bin/gnu/h-x86_64-mingw32/bin/../lib/gcc/nios2-elf/5.3.0/../../../../../H-x86_64-mingw32/nios2-elf/lib\libm.a(lib_a-w_sqrt.o)
 .debug_info    0x0000000000001a89      0x284 c:/intelfpga_lite/18.1/nios2eds/bin/gnu/h-x86_64-mingw32/bin/../lib/gcc/nios2-elf/5.3.0/../../../../../H-x86_64-mingw32/nios2-elf/lib\libm.a(lib_a-e_atan2.o)
 .debug_info    0x0000000000001d0d      0x22d c:/intelfpga_lite/18.1/nios2eds/bin/gnu/h-x86_64-mingw32/bin/../lib/gcc/nios2-elf/5.3.0/../../../../../H-x86_64-mingw32/nios2-elf/lib\libm.a(lib_a-e_sqrt.o)
 .debug_info    0x0000000000001f3a      0x23a c:/intelfpga_lite/18.1/nios2eds/bin/gnu/h-x86_64-mingw32/bin/../lib/gcc/nios2-elf/5.3.0/../../../../../H-x86_64-mingw32/nios2-elf/lib\libm.a(lib_a-s_atan.o)
 .debug_info    0x0000000000002174       0xca c:/intelfpga_lite/18.1/nios2eds/bin/gnu/h-x86_64-mingw32/bin/../lib/gcc/nios2-elf/5.3.0/../../../../../H-x86_64-mingw32/nios2-elf/lib\libm.a(lib_a-s_fabs.o)
 .debug_info    0x000000000000223e       0xdc c:/intelfpga_lite/18.1/nios2eds/bin/gnu/h-x86_64-mingw32/bin/../lib/gcc/nios2-elf/5.3.0/../../../../../H-x86_64-mingw32/nios2-elf/lib\libm.a(lib_a-s_fpclassify.o)
 .debug_info    0x000000000000231a       0xc2 c:/intelfpga_lite/18.1/nios2eds/bin/gnu/h-x86_64-mingw32/bin/../lib/gcc/nios2-elf/5.3.0/../../../../../H-x86_64-mingw32/nios2-elf/lib\libm.a(lib_a-s_lib_ver.o)
 .debug_info    0x00000000000023dc      0x127 c:/intelfpga_lite/18.1/nios2eds/bin/gnu/h-x86_64-mingw32/bin/../lib/gcc/nios2-elf/5.3.0/../../../../../H-x86_64-mingw32/nios2-elf/lib\libm.a(lib_a-s_matherr.o)
 .debug_info    0x0000000000002503      0x2c6 c:/intelfpga_lite/18.1/nios2eds/bin/gnu/h-x86_64-mingw32/bin/../lib/gcc/nios2-elf/5.3.0\libgcc.a(lib2-divmod.o)
 .debug_info    0x00000000000027c9      0x4a2 c:/intelfpga_lite/18.1/nios2eds/bin/gnu/h-x86_64-mingw32/bin/../lib/gcc/nios2-elf/5.3.0\libgcc.a(adddf3.o)
 .debug_info    0x0000000000002c6b      0x5c7 c:/intelfpga_lite/18.1/nios2eds/bin/gnu/h-x86_64-mingw32/bin/../lib/gcc/nios2-elf/5.3.0\libgcc.a(divdf3.o)
 .debug_info    0x0000000000003232      0x202 c:/intelfpga_lite/18.1/nios2eds/bin/gnu/h-x86_64-mingw32/bin/../lib/gcc/nios2-elf/5.3.0\libgcc.a(gedf2.o)
 .debug_info    0x0000000000003434      0x204 c:/intelfpga_lite/18.1/nios2eds/bin/gnu/h-x86_64-mingw32/bin/../lib/gcc/nios2-elf/5.3.0\libgcc.a(ledf2.o)
 .debug_info    0x0000000000003638      0x5f5 c:/intelfpga_lite/18.1/nios2eds/bin/gnu/h-x86_64-mingw32/bin/../lib/gcc/nios2-elf/5.3.0\libgcc.a(muldf3.o)
 .debug_info    0x0000000000003c2d      0x4a2 c:/intelfpga_lite/18.1/nios2eds/bin/gnu/h-x86_64-mingw32/bin/../lib/gcc/nios2-elf/5.3.0\libgcc.a(subdf3.o)
 .debug_info    0x00000000000040cf      0x1ae c:/intelfpga_lite/18.1/nios2eds/bin/gnu/h-x86_64-mingw32/bin/../lib/gcc/nios2-elf/5.3.0\libgcc.a(fixdfsi.o)
 .debug_info    0x000000000000427d      0x1bc c:/intelfpga_lite/18.1/nios2eds/bin/gnu/h-x86_64-mingw32/bin/../lib/gcc/nios2-elf/5.3.0\libgcc.a(floatsidf.o)
 .debug_info    0x0000000000004439      0x124 c:/intelfpga_lite/18.1/nios2eds/bin/gnu/h-x86_64-mingw32/bin/../lib/gcc/nios2-elf/5.3.0\libgcc.a(_clzsi2.o)
 .debug_info    0x000000000000455d       0xb2 c:/intelfpga_lite/18.1/nios2eds/bin/gnu/h-x86_64-mingw32/bin/../lib/gcc/nios2-elf/5.3.0\libgcc.a(_clz.o)
 .debug_info    0x000000000000460f      0x5a3 c:/intelfpga_lite/18.1/nios2eds/bin/gnu/h-x86_64-mingw32/bin/../lib/gcc/nios2-elf/5.3.0/../../../../../H-x86_64-mingw32/nios2-elf/lib\libsmallc.a(lib_a-errno.o)
 .debug_info    0x0000000000004bb2      0x5a9 c:/intelfpga_lite/18.1/nios2eds/bin/gnu/h-x86_64-mingw32/bin/../lib/gcc/nios2-elf/5.3.0/../../../../../H-x86_64-mingw32/nios2-elf/lib\libsmallc.a(lib_a-impure.o)
 .debug_info    0x000000000000515b      0x699 c:/intelfpga_lite/18.1/nios2eds/bin/gnu/h-x86_64-mingw32/bin/../lib/gcc/nios2-elf/5.3.0/../../../../../H-x86_64-mingw32/nios2-elf/lib\libsmallc.a(lib_a-printf.o)
 .debug_info    0x00000000000057f4      0x62a c:/intelfpga_lite/18.1/nios2eds/bin/gnu/h-x86_64-mingw32/bin/../lib/gcc/nios2-elf/5.3.0/../../../../../H-x86_64-mingw32/nios2-elf/lib\libsmallc.a(lib_a-putchar.o)
 .debug_info    0x0000000000005e1e      0x66d c:/intelfpga_lite/18.1/nios2eds/bin/gnu/h-x86_64-mingw32/bin/../lib/gcc/nios2-elf/5.3.0/../../../../../H-x86_64-mingw32/nios2-elf/lib\libsmallc.a(lib_a-puts.o)
 .debug_info    0x000000000000648b       0xc9 c:/intelfpga_lite/18.1/nios2eds/bin/gnu/h-x86_64-mingw32/bin/../lib/gcc/nios2-elf/5.3.0/../../../../../H-x86_64-mingw32/nios2-elf/lib\libsmallc.a(lib_a-strlen.o)
 .debug_info    0x0000000000006554      0xb2b c:/intelfpga_lite/18.1/nios2eds/bin/gnu/h-x86_64-mingw32/bin/../lib/gcc/nios2-elf/5.3.0/../../../../../H-x86_64-mingw32/nios2-elf/lib\libsmallc.a(lib_a-vfprintf.o)
 .debug_info    0x000000000000707f      0x62b c:/intelfpga_lite/18.1/nios2eds/bin/gnu/h-x86_64-mingw32/bin/../lib/gcc/nios2-elf/5.3.0/../../../../../H-x86_64-mingw32/nios2-elf/lib\libsmallc.a(lib_a-fvwrite_small_dev.o)
 .debug_info    0x00000000000076aa      0x672 c:/intelfpga_lite/18.1/nios2eds/bin/gnu/h-x86_64-mingw32/bin/../lib/gcc/nios2-elf/5.3.0/../../../../../H-x86_64-mingw32/nios2-elf/lib\libsmallc.a(lib_a-putc.o)
 .debug_info    0x0000000000007d1c      0x630 c:/intelfpga_lite/18.1/nios2eds/bin/gnu/h-x86_64-mingw32/bin/../lib/gcc/nios2-elf/5.3.0/../../../../../H-x86_64-mingw32/nios2-elf/lib\libsmallc.a(lib_a-writer.o)
 .debug_info    0x000000000000834c       0x8a c:/intelfpga_lite/18.1/nios2eds/bin/gnu/h-x86_64-mingw32/bin/../lib/gcc/nios2-elf/5.3.0/../../../../../H-x86_64-mingw32/nios2-elf/lib\libsmallc.a(lib_a-int_errno.o)
 .debug_info    0x00000000000083d6      0x1c9 ../Milestone1v4_bsp/\libhal_bsp.a(alt_load.o)
 .debug_info    0x000000000000859f      0x18f ../Milestone1v4_bsp/\libhal_bsp.a(alt_main.o)
 .debug_info    0x000000000000872e      0x14d ../Milestone1v4_bsp/\libhal_bsp.a(alt_printf.o)
 .debug_info    0x000000000000887b      0x12a ../Milestone1v4_bsp/\libhal_bsp.a(alt_putchar.o)
 .debug_info    0x00000000000089a5      0x13a ../Milestone1v4_bsp/\libhal_bsp.a(alt_putstr.o)
 .debug_info    0x0000000000008adf       0xd1 ../Milestone1v4_bsp/\libhal_bsp.a(alt_usleep.o)
 .debug_info    0x0000000000008bb0      0x1c7 ../Milestone1v4_bsp/\libhal_bsp.a(alt_write.o)
 .debug_info    0x0000000000008d77      0x5a6 ../Milestone1v4_bsp/\libhal_bsp.a(alt_sys_init.o)
 .debug_info    0x000000000000931d      0x1ad ../Milestone1v4_bsp/\libhal_bsp.a(altera_avalon_jtag_uart_write.o)
 .debug_info    0x00000000000094ca      0x479 ../Milestone1v4_bsp/\libhal_bsp.a(altera_up_avalon_accelerometer_spi.o)
 .debug_info    0x0000000000009943       0xd8 ../Milestone1v4_bsp/\libhal_bsp.a(alt_busy_sleep.o)
 .debug_info    0x0000000000009a1b       0xa6 ../Milestone1v4_bsp/\libhal_bsp.a(alt_dcache_flush_all.o)
 .debug_info    0x0000000000009ac1      0x499 ../Milestone1v4_bsp/\libhal_bsp.a(alt_dev.o)
 .debug_info    0x0000000000009f5a      0x1b3 ../Milestone1v4_bsp/\libhal_bsp.a(alt_dev_llist_insert.o)
 .debug_info    0x000000000000a10d       0xa6 ../Milestone1v4_bsp/\libhal_bsp.a(alt_errno.o)
 .debug_info    0x000000000000a1b3      0x32d ../Milestone1v4_bsp/\libhal_bsp.a(alt_find_dev.o)
 .debug_info    0x000000000000a4e0       0xb8 ../Milestone1v4_bsp/\libhal_bsp.a(alt_icache_flush_all.o)
 .debug_info    0x000000000000a598       0xb8 ../Milestone1v4_bsp/\libhal_bsp.a(altera_nios2_gen2_irq.o)
 .debug_info    0x000000000000a650       0xde ../Milestone1v4_bsp/\libhal_bsp.a(alt_icache_flush.o)
 .debug_info    0x000000000000a72e       0xf4 c:/intelfpga_lite/18.1/nios2eds/bin/gnu/h-x86_64-mingw32/bin/../lib/gcc/nios2-elf/5.3.0/../../../../../H-x86_64-mingw32/nios2-elf/lib\libsmallc.a(lib_a-memcmp.o)

.debug_abbrev   0x0000000000000000     0x3aa3
 *(.debug_abbrev)
 .debug_abbrev  0x0000000000000000       0x12 ../Milestone1v4_bsp//obj/HAL/src/crt0.o
 .debug_abbrev  0x0000000000000012      0x204 obj/default/accelerometer.o
 .debug_abbrev  0x0000000000000216       0xf3 obj/default/exception_handler.o
 .debug_abbrev  0x0000000000000309      0x1a0 obj/default/hex.o
 .debug_abbrev  0x00000000000004a9      0x2f3 obj/default/main.o
 .debug_abbrev  0x000000000000079c       0x80 c:/intelfpga_lite/18.1/nios2eds/bin/gnu/h-x86_64-mingw32/bin/../lib/gcc/nios2-elf/5.3.0/../../../../../H-x86_64-mingw32/nios2-elf/lib\libm.a(lib_a-w_atan2.o)
 .debug_abbrev  0x000000000000081c      0x123 c:/intelfpga_lite/18.1/nios2eds/bin/gnu/h-x86_64-mingw32/bin/../lib/gcc/nios2-elf/5.3.0/../../../../../H-x86_64-mingw32/nios2-elf/lib\libm.a(lib_a-w_sqrt.o)
 .debug_abbrev  0x000000000000093f      0x124 c:/intelfpga_lite/18.1/nios2eds/bin/gnu/h-x86_64-mingw32/bin/../lib/gcc/nios2-elf/5.3.0/../../../../../H-x86_64-mingw32/nios2-elf/lib\libm.a(lib_a-e_atan2.o)
 .debug_abbrev  0x0000000000000a63      0x109 c:/intelfpga_lite/18.1/nios2eds/bin/gnu/h-x86_64-mingw32/bin/../lib/gcc/nios2-elf/5.3.0/../../../../../H-x86_64-mingw32/nios2-elf/lib\libm.a(lib_a-e_sqrt.o)
 .debug_abbrev  0x0000000000000b6c       0xdc c:/intelfpga_lite/18.1/nios2eds/bin/gnu/h-x86_64-mingw32/bin/../lib/gcc/nios2-elf/5.3.0/../../../../../H-x86_64-mingw32/nios2-elf/lib\libm.a(lib_a-s_atan.o)
 .debug_abbrev  0x0000000000000c48       0x6f c:/intelfpga_lite/18.1/nios2eds/bin/gnu/h-x86_64-mingw32/bin/../lib/gcc/nios2-elf/5.3.0/../../../../../H-x86_64-mingw32/nios2-elf/lib\libm.a(lib_a-s_fabs.o)
 .debug_abbrev  0x0000000000000cb7       0x7e c:/intelfpga_lite/18.1/nios2eds/bin/gnu/h-x86_64-mingw32/bin/../lib/gcc/nios2-elf/5.3.0/../../../../../H-x86_64-mingw32/nios2-elf/lib\libm.a(lib_a-s_fpclassify.o)
 .debug_abbrev  0x0000000000000d35       0x5a c:/intelfpga_lite/18.1/nios2eds/bin/gnu/h-x86_64-mingw32/bin/../lib/gcc/nios2-elf/5.3.0/../../../../../H-x86_64-mingw32/nios2-elf/lib\libm.a(lib_a-s_lib_ver.o)
 .debug_abbrev  0x0000000000000d8f       0x9a c:/intelfpga_lite/18.1/nios2eds/bin/gnu/h-x86_64-mingw32/bin/../lib/gcc/nios2-elf/5.3.0/../../../../../H-x86_64-mingw32/nios2-elf/lib\libm.a(lib_a-s_matherr.o)
 .debug_abbrev  0x0000000000000e29      0x10e c:/intelfpga_lite/18.1/nios2eds/bin/gnu/h-x86_64-mingw32/bin/../lib/gcc/nios2-elf/5.3.0\libgcc.a(lib2-divmod.o)
 .debug_abbrev  0x0000000000000f37      0x13a c:/intelfpga_lite/18.1/nios2eds/bin/gnu/h-x86_64-mingw32/bin/../lib/gcc/nios2-elf/5.3.0\libgcc.a(adddf3.o)
 .debug_abbrev  0x0000000000001071      0x12d c:/intelfpga_lite/18.1/nios2eds/bin/gnu/h-x86_64-mingw32/bin/../lib/gcc/nios2-elf/5.3.0\libgcc.a(divdf3.o)
 .debug_abbrev  0x000000000000119e      0x137 c:/intelfpga_lite/18.1/nios2eds/bin/gnu/h-x86_64-mingw32/bin/../lib/gcc/nios2-elf/5.3.0\libgcc.a(gedf2.o)
 .debug_abbrev  0x00000000000012d5      0x137 c:/intelfpga_lite/18.1/nios2eds/bin/gnu/h-x86_64-mingw32/bin/../lib/gcc/nios2-elf/5.3.0\libgcc.a(ledf2.o)
 .debug_abbrev  0x000000000000140c      0x13f c:/intelfpga_lite/18.1/nios2eds/bin/gnu/h-x86_64-mingw32/bin/../lib/gcc/nios2-elf/5.3.0\libgcc.a(muldf3.o)
 .debug_abbrev  0x000000000000154b      0x133 c:/intelfpga_lite/18.1/nios2eds/bin/gnu/h-x86_64-mingw32/bin/../lib/gcc/nios2-elf/5.3.0\libgcc.a(subdf3.o)
 .debug_abbrev  0x000000000000167e      0x135 c:/intelfpga_lite/18.1/nios2eds/bin/gnu/h-x86_64-mingw32/bin/../lib/gcc/nios2-elf/5.3.0\libgcc.a(fixdfsi.o)
 .debug_abbrev  0x00000000000017b3      0x124 c:/intelfpga_lite/18.1/nios2eds/bin/gnu/h-x86_64-mingw32/bin/../lib/gcc/nios2-elf/5.3.0\libgcc.a(floatsidf.o)
 .debug_abbrev  0x00000000000018d7       0xbe c:/intelfpga_lite/18.1/nios2eds/bin/gnu/h-x86_64-mingw32/bin/../lib/gcc/nios2-elf/5.3.0\libgcc.a(_clzsi2.o)
 .debug_abbrev  0x0000000000001995       0x5d c:/intelfpga_lite/18.1/nios2eds/bin/gnu/h-x86_64-mingw32/bin/../lib/gcc/nios2-elf/5.3.0\libgcc.a(_clz.o)
 .debug_abbrev  0x00000000000019f2      0x159 c:/intelfpga_lite/18.1/nios2eds/bin/gnu/h-x86_64-mingw32/bin/../lib/gcc/nios2-elf/5.3.0/../../../../../H-x86_64-mingw32/nios2-elf/lib\libsmallc.a(lib_a-errno.o)
 .debug_abbrev  0x0000000000001b4b      0x14a c:/intelfpga_lite/18.1/nios2eds/bin/gnu/h-x86_64-mingw32/bin/../lib/gcc/nios2-elf/5.3.0/../../../../../H-x86_64-mingw32/nios2-elf/lib\libsmallc.a(lib_a-impure.o)
 .debug_abbrev  0x0000000000001c95      0x1ee c:/intelfpga_lite/18.1/nios2eds/bin/gnu/h-x86_64-mingw32/bin/../lib/gcc/nios2-elf/5.3.0/../../../../../H-x86_64-mingw32/nios2-elf/lib\libsmallc.a(lib_a-printf.o)
 .debug_abbrev  0x0000000000001e83      0x1c0 c:/intelfpga_lite/18.1/nios2eds/bin/gnu/h-x86_64-mingw32/bin/../lib/gcc/nios2-elf/5.3.0/../../../../../H-x86_64-mingw32/nios2-elf/lib\libsmallc.a(lib_a-putchar.o)
 .debug_abbrev  0x0000000000002043      0x1d6 c:/intelfpga_lite/18.1/nios2eds/bin/gnu/h-x86_64-mingw32/bin/../lib/gcc/nios2-elf/5.3.0/../../../../../H-x86_64-mingw32/nios2-elf/lib\libsmallc.a(lib_a-puts.o)
 .debug_abbrev  0x0000000000002219       0x7f c:/intelfpga_lite/18.1/nios2eds/bin/gnu/h-x86_64-mingw32/bin/../lib/gcc/nios2-elf/5.3.0/../../../../../H-x86_64-mingw32/nios2-elf/lib\libsmallc.a(lib_a-strlen.o)
 .debug_abbrev  0x0000000000002298      0x2a1 c:/intelfpga_lite/18.1/nios2eds/bin/gnu/h-x86_64-mingw32/bin/../lib/gcc/nios2-elf/5.3.0/../../../../../H-x86_64-mingw32/nios2-elf/lib\libsmallc.a(lib_a-vfprintf.o)
 .debug_abbrev  0x0000000000002539      0x1bc c:/intelfpga_lite/18.1/nios2eds/bin/gnu/h-x86_64-mingw32/bin/../lib/gcc/nios2-elf/5.3.0/../../../../../H-x86_64-mingw32/nios2-elf/lib\libsmallc.a(lib_a-fvwrite_small_dev.o)
 .debug_abbrev  0x00000000000026f5      0x1bd c:/intelfpga_lite/18.1/nios2eds/bin/gnu/h-x86_64-mingw32/bin/../lib/gcc/nios2-elf/5.3.0/../../../../../H-x86_64-mingw32/nios2-elf/lib\libsmallc.a(lib_a-putc.o)
 .debug_abbrev  0x00000000000028b2      0x1a6 c:/intelfpga_lite/18.1/nios2eds/bin/gnu/h-x86_64-mingw32/bin/../lib/gcc/nios2-elf/5.3.0/../../../../../H-x86_64-mingw32/nios2-elf/lib\libsmallc.a(lib_a-writer.o)
 .debug_abbrev  0x0000000000002a58       0x37 c:/intelfpga_lite/18.1/nios2eds/bin/gnu/h-x86_64-mingw32/bin/../lib/gcc/nios2-elf/5.3.0/../../../../../H-x86_64-mingw32/nios2-elf/lib\libsmallc.a(lib_a-int_errno.o)
 .debug_abbrev  0x0000000000002a8f       0xd8 ../Milestone1v4_bsp/\libhal_bsp.a(alt_load.o)
 .debug_abbrev  0x0000000000002b67       0xf5 ../Milestone1v4_bsp/\libhal_bsp.a(alt_main.o)
 .debug_abbrev  0x0000000000002c5c       0xd5 ../Milestone1v4_bsp/\libhal_bsp.a(alt_printf.o)
 .debug_abbrev  0x0000000000002d31       0xd2 ../Milestone1v4_bsp/\libhal_bsp.a(alt_putchar.o)
 .debug_abbrev  0x0000000000002e03       0xd3 ../Milestone1v4_bsp/\libhal_bsp.a(alt_putstr.o)
 .debug_abbrev  0x0000000000002ed6       0x8d ../Milestone1v4_bsp/\libhal_bsp.a(alt_usleep.o)
 .debug_abbrev  0x0000000000002f63      0x12e ../Milestone1v4_bsp/\libhal_bsp.a(alt_write.o)
 .debug_abbrev  0x0000000000003091      0x1d9 ../Milestone1v4_bsp/\libhal_bsp.a(alt_sys_init.o)
 .debug_abbrev  0x000000000000326a       0xd5 ../Milestone1v4_bsp/\libhal_bsp.a(altera_avalon_jtag_uart_write.o)
 .debug_abbrev  0x000000000000333f      0x119 ../Milestone1v4_bsp/\libhal_bsp.a(altera_up_avalon_accelerometer_spi.o)
 .debug_abbrev  0x0000000000003458       0x8d ../Milestone1v4_bsp/\libhal_bsp.a(alt_busy_sleep.o)
 .debug_abbrev  0x00000000000034e5       0x5a ../Milestone1v4_bsp/\libhal_bsp.a(alt_dcache_flush_all.o)
 .debug_abbrev  0x000000000000353f       0xd9 ../Milestone1v4_bsp/\libhal_bsp.a(alt_dev.o)
 .debug_abbrev  0x0000000000003618      0x11c ../Milestone1v4_bsp/\libhal_bsp.a(alt_dev_llist_insert.o)
 .debug_abbrev  0x0000000000003734       0x5a ../Milestone1v4_bsp/\libhal_bsp.a(alt_errno.o)
 .debug_abbrev  0x000000000000378e      0x125 ../Milestone1v4_bsp/\libhal_bsp.a(alt_find_dev.o)
 .debug_abbrev  0x00000000000038b3       0x6f ../Milestone1v4_bsp/\libhal_bsp.a(alt_icache_flush_all.o)
 .debug_abbrev  0x0000000000003922       0x67 ../Milestone1v4_bsp/\libhal_bsp.a(altera_nios2_gen2_irq.o)
 .debug_abbrev  0x0000000000003989       0x9b ../Milestone1v4_bsp/\libhal_bsp.a(alt_icache_flush.o)
 .debug_abbrev  0x0000000000003a24       0x7f c:/intelfpga_lite/18.1/nios2eds/bin/gnu/h-x86_64-mingw32/bin/../lib/gcc/nios2-elf/5.3.0/../../../../../H-x86_64-mingw32/nios2-elf/lib\libsmallc.a(lib_a-memcmp.o)

.debug_line     0x0000000000000000     0x49a2
 *(.debug_line)
 .debug_line    0x0000000000000000       0x72 ../Milestone1v4_bsp//obj/HAL/src/crt0.o
 .debug_line    0x0000000000000072      0x1c0 obj/default/accelerometer.o
 .debug_line    0x0000000000000232       0xee obj/default/exception_handler.o
 .debug_line    0x0000000000000320      0x127 obj/default/hex.o
 .debug_line    0x0000000000000447      0x348 obj/default/main.o
 .debug_line    0x000000000000078f      0x11a c:/intelfpga_lite/18.1/nios2eds/bin/gnu/h-x86_64-mingw32/bin/../lib/gcc/nios2-elf/5.3.0/../../../../../H-x86_64-mingw32/nios2-elf/lib\libm.a(lib_a-w_atan2.o)
 .debug_line    0x00000000000008a9      0x1b3 c:/intelfpga_lite/18.1/nios2eds/bin/gnu/h-x86_64-mingw32/bin/../lib/gcc/nios2-elf/5.3.0/../../../../../H-x86_64-mingw32/nios2-elf/lib\libm.a(lib_a-w_sqrt.o)
 .debug_line    0x0000000000000a5c      0x22f c:/intelfpga_lite/18.1/nios2eds/bin/gnu/h-x86_64-mingw32/bin/../lib/gcc/nios2-elf/5.3.0/../../../../../H-x86_64-mingw32/nios2-elf/lib\libm.a(lib_a-e_atan2.o)
 .debug_line    0x0000000000000c8b      0x1c9 c:/intelfpga_lite/18.1/nios2eds/bin/gnu/h-x86_64-mingw32/bin/../lib/gcc/nios2-elf/5.3.0/../../../../../H-x86_64-mingw32/nios2-elf/lib\libm.a(lib_a-e_sqrt.o)
 .debug_line    0x0000000000000e54      0x1b8 c:/intelfpga_lite/18.1/nios2eds/bin/gnu/h-x86_64-mingw32/bin/../lib/gcc/nios2-elf/5.3.0/../../../../../H-x86_64-mingw32/nios2-elf/lib\libm.a(lib_a-s_atan.o)
 .debug_line    0x000000000000100c      0x14f c:/intelfpga_lite/18.1/nios2eds/bin/gnu/h-x86_64-mingw32/bin/../lib/gcc/nios2-elf/5.3.0/../../../../../H-x86_64-mingw32/nios2-elf/lib\libm.a(lib_a-s_fabs.o)
 .debug_line    0x000000000000115b      0x16c c:/intelfpga_lite/18.1/nios2eds/bin/gnu/h-x86_64-mingw32/bin/../lib/gcc/nios2-elf/5.3.0/../../../../../H-x86_64-mingw32/nios2-elf/lib\libm.a(lib_a-s_fpclassify.o)
 .debug_line    0x00000000000012c7       0xc7 c:/intelfpga_lite/18.1/nios2eds/bin/gnu/h-x86_64-mingw32/bin/../lib/gcc/nios2-elf/5.3.0/../../../../../H-x86_64-mingw32/nios2-elf/lib\libm.a(lib_a-s_lib_ver.o)
 .debug_line    0x000000000000138e       0xd8 c:/intelfpga_lite/18.1/nios2eds/bin/gnu/h-x86_64-mingw32/bin/../lib/gcc/nios2-elf/5.3.0/../../../../../H-x86_64-mingw32/nios2-elf/lib\libm.a(lib_a-s_matherr.o)
 .debug_line    0x0000000000001466      0x102 c:/intelfpga_lite/18.1/nios2eds/bin/gnu/h-x86_64-mingw32/bin/../lib/gcc/nios2-elf/5.3.0\libgcc.a(lib2-divmod.o)
 .debug_line    0x0000000000001568      0x37b c:/intelfpga_lite/18.1/nios2eds/bin/gnu/h-x86_64-mingw32/bin/../lib/gcc/nios2-elf/5.3.0\libgcc.a(adddf3.o)
 .debug_line    0x00000000000018e3      0x2ad c:/intelfpga_lite/18.1/nios2eds/bin/gnu/h-x86_64-mingw32/bin/../lib/gcc/nios2-elf/5.3.0\libgcc.a(divdf3.o)
 .debug_line    0x0000000000001b90       0xcb c:/intelfpga_lite/18.1/nios2eds/bin/gnu/h-x86_64-mingw32/bin/../lib/gcc/nios2-elf/5.3.0\libgcc.a(gedf2.o)
 .debug_line    0x0000000000001c5b       0xe3 c:/intelfpga_lite/18.1/nios2eds/bin/gnu/h-x86_64-mingw32/bin/../lib/gcc/nios2-elf/5.3.0\libgcc.a(ledf2.o)
 .debug_line    0x0000000000001d3e      0x1e3 c:/intelfpga_lite/18.1/nios2eds/bin/gnu/h-x86_64-mingw32/bin/../lib/gcc/nios2-elf/5.3.0\libgcc.a(muldf3.o)
 .debug_line    0x0000000000001f21      0x3a8 c:/intelfpga_lite/18.1/nios2eds/bin/gnu/h-x86_64-mingw32/bin/../lib/gcc/nios2-elf/5.3.0\libgcc.a(subdf3.o)
 .debug_line    0x00000000000022c9       0x98 c:/intelfpga_lite/18.1/nios2eds/bin/gnu/h-x86_64-mingw32/bin/../lib/gcc/nios2-elf/5.3.0\libgcc.a(fixdfsi.o)
 .debug_line    0x0000000000002361       0x9f c:/intelfpga_lite/18.1/nios2eds/bin/gnu/h-x86_64-mingw32/bin/../lib/gcc/nios2-elf/5.3.0\libgcc.a(floatsidf.o)
 .debug_line    0x0000000000002400       0xb7 c:/intelfpga_lite/18.1/nios2eds/bin/gnu/h-x86_64-mingw32/bin/../lib/gcc/nios2-elf/5.3.0\libgcc.a(_clzsi2.o)
 .debug_line    0x00000000000024b7       0x53 c:/intelfpga_lite/18.1/nios2eds/bin/gnu/h-x86_64-mingw32/bin/../lib/gcc/nios2-elf/5.3.0\libgcc.a(_clz.o)
 .debug_line    0x000000000000250a      0x16d c:/intelfpga_lite/18.1/nios2eds/bin/gnu/h-x86_64-mingw32/bin/../lib/gcc/nios2-elf/5.3.0/../../../../../H-x86_64-mingw32/nios2-elf/lib\libsmallc.a(lib_a-errno.o)
 .debug_line    0x0000000000002677      0x153 c:/intelfpga_lite/18.1/nios2eds/bin/gnu/h-x86_64-mingw32/bin/../lib/gcc/nios2-elf/5.3.0/../../../../../H-x86_64-mingw32/nios2-elf/lib\libsmallc.a(lib_a-impure.o)
 .debug_line    0x00000000000027ca      0x200 c:/intelfpga_lite/18.1/nios2eds/bin/gnu/h-x86_64-mingw32/bin/../lib/gcc/nios2-elf/5.3.0/../../../../../H-x86_64-mingw32/nios2-elf/lib\libsmallc.a(lib_a-printf.o)
 .debug_line    0x00000000000029ca      0x1e6 c:/intelfpga_lite/18.1/nios2eds/bin/gnu/h-x86_64-mingw32/bin/../lib/gcc/nios2-elf/5.3.0/../../../../../H-x86_64-mingw32/nios2-elf/lib\libsmallc.a(lib_a-putchar.o)
 .debug_line    0x0000000000002bb0      0x203 c:/intelfpga_lite/18.1/nios2eds/bin/gnu/h-x86_64-mingw32/bin/../lib/gcc/nios2-elf/5.3.0/../../../../../H-x86_64-mingw32/nios2-elf/lib\libsmallc.a(lib_a-puts.o)
 .debug_line    0x0000000000002db3      0x159 c:/intelfpga_lite/18.1/nios2eds/bin/gnu/h-x86_64-mingw32/bin/../lib/gcc/nios2-elf/5.3.0/../../../../../H-x86_64-mingw32/nios2-elf/lib\libsmallc.a(lib_a-strlen.o)
 .debug_line    0x0000000000002f0c      0x34f c:/intelfpga_lite/18.1/nios2eds/bin/gnu/h-x86_64-mingw32/bin/../lib/gcc/nios2-elf/5.3.0/../../../../../H-x86_64-mingw32/nios2-elf/lib\libsmallc.a(lib_a-vfprintf.o)
 .debug_line    0x000000000000325b      0x1ed c:/intelfpga_lite/18.1/nios2eds/bin/gnu/h-x86_64-mingw32/bin/../lib/gcc/nios2-elf/5.3.0/../../../../../H-x86_64-mingw32/nios2-elf/lib\libsmallc.a(lib_a-fvwrite_small_dev.o)
 .debug_line    0x0000000000003448      0x1ff c:/intelfpga_lite/18.1/nios2eds/bin/gnu/h-x86_64-mingw32/bin/../lib/gcc/nios2-elf/5.3.0/../../../../../H-x86_64-mingw32/nios2-elf/lib\libsmallc.a(lib_a-putc.o)
 .debug_line    0x0000000000003647      0x1ea c:/intelfpga_lite/18.1/nios2eds/bin/gnu/h-x86_64-mingw32/bin/../lib/gcc/nios2-elf/5.3.0/../../../../../H-x86_64-mingw32/nios2-elf/lib\libsmallc.a(lib_a-writer.o)
 .debug_line    0x0000000000003831       0x5c c:/intelfpga_lite/18.1/nios2eds/bin/gnu/h-x86_64-mingw32/bin/../lib/gcc/nios2-elf/5.3.0/../../../../../H-x86_64-mingw32/nios2-elf/lib\libsmallc.a(lib_a-int_errno.o)
 .debug_line    0x000000000000388d       0xa4 ../Milestone1v4_bsp/\libhal_bsp.a(alt_load.o)
 .debug_line    0x0000000000003931       0xea ../Milestone1v4_bsp/\libhal_bsp.a(alt_main.o)
 .debug_line    0x0000000000003a1b      0x112 ../Milestone1v4_bsp/\libhal_bsp.a(alt_printf.o)
 .debug_line    0x0000000000003b2d       0x55 ../Milestone1v4_bsp/\libhal_bsp.a(alt_putchar.o)
 .debug_line    0x0000000000003b82       0xa0 ../Milestone1v4_bsp/\libhal_bsp.a(alt_putstr.o)
 .debug_line    0x0000000000003c22       0xcf ../Milestone1v4_bsp/\libhal_bsp.a(alt_usleep.o)
 .debug_line    0x0000000000003cf1      0x16a ../Milestone1v4_bsp/\libhal_bsp.a(alt_write.o)
 .debug_line    0x0000000000003e5b      0x20b ../Milestone1v4_bsp/\libhal_bsp.a(alt_sys_init.o)
 .debug_line    0x0000000000004066      0x104 ../Milestone1v4_bsp/\libhal_bsp.a(altera_avalon_jtag_uart_write.o)
 .debug_line    0x000000000000416a      0x131 ../Milestone1v4_bsp/\libhal_bsp.a(altera_up_avalon_accelerometer_spi.o)
 .debug_line    0x000000000000429b       0xb3 ../Milestone1v4_bsp/\libhal_bsp.a(alt_busy_sleep.o)
 .debug_line    0x000000000000434e       0x5a ../Milestone1v4_bsp/\libhal_bsp.a(alt_dcache_flush_all.o)
 .debug_line    0x00000000000043a8       0xf6 ../Milestone1v4_bsp/\libhal_bsp.a(alt_dev.o)