Archive member included to satisfy reference by file (symbol)

c:/intelfpga_lite/18.1/nios2eds/bin/gnu/h-x86_64-mingw32/bin/../lib/gcc/nios2-elf/5.3.0/../../../../../H-x86_64-mingw32/nios2-elf/lib\libsmallc.a(lib_a-printf.o)
                              obj/default/core2.o (printf)
c:/intelfpga_lite/18.1/nios2eds/bin/gnu/h-x86_64-mingw32/bin/../lib/gcc/nios2-elf/5.3.0/../../../../../H-x86_64-mingw32/nios2-elf/lib\libsmallc.a(lib_a-putchar.o)
                              obj/default/core2.o (putchar)
c:/intelfpga_lite/18.1/nios2eds/bin/gnu/h-x86_64-mingw32/bin/../lib/gcc/nios2-elf/5.3.0/../../../../../H-x86_64-mingw32/nios2-elf/lib\libsmallc.a(lib_a-puts.o)
                              obj/default/core2.o (puts)
c:/intelfpga_lite/18.1/nios2eds/bin/gnu/h-x86_64-mingw32/bin/../lib/gcc/nios2-elf/5.3.0/../../../../../H-x86_64-mingw32/nios2-elf/lib\libsmallc.a(lib_a-strlen.o)
                              c:/intelfpga_lite/18.1/nios2eds/bin/gnu/h-x86_64-mingw32/bin/../lib/gcc/nios2-elf/5.3.0/../../../../../H-x86_64-mingw32/nios2-elf/lib\libsmallc.a(lib_a-puts.o) (strlen)
c:/intelfpga_lite/18.1/nios2eds/bin/gnu/h-x86_64-mingw32/bin/../lib/gcc/nios2-elf/5.3.0/../../../../../H-x86_64-mingw32/nios2-elf/lib\libsmallc.a(lib_a-vfprintf.o)
                              c:/intelfpga_lite/18.1/nios2eds/bin/gnu/h-x86_64-mingw32/bin/../lib/gcc/nios2-elf/5.3.0/../../../../../H-x86_64-mingw32/nios2-elf/lib\libsmallc.a(lib_a-printf.o) (___vfprintf_internal_r)
c:/intelfpga_lite/18.1/nios2eds/bin/gnu/h-x86_64-mingw32/bin/../lib/gcc/nios2-elf/5.3.0/../../../../../H-x86_64-mingw32/nios2-elf/lib\libsmallc.a(lib_a-fvwrite_small_dev.o)
                              c:/intelfpga_lite/18.1/nios2eds/bin/gnu/h-x86_64-mingw32/bin/../lib/gcc/nios2-elf/5.3.0/../../../../../H-x86_64-mingw32/nios2-elf/lib\libsmallc.a(lib_a-printf.o) (__sfvwrite_small_dev)
c:/intelfpga_lite/18.1/nios2eds/bin/gnu/h-x86_64-mingw32/bin/../lib/gcc/nios2-elf/5.3.0/../../../../../H-x86_64-mingw32/nios2-elf/lib\libsmallc.a(lib_a-impure.o)
                              c:/intelfpga_lite/18.1/nios2eds/bin/gnu/h-x86_64-mingw32/bin/../lib/gcc/nios2-elf/5.3.0/../../../../../H-x86_64-mingw32/nios2-elf/lib\libsmallc.a(lib_a-printf.o) (_impure_ptr)
c:/intelfpga_lite/18.1/nios2eds/bin/gnu/h-x86_64-mingw32/bin/../lib/gcc/nios2-elf/5.3.0/../../../../../H-x86_64-mingw32/nios2-elf/lib\libsmallc.a(lib_a-putc.o)
                              c:/intelfpga_lite/18.1/nios2eds/bin/gnu/h-x86_64-mingw32/bin/../lib/gcc/nios2-elf/5.3.0/../../../../../H-x86_64-mingw32/nios2-elf/lib\libsmallc.a(lib_a-putchar.o) (_putc_r)
c:/intelfpga_lite/18.1/nios2eds/bin/gnu/h-x86_64-mingw32/bin/../lib/gcc/nios2-elf/5.3.0/../../../../../H-x86_64-mingw32/nios2-elf/lib\libsmallc.a(lib_a-writer.o)
                              c:/intelfpga_lite/18.1/nios2eds/bin/gnu/h-x86_64-mingw32/bin/../lib/gcc/nios2-elf/5.3.0/../../../../../H-x86_64-mingw32/nios2-elf/lib\libsmallc.a(lib_a-fvwrite_small_dev.o) (_write_r)
c:/intelfpga_lite/18.1/nios2eds/bin/gnu/h-x86_64-mingw32/bin/../lib/gcc/nios2-elf/5.3.0/../../../../../H-x86_64-mingw32/nios2-elf/lib\libsmallc.a(lib_a-int_errno.o)
                              c:/intelfpga_lite/18.1/nios2eds/bin/gnu/h-x86_64-mingw32/bin/../lib/gcc/nios2-elf/5.3.0/../../../../../H-x86_64-mingw32/nios2-elf/lib\libsmallc.a(lib_a-writer.o) (errno)
c:/intelfpga_lite/18.1/nios2eds/bin/gnu/h-x86_64-mingw32/bin/../lib/gcc/nios2-elf/5.3.0\libgcc.a(lib2-divmod.o)
                              c:/intelfpga_lite/18.1/nios2eds/bin/gnu/h-x86_64-mingw32/bin/../lib/gcc/nios2-elf/5.3.0/../../../../../H-x86_64-mingw32/nios2-elf/lib\libsmallc.a(lib_a-vfprintf.o) (__udivsi3)
../core2_bsp/\libhal_bsp.a(alt_dcache_flush_all.o)
                              obj/default/core2.o (alt_dcache_flush_all)
../core2_bsp/\libhal_bsp.a(alt_load.o)
                              ../core2_bsp//obj/HAL/src/crt0.o (alt_load)
../core2_bsp/\libhal_bsp.a(alt_main.o)
                              ../core2_bsp//obj/HAL/src/crt0.o (alt_main)
../core2_bsp/\libhal_bsp.a(alt_putstr.o)
                              obj/default/core2.o (alt_putstr)
../core2_bsp/\libhal_bsp.a(alt_write.o)
                              c:/intelfpga_lite/18.1/nios2eds/bin/gnu/h-x86_64-mingw32/bin/../lib/gcc/nios2-elf/5.3.0/../../../../../H-x86_64-mingw32/nios2-elf/lib\libsmallc.a(lib_a-writer.o) (write)
../core2_bsp/\libhal_bsp.a(alt_sys_init.o)
                              ../core2_bsp/\libhal_bsp.a(alt_main.o) (alt_irq_init)
../core2_bsp/\libhal_bsp.a(altera_avalon_jtag_uart_write.o)
                              ../core2_bsp/\libhal_bsp.a(alt_putstr.o) (altera_avalon_jtag_uart_write)
../core2_bsp/\libhal_bsp.a(altera_avalon_mutex.o)
                              obj/default/core2.o (altera_avalon_mutex_open)
../core2_bsp/\libhal_bsp.a(alt_dev.o)
                              ../core2_bsp/\libhal_bsp.a(alt_sys_init.o) (alt_dev_list)
../core2_bsp/\libhal_bsp.a(alt_dev_llist_insert.o)
                              ../core2_bsp/\libhal_bsp.a(alt_sys_init.o) (alt_dev_llist_insert)
../core2_bsp/\libhal_bsp.a(alt_errno.o)
                              ../core2_bsp/\libhal_bsp.a(alt_write.o) (alt_errno)
../core2_bsp/\libhal_bsp.a(alt_find_dev.o)
                              ../core2_bsp/\libhal_bsp.a(altera_avalon_mutex.o) (alt_find_dev)
../core2_bsp/\libhal_bsp.a(alt_icache_flush_all.o)
                              ../core2_bsp/\libhal_bsp.a(alt_load.o) (alt_icache_flush_all)
../core2_bsp/\libhal_bsp.a(altera_nios2_gen2_irq.o)
                              ../core2_bsp/\libhal_bsp.a(alt_sys_init.o) (altera_nios2_gen2_irq_init)
../core2_bsp/\libhal_bsp.a(alt_icache_flush.o)
                              ../core2_bsp/\libhal_bsp.a(alt_icache_flush_all.o) (alt_icache_flush)
c:/intelfpga_lite/18.1/nios2eds/bin/gnu/h-x86_64-mingw32/bin/../lib/gcc/nios2-elf/5.3.0/../../../../../H-x86_64-mingw32/nios2-elf/lib\libsmallc.a(lib_a-memcmp.o)
                              ../core2_bsp/\libhal_bsp.a(alt_find_dev.o) (memcmp)

Allocating common symbols
Common symbol       size              file

errno               0x4               c:/intelfpga_lite/18.1/nios2eds/bin/gnu/h-x86_64-mingw32/bin/../lib/gcc/nios2-elf/5.3.0/../../../../../H-x86_64-mingw32/nios2-elf/lib\libsmallc.a(lib_a-int_errno.o)

Memory Configuration

Name             Origin             Length             Attributes
reset            0x0000000000010000 0x0000000000000020
CORE_RAM2        0x0000000000010020 0x0000000000009fe0
SHARED_SDRAM     0x0000000001200000 0x0000000000100000
*default*        0x0000000000000000 0xffffffffffffffff

Linker script and memory map

LOAD ../core2_bsp//obj/HAL/src/crt0.o
LOAD obj/default/core2.o
LOAD c:/intelfpga_lite/18.1/nios2eds/bin/gnu/h-x86_64-mingw32/bin/../lib/gcc/nios2-elf/5.3.0/../../../../../H-x86_64-mingw32/nios2-elf/lib\libstdc++.a
LOAD c:/intelfpga_lite/18.1/nios2eds/bin/gnu/h-x86_64-mingw32/bin/../lib/gcc/nios2-elf/5.3.0/../../../../../H-x86_64-mingw32/nios2-elf/lib\libm.a
LOAD c:/intelfpga_lite/18.1/nios2eds/bin/gnu/h-x86_64-mingw32/bin/../lib/gcc/nios2-elf/5.3.0\libgcc.a
START GROUP
LOAD c:/intelfpga_lite/18.1/nios2eds/bin/gnu/h-x86_64-mingw32/bin/../lib/gcc/nios2-elf/5.3.0/../../../../../H-x86_64-mingw32/nios2-elf/lib\libsmallc.a
LOAD c:/intelfpga_lite/18.1/nios2eds/bin/gnu/h-x86_64-mingw32/bin/../lib/gcc/nios2-elf/5.3.0\libgcc.a
LOAD ../core2_bsp/\libhal_bsp.a
LOAD c:/intelfpga_lite/18.1/nios2eds/bin/gnu/h-x86_64-mingw32/bin/../lib/gcc/nios2-elf/5.3.0/../../../../../H-x86_64-mingw32/nios2-elf/lib\libm.a
END GROUP
LOAD c:/intelfpga_lite/18.1/nios2eds/bin/gnu/h-x86_64-mingw32/bin/../lib/gcc/nios2-elf/5.3.0\libgcc.a
                0x0000000000010000                __alt_mem_CORE_RAM2 = 0x10000
                0x0000000001000000                __alt_mem_SHARED_SDRAM = 0x1000000

.entry          0x0000000000010000       0x20
 *(.entry)
 .entry         0x0000000000010000       0x20 ../core2_bsp//obj/HAL/src/crt0.o
                0x0000000000010000                __reset
                0x000000000001001c                _exit

.exceptions     0x0000000000010020        0x0 load address 0x0000000001200000
                0x0000000000010020                PROVIDE (__ram_exceptions_start, ABSOLUTE (.))
                0x0000000000010020                . = ALIGN (0x20)
 *(.irq)
 *(.exceptions.entry.label)
 *(.exceptions.entry.user)
 *(.exceptions.entry.ecc_fatal)
 *(.exceptions.entry)
 *(.exceptions.irqtest.user)
 *(.exceptions.irqtest)
 *(.exceptions.irqhandler.user)
 *(.exceptions.irqhandler)
 *(.exceptions.irqreturn.user)
 *(.exceptions.irqreturn)
 *(.exceptions.notirq.label)
 *(.exceptions.notirq.user)
 *(.exceptions.notirq)
 *(.exceptions.soft.user)
 *(.exceptions.soft)
 *(.exceptions.unknown.user)
 *(.exceptions.unknown)
 *(.exceptions.exit.label)
 *(.exceptions.exit.user)
 *(.exceptions.exit)
 *(.exceptions)
                0x0000000000010020                PROVIDE (__ram_exceptions_end, ABSOLUTE (.))
                0x0000000001200000                PROVIDE (__flash_exceptions_start, LOADADDR (.exceptions))

.text           0x0000000001200000     0x1354
                [!provide]                        PROVIDE (stext, ABSOLUTE (.))
 *(.interp)
 *(.hash)
 *(.dynsym)
 *(.dynstr)
 *(.gnu.version)
 *(.gnu.version_d)
 *(.gnu.version_r)
 *(.rel.init)
 *(.rela.init)
 *(.rel.text .rel.text.* .rel.gnu.linkonce.t.*)
 *(.rela.text .rela.text.* .rela.gnu.linkonce.t.*)
 *(.rel.fini)
 *(.rela.fini)
 *(.rel.rodata .rel.rodata.* .rel.gnu.linkonce.r.*)
 *(.rela.rodata .rela.rodata.* .rela.gnu.linkonce.r.*)
 *(.rel.data .rel.data.* .rel.gnu.linkonce.d.*)
 *(.rela.data .rela.data.* .rela.gnu.linkonce.d.*)
 *(.rel.tdata .rel.tdata.* .rel.gnu.linkonce.td.*)
 *(.rela.tdata .rela.tdata.* .rela.gnu.linkonce.td.*)
 *(.rel.tbss .rel.tbss.* .rel.gnu.linkonce.tb.*)
 *(.rela.tbss .rela.tbss.* .rela.gnu.linkonce.tb.*)
 *(.rel.ctors)
 *(.rela.ctors)
 *(.rel.dtors)
 *(.rela.dtors)
 *(.rel.got)
 *(.rela.got)
 *(.rel.sdata .rel.sdata.* .rel.gnu.linkonce.s.*)
 *(.rela.sdata .rela.sdata.* .rela.gnu.linkonce.s.*)
 *(.rel.sbss .rel.sbss.* .rel.gnu.linkonce.sb.*)
 *(.rela.sbss .rela.sbss.* .rela.gnu.linkonce.sb.*)
 *(.rel.sdata2 .rel.sdata2.* .rel.gnu.linkonce.s2.*)
 *(.rela.sdata2 .rela.sdata2.* .rela.gnu.linkonce.s2.*)
 *(.rel.sbss2 .rel.sbss2.* .rel.gnu.linkonce.sb2.*)
 *(.rela.sbss2 .rela.sbss2.* .rela.gnu.linkonce.sb2.*)
 *(.rel.bss .rel.bss.* .rel.gnu.linkonce.b.*)
 *(.rela.bss .rela.bss.* .rela.gnu.linkonce.b.*)
 *(.rel.plt)
 *(.rela.plt)
 *(.rel.dyn)
 *(.init)
 *(.plt)
 *(.text .stub .text.* .gnu.linkonce.t.*)
 .text          0x0000000001200000       0x4c ../core2_bsp//obj/HAL/src/crt0.o
                0x0000000001200000                _start
 .text          0x000000000120004c        0x0 obj/default/core2.o
 .text.startup  0x000000000120004c      0x330 obj/default/core2.o
                0x000000000120004c                main
 .text          0x000000000120037c        0x0 c:/intelfpga_lite/18.1/nios2eds/bin/gnu/h-x86_64-mingw32/bin/../lib/gcc/nios2-elf/5.3.0/../../../../../H-x86_64-mingw32/nios2-elf/lib\libsmallc.a(lib_a-printf.o)
 .text._printf_r
                0x000000000120037c       0x3c c:/intelfpga_lite/18.1/nios2eds/bin/gnu/h-x86_64-mingw32/bin/../lib/gcc/nios2-elf/5.3.0/../../../../../H-x86_64-mingw32/nios2-elf/lib\libsmallc.a(lib_a-printf.o)
                0x000000000120037c                _printf_r
 .text.printf   0x00000000012003b8       0x4c c:/intelfpga_lite/18.1/nios2eds/bin/gnu/h-x86_64-mingw32/bin/../lib/gcc/nios2-elf/5.3.0/../../../../../H-x86_64-mingw32/nios2-elf/lib\libsmallc.a(lib_a-printf.o)
                0x00000000012003b8                printf
 .text          0x0000000001200404        0x0 c:/intelfpga_lite/18.1/nios2eds/bin/gnu/h-x86_64-mingw32/bin/../lib/gcc/nios2-elf/5.3.0/../../../../../H-x86_64-mingw32/nios2-elf/lib\libsmallc.a(lib_a-putchar.o)
 .text._putchar_r
                0x0000000001200404        0x8 c:/intelfpga_lite/18.1/nios2eds/bin/gnu/h-x86_64-mingw32/bin/../lib/gcc/nios2-elf/5.3.0/../../../../../H-x86_64-mingw32/nios2-elf/lib\libsmallc.a(lib_a-putchar.o)
                0x0000000001200404                _putchar_r
 .text.putchar  0x000000000120040c       0x1c c:/intelfpga_lite/18.1/nios2eds/bin/gnu/h-x86_64-mingw32/bin/../lib/gcc/nios2-elf/5.3.0/../../../../../H-x86_64-mingw32/nios2-elf/lib\libsmallc.a(lib_a-putchar.o)
                0x000000000120040c                putchar
 .text          0x0000000001200428        0x0 c:/intelfpga_lite/18.1/nios2eds/bin/gnu/h-x86_64-mingw32/bin/../lib/gcc/nios2-elf/5.3.0/../../../../../H-x86_64-mingw32/nios2-elf/lib\libsmallc.a(lib_a-puts.o)
 .text._puts_r  0x0000000001200428       0x80 c:/intelfpga_lite/18.1/nios2eds/bin/gnu/h-x86_64-mingw32/bin/../lib/gcc/nios2-elf/5.3.0/../../../../../H-x86_64-mingw32/nios2-elf/lib\libsmallc.a(lib_a-puts.o)
                0x0000000001200428                _puts_r
 .text.puts     0x00000000012004a8       0x14 c:/intelfpga_lite/18.1/nios2eds/bin/gnu/h-x86_64-mingw32/bin/../lib/gcc/nios2-elf/5.3.0/../../../../../H-x86_64-mingw32/nios2-elf/lib\libsmallc.a(lib_a-puts.o)
                0x00000000012004a8                puts
 .text          0x00000000012004bc        0x0 c:/intelfpga_lite/18.1/nios2eds/bin/gnu/h-x86_64-mingw32/bin/../lib/gcc/nios2-elf/5.3.0/../../../../../H-x86_64-mingw32/nios2-elf/lib\libsmallc.a(lib_a-strlen.o)
 .text.strlen   0x00000000012004bc       0x1c c:/intelfpga_lite/18.1/nios2eds/bin/gnu/h-x86_64-mingw32/bin/../lib/gcc/nios2-elf/5.3.0/../../../../../H-x86_64-mingw32/nios2-elf/lib\libsmallc.a(lib_a-strlen.o)
                0x00000000012004bc                strlen
 .text          0x00000000012004d8        0x0 c:/intelfpga_lite/18.1/nios2eds/bin/gnu/h-x86_64-mingw32/bin/../lib/gcc/nios2-elf/5.3.0/../../../../../H-x86_64-mingw32/nios2-elf/lib\libsmallc.a(lib_a-vfprintf.o)
 .text.print_repeat
                0x00000000012004d8       0x6c c:/intelfpga_lite/18.1/nios2eds/bin/gnu/h-x86_64-mingw32/bin/../lib/gcc/nios2-elf/5.3.0/../../../../../H-x86_64-mingw32/nios2-elf/lib\libsmallc.a(lib_a-vfprintf.o)
 .text.___vfprintf_internal_r
                0x0000000001200544      0x524 c:/intelfpga_lite/18.1/nios2eds/bin/gnu/h-x86_64-mingw32/bin/../lib/gcc/nios2-elf/5.3.0/../../../../../H-x86_64-mingw32/nios2-elf/lib\libsmallc.a(lib_a-vfprintf.o)
                0x0000000001200544                ___vfprintf_internal_r
 .text.__vfprintf_internal
                0x0000000001200a68       0x1c c:/intelfpga_lite/18.1/nios2eds/bin/gnu/h-x86_64-mingw32/bin/../lib/gcc/nios2-elf/5.3.0/../../../../../H-x86_64-mingw32/nios2-elf/lib\libsmallc.a(lib_a-vfprintf.o)
                0x0000000001200a68                __vfprintf_internal
 .text          0x0000000001200a84        0x0 c:/intelfpga_lite/18.1/nios2eds/bin/gnu/h-x86_64-mingw32/bin/../lib/gcc/nios2-elf/5.3.0/../../../../../H-x86_64-mingw32/nios2-elf/lib\libsmallc.a(lib_a-fvwrite_small_dev.o)
 .text.__sfvwrite_small_dev
                0x0000000001200a84       0xb8 c:/intelfpga_lite/18.1/nios2eds/bin/gnu/h-x86_64-mingw32/bin/../lib/gcc/nios2-elf/5.3.0/../../../../../H-x86_64-mingw32/nios2-elf/lib\libsmallc.a(lib_a-fvwrite_small_dev.o)
                0x0000000001200a84                __sfvwrite_small_dev
 .text          0x0000000001200b3c        0x0 c:/intelfpga_lite/18.1/nios2eds/bin/gnu/h-x86_64-mingw32/bin/../lib/gcc/nios2-elf/5.3.0/../../../../../H-x86_64-mingw32/nios2-elf/lib\libsmallc.a(lib_a-impure.o)
 .text          0x0000000001200b3c        0x0 c:/intelfpga_lite/18.1/nios2eds/bin/gnu/h-x86_64-mingw32/bin/../lib/gcc/nios2-elf/5.3.0/../../../../../H-x86_64-mingw32/nios2-elf/lib\libsmallc.a(lib_a-putc.o)
 .text.putc     0x0000000001200b3c       0x54 c:/intelfpga_lite/18.1/nios2eds/bin/gnu/h-x86_64-mingw32/bin/../lib/gcc/nios2-elf/5.3.0/../../../../../H-x86_64-mingw32/nios2-elf/lib\libsmallc.a(lib_a-putc.o)
                0x0000000001200b3c                putc
 .text._putc_r  0x0000000001200b90       0x58 c:/intelfpga_lite/18.1/nios2eds/bin/gnu/h-x86_64-mingw32/bin/../lib/gcc/nios2-elf/5.3.0/../../../../../H-x86_64-mingw32/nios2-elf/lib\libsmallc.a(lib_a-putc.o)
                0x0000000001200b90                _putc_r
 .text          0x0000000001200be8        0x0 c:/intelfpga_lite/18.1/nios2eds/bin/gnu/h-x86_64-mingw32/bin/../lib/gcc/nios2-elf/5.3.0/../../../../../H-x86_64-mingw32/nios2-elf/lib\libsmallc.a(lib_a-writer.o)
 .text._write_r
                0x0000000001200be8       0x58 c:/intelfpga_lite/18.1/nios2eds/bin/gnu/h-x86_64-mingw32/bin/../lib/gcc/nios2-elf/5.3.0/../../../../../H-x86_64-mingw32/nios2-elf/lib\libsmallc.a(lib_a-writer.o)
                0x0000000001200be8                _write_r
 .text          0x0000000001200c40        0x0 c:/intelfpga_lite/18.1/nios2eds/bin/gnu/h-x86_64-mingw32/bin/../lib/gcc/nios2-elf/5.3.0/../../../../../H-x86_64-mingw32/nios2-elf/lib\libsmallc.a(lib_a-int_errno.o)
 .text          0x0000000001200c40      0x1b4 c:/intelfpga_lite/18.1/nios2eds/bin/gnu/h-x86_64-mingw32/bin/../lib/gcc/nios2-elf/5.3.0\libgcc.a(lib2-divmod.o)
                0x0000000001200c40                __divsi3
                0x0000000001200cc4                __modsi3
                0x0000000001200d38                __udivsi3
                0x0000000001200d9c                __umodsi3
 .text          0x0000000001200df4       0x18 ../core2_bsp/\libhal_bsp.a(alt_dcache_flush_all.o)
                0x0000000001200df4                alt_dcache_flush_all
 .text          0x0000000001200e0c       0xe0 ../core2_bsp/\libhal_bsp.a(alt_load.o)
                0x0000000001200e0c                alt_load
 .text          0x0000000001200eec       0x2c ../core2_bsp/\libhal_bsp.a(alt_main.o)
                0x0000000001200eec                alt_main
 .text          0x0000000001200f18       0x38 ../core2_bsp/\libhal_bsp.a(alt_putstr.o)
                0x0000000001200f18                alt_putstr
 .text          0x0000000001200f50       0x60 ../core2_bsp/\libhal_bsp.a(alt_write.o)
                0x0000000001200f50                write
 .text          0x0000000001200fb0      0x118 ../core2_bsp/\libhal_bsp.a(alt_sys_init.o)
                0x0000000001200fb0                alt_irq_init
                0x0000000001200fd0                alt_sys_init
 .text          0x00000000012010c8       0x34 ../core2_bsp/\libhal_bsp.a(altera_avalon_jtag_uart_write.o)
                0x00000000012010c8                altera_avalon_jtag_uart_write
 .text          0x00000000012010fc       0xf4 ../core2_bsp/\libhal_bsp.a(altera_avalon_mutex.o)
                0x00000000012010fc                altera_avalon_mutex_open
                0x0000000001201148                altera_avalon_mutex_close
                0x000000000120114c                altera_avalon_mutex_lock
                0x0000000001201170                altera_avalon_mutex_trylock
                0x0000000001201198                altera_avalon_mutex_unlock
                0x00000000012011b8                altera_avalon_mutex_is_mine
                0x00000000012011e0                altera_avalon_mutex_first_lock
 .text          0x00000000012011f0        0x8 ../core2_bsp/\libhal_bsp.a(alt_dev.o)
 .text          0x00000000012011f8       0x6c ../core2_bsp/\libhal_bsp.a(alt_dev_llist_insert.o)
                0x00000000012011f8                alt_dev_llist_insert
 .text          0x0000000001201264        0x0 ../core2_bsp/\libhal_bsp.a(alt_errno.o)
 .text          0x0000000001201264       0x74 ../core2_bsp/\libhal_bsp.a(alt_find_dev.o)
                0x0000000001201264                alt_find_dev
 .text          0x00000000012012d8        0xc ../core2_bsp/\libhal_bsp.a(alt_icache_flush_all.o)
                0x00000000012012d8                alt_icache_flush_all
 .text          0x00000000012012e4        0x8 ../core2_bsp/\libhal_bsp.a(altera_nios2_gen2_irq.o)
                0x00000000012012e4                altera_nios2_gen2_irq_init
 .text          0x00000000012012ec       0x38 ../core2_bsp/\libhal_bsp.a(alt_icache_flush.o)
                0x00000000012012ec                alt_icache_flush
 .text          0x0000000001201324        0x0 c:/intelfpga_lite/18.1/nios2eds/bin/gnu/h-x86_64-mingw32/bin/../lib/gcc/nios2-elf/5.3.0/../../../../../H-x86_64-mingw32/nios2-elf/lib\libsmallc.a(lib_a-memcmp.o)
 .text.memcmp   0x0000000001201324       0x30 c:/intelfpga_lite/18.1/nios2eds/bin/gnu/h-x86_64-mingw32/bin/../lib/gcc/nios2-elf/5.3.0/../../../../../H-x86_64-mingw32/nios2-elf/lib\libsmallc.a(lib_a-memcmp.o)
                0x0000000001201324                memcmp
 *(.gnu.warning.*)
 *(.fini)
                [!provide]                        PROVIDE (__etext, ABSOLUTE (.))
                [!provide]                        PROVIDE (_etext, ABSOLUTE (.))
                [!provide]                        PROVIDE (etext, ABSOLUTE (.))
 *(.eh_frame_hdr)
                0x0000000001201354                . = ALIGN (0x4)
                [!provide]                        PROVIDE (__preinit_array_start, ABSOLUTE (.))
 *(.preinit_array)
                [!provide]                        PROVIDE (__preinit_array_end, ABSOLUTE (.))
                [!provide]                        PROVIDE (__init_array_start, ABSOLUTE (.))
 *(.init_array)
                [!provide]                        PROVIDE (__init_array_end, ABSOLUTE (.))
                [!provide]                        PROVIDE (__fini_array_start, ABSOLUTE (.))
 *(.fini_array)
                [!provide]                        PROVIDE (__fini_array_end, ABSOLUTE (.))
 *(.eh_frame)
 *(.gcc_except_table .gcc_except_table.*)
 *(.dynamic)
                [!provide]                        PROVIDE (__CTOR_LIST__, ABSOLUTE (.))
 *(.ctors)
 *(SORT(.ctors.*))
                [!provide]                        PROVIDE (__CTOR_END__, ABSOLUTE (.))
                [!provide]                        PROVIDE (__DTOR_LIST__, ABSOLUTE (.))
 *(.dtors)
 *(SORT(.dtors.*))
                [!provide]                        PROVIDE (__DTOR_END__, ABSOLUTE (.))
 *(.jcr)
                0x0000000001201354                . = ALIGN (0x4)

.rodata         0x0000000001201354       0xbc
                0x0000000001201354                PROVIDE (__ram_rodata_start, ABSOLUTE (.))
                0x0000000001201354                . = ALIGN (0x4)
 *(.rodata .rodata.* .gnu.linkonce.r.*)
 .rodata.str1.4
                0x0000000001201354       0x59 obj/default/core2.o
 *fill*         0x00000000012013ad        0x3 
 .rodata.str1.4
                0x00000000012013b0        0x2 c:/intelfpga_lite/18.1/nios2eds/bin/gnu/h-x86_64-mingw32/bin/../lib/gcc/nios2-elf/5.3.0/../../../../../H-x86_64-mingw32/nios2-elf/lib\libsmallc.a(lib_a-puts.o)
 *fill*         0x00000000012013b2        0x2 
 .rodata.str1.4
                0x00000000012013b4       0x4d ../core2_bsp/\libhal_bsp.a(alt_sys_init.o)
 *fill*         0x0000000001201401        0x3 
 .rodata.str1.4
                0x0000000001201404        0xc ../core2_bsp/\libhal_bsp.a(alt_dev.o)
                                          0xa (size before relaxing)
 *(.rodata1)
                0x0000000001201410                . = ALIGN (0x4)
                0x0000000001201410                PROVIDE (__ram_rodata_end, ABSOLUTE (.))
                0x0000000001201354                PROVIDE (__flash_rodata_start, LOADADDR (.rodata))

.rwdata         0x0000000001201410      0x220 load address 0x0000000001201630
                0x0000000001201410                PROVIDE (__ram_rwdata_start, ABSOLUTE (.))
                0x0000000001201410                . = ALIGN (0x4)
 *(.got.plt)
 *(.got)
 *(.data1)
 *(.data .data.* .gnu.linkonce.d.*)
 .data          0x0000000001201410        0x0 ../core2_bsp//obj/HAL/src/crt0.o
 .data          0x0000000001201410        0x0 obj/default/core2.o
 .data          0x0000000001201410        0x0 c:/intelfpga_lite/18.1/nios2eds/bin/gnu/h-x86_64-mingw32/bin/../lib/gcc/nios2-elf/5.3.0/../../../../../H-x86_64-mingw32/nios2-elf/lib\libsmallc.a(lib_a-printf.o)
 .data          0x0000000001201410        0x0 c:/intelfpga_lite/18.1/nios2eds/bin/gnu/h-x86_64-mingw32/bin/../lib/gcc/nios2-elf/5.3.0/../../../../../H-x86_64-mingw32/nios2-elf/lib\libsmallc.a(lib_a-putchar.o)
 .data          0x0000000001201410        0x0 c:/intelfpga_lite/18.1/nios2eds/bin/gnu/h-x86_64-mingw32/bin/../lib/gcc/nios2-elf/5.3.0/../../../../../H-x86_64-mingw32/nios2-elf/lib\libsmallc.a(lib_a-puts.o)
 .data          0x0000000001201410        0x0 c:/intelfpga_lite/18.1/nios2eds/bin/gnu/h-x86_64-mingw32/bin/../lib/gcc/nios2-elf/5.3.0/../../../../../H-x86_64-mingw32/nios2-elf/lib\libsmallc.a(lib_a-strlen.o)
 .data          0x0000000001201410        0x0 c:/intelfpga_lite/18.1/nios2eds/bin/gnu/h-x86_64-mingw32/bin/../lib/gcc/nios2-elf/5.3.0/../../../../../H-x86_64-mingw32/nios2-elf/lib\libsmallc.a(lib_a-vfprintf.o)
 .data          0x0000000001201410        0x0 c:/intelfpga_lite/18.1/nios2eds/bin/gnu/h-x86_64-mingw32/bin/../lib/gcc/nios2-elf/5.3.0/../../../../../H-x86_64-mingw32/nios2-elf/lib\libsmallc.a(lib_a-fvwrite_small_dev.o)
 .data          0x0000000001201410        0x0 c:/intelfpga_lite/18.1/nios2eds/bin/gnu/h-x86_64-mingw32/bin/../lib/gcc/nios2-elf/5.3.0/../../../../../H-x86_64-mingw32/nios2-elf/lib\libsmallc.a(lib_a-impure.o)
 .data.impure_data
                0x0000000001201410       0xe0 c:/intelfpga_lite/18.1/nios2eds/bin/gnu/h-x86_64-mingw32/bin/../lib/gcc/nios2-elf/5.3.0/../../../../../H-x86_64-mingw32/nios2-elf/lib\libsmallc.a(lib_a-impure.o)
 .data          0x00000000012014f0        0x0 c:/intelfpga_lite/18.1/nios2eds/bin/gnu/h-x86_64-mingw32/bin/../lib/gcc/nios2-elf/5.3.0/../../../../../H-x86_64-mingw32/nios2-elf/lib\libsmallc.a(lib_a-putc.o)
 .data          0x00000000012014f0        0x0 c:/intelfpga_lite/18.1/nios2eds/bin/gnu/h-x86_64-mingw32/bin/../lib/gcc/nios2-elf/5.3.0/../../../../../H-x86_64-mingw32/nios2-elf/lib\libsmallc.a(lib_a-writer.o)
 .data          0x00000000012014f0        0x0 c:/intelfpga_lite/18.1/nios2eds/bin/gnu/h-x86_64-mingw32/bin/../lib/gcc/nios2-elf/5.3.0/../../../../../H-x86_64-mingw32/nios2-elf/lib\libsmallc.a(lib_a-int_errno.o)
 .data          0x00000000012014f0        0x0 c:/intelfpga_lite/18.1/nios2eds/bin/gnu/h-x86_64-mingw32/bin/../lib/gcc/nios2-elf/5.3.0\libgcc.a(lib2-divmod.o)
 .data          0x00000000012014f0        0x0 ../core2_bsp/\libhal_bsp.a(alt_dcache_flush_all.o)
 .data          0x00000000012014f0        0x0 ../core2_bsp/\libhal_bsp.a(alt_load.o)
 .data          0x00000000012014f0        0x0 ../core2_bsp/\libhal_bsp.a(alt_main.o)
 .data          0x00000000012014f0        0x0 ../core2_bsp/\libhal_bsp.a(alt_putstr.o)
 .data          0x00000000012014f0        0x0 ../core2_bsp/\libhal_bsp.a(alt_write.o)
 .data          0x00000000012014f0       0x90 ../core2_bsp/\libhal_bsp.a(alt_sys_init.o)
 .data          0x0000000001201580        0x0 ../core2_bsp/\libhal_bsp.a(altera_avalon_jtag_uart_write.o)
 .data          0x0000000001201580        0x0 ../core2_bsp/\libhal_bsp.a(altera_avalon_mutex.o)
 .data          0x0000000001201580       0x58 ../core2_bsp/\libhal_bsp.a(alt_dev.o)
                0x0000000001201580                alt_fd_list
                0x00000000012015b0                alt_dev_null
 .data          0x00000000012015d8        0x0 ../core2_bsp/\libhal_bsp.a(alt_dev_llist_insert.o)
 .data          0x00000000012015d8        0x0 ../core2_bsp/\libhal_bsp.a(alt_errno.o)
 .data          0x00000000012015d8        0x0 ../core2_bsp/\libhal_bsp.a(alt_find_dev.o)
 .data          0x00000000012015d8        0x0 ../core2_bsp/\libhal_bsp.a(alt_icache_flush_all.o)
 .data          0x00000000012015d8        0x0 ../core2_bsp/\libhal_bsp.a(altera_nios2_gen2_irq.o)
 .data          0x00000000012015d8        0x0 ../core2_bsp/\libhal_bsp.a(alt_icache_flush.o)
 .data          0x00000000012015d8        0x0 c:/intelfpga_lite/18.1/nios2eds/bin/gnu/h-x86_64-mingw32/bin/../lib/gcc/nios2-elf/5.3.0/../../../../../H-x86_64-mingw32/nios2-elf/lib\libsmallc.a(lib_a-memcmp.o)
                0x00000000012095d8                _gp = ABSOLUTE ((. + 0x8000))
                [!provide]                        PROVIDE (gp, _gp)
 *(.rwdata .rwdata.*)
 *(.sdata .sdata.* .gnu.linkonce.s.*)
 .sdata         0x00000000012015d8       0x2c obj/default/core2.o
                0x00000000012015d8                Shared_Sdram_2
                0x00000000012015dc                Shared_Sdram_1
                0x00000000012015e0                Shared_Sdram_Flag
                0x00000000012015e4                Mutex
                0x00000000012015e8                Key1
                0x00000000012015ec                SPI_SS
                0x00000000012015f0                SPI
                0x00000000012015f4                ACCEL
                0x00000000012015f8                HEX345
                0x00000000012015fc                HEX012
                0x0000000001201600                timer
 .sdata._global_impure_ptr
                0x0000000001201604        0x4 c:/intelfpga_lite/18.1/nios2eds/bin/gnu/h-x86_64-mingw32/bin/../lib/gcc/nios2-elf/5.3.0/../../../../../H-x86_64-mingw32/nios2-elf/lib\libsmallc.a(lib_a-impure.o)
                0x0000000001201604                _global_impure_ptr
 .sdata._impure_ptr
                0x0000000001201608        0x4 c:/intelfpga_lite/18.1/nios2eds/bin/gnu/h-x86_64-mingw32/bin/../lib/gcc/nios2-elf/5.3.0/../../../../../H-x86_64-mingw32/nios2-elf/lib\libsmallc.a(lib_a-impure.o)
                0x0000000001201608                _impure_ptr
 .sdata         0x000000000120160c        0x4 ../core2_bsp/\libhal_bsp.a(alt_sys_init.o)
                0x000000000120160c                jtag_uart_2
 .sdata         0x0000000001201610        0x8 ../core2_bsp/\libhal_bsp.a(altera_avalon_mutex.o)
                0x0000000001201610                alt_mutex_list
 .sdata         0x0000000001201618       0x14 ../core2_bsp/\libhal_bsp.a(alt_dev.o)
                0x0000000001201618                alt_max_fd
                0x000000000120161c                alt_dev_list
                0x0000000001201624                alt_fs_list
 .sdata         0x000000000120162c        0x4 ../core2_bsp/\libhal_bsp.a(alt_errno.o)
                0x000000000120162c                alt_errno
 *(.sdata2 .sdata2.* .gnu.linkonce.s2.*)
                0x0000000001201630                . = ALIGN (0x4)
                0x0000000001201630                _edata = ABSOLUTE (.)
                [!provide]                        PROVIDE (edata, ABSOLUTE (.))
                0x0000000001201630                PROVIDE (__ram_rwdata_end, ABSOLUTE (.))
                0x0000000001201630                PROVIDE (__flash_rwdata_start, LOADADDR (.rwdata))

.bss            0x0000000001201850       0x10
                0x0000000001201850                __bss_start = ABSOLUTE (.)
                [!provide]                        PROVIDE (__sbss_start, ABSOLUTE (.))
                [!provide]                        PROVIDE (___sbss_start, ABSOLUTE (.))
 *(.dynsbss)
 *(.sbss .sbss.* .gnu.linkonce.sb.*)
 .sbss          0x0000000001201850        0x4 c:/intelfpga_lite/18.1/nios2eds/bin/gnu/h-x86_64-mingw32/bin/../lib/gcc/nios2-elf/5.3.0/../../../../../H-x86_64-mingw32/nios2-elf/lib\libsmallc.a(lib_a-int_errno.o)
                0x0000000001201850                errno
 .sbss          0x0000000001201854        0xc ../core2_bsp/\libhal_bsp.a(alt_main.o)
                0x0000000001201854                alt_envp
                0x0000000001201858                alt_argv
                0x000000000120185c                alt_argc
 *(.sbss2 .sbss2.* .gnu.linkonce.sb2.*)
 *(.scommon)
                [!provide]                        PROVIDE (__sbss_end, ABSOLUTE (.))
                [!provide]                        PROVIDE (___sbss_end, ABSOLUTE (.))
 *(.dynbss)
 *(.bss .bss.* .gnu.linkonce.b.*)
 .bss           0x0000000001201860        0x0 ../core2_bsp//obj/HAL/src/crt0.o
 .bss           0x0000000001201860        0x0 obj/default/core2.o
 .bss           0x0000000001201860        0x0 c:/intelfpga_lite/18.1/nios2eds/bin/gnu/h-x86_64-mingw32/bin/../lib/gcc/nios2-elf/5.3.0/../../../../../H-x86_64-mingw32/nios2-elf/lib\libsmallc.a(lib_a-printf.o)
 .bss           0x0000000001201860        0x0 c:/intelfpga_lite/18.1/nios2eds/bin/gnu/h-x86_64-mingw32/bin/../lib/gcc/nios2-elf/5.3.0/../../../../../H-x86_64-mingw32/nios2-elf/lib\libsmallc.a(lib_a-putchar.o)
 .bss           0x0000000001201860        0x0 c:/intelfpga_lite/18.1/nios2eds/bin/gnu/h-x86_64-mingw32/bin/../lib/gcc/nios2-elf/5.3.0/../../../../../H-x86_64-mingw32/nios2-elf/lib\libsmallc.a(lib_a-puts.o)
 .bss           0x0000000001201860        0x0 c:/intelfpga_lite/18.1/nios2eds/bin/gnu/h-x86_64-mingw32/bin/../lib/gcc/nios2-elf/5.3.0/../../../../../H-x86_64-mingw32/nios2-elf/lib\libsmallc.a(lib_a-strlen.o)
 .bss           0x0000000001201860        0x0 c:/intelfpga_lite/18.1/nios2eds/bin/gnu/h-x86_64-mingw32/bin/../lib/gcc/nios2-elf/5.3.0/../../../../../H-x86_64-mingw32/nios2-elf/lib\libsmallc.a(lib_a-vfprintf.o)
 .bss           0x0000000001201860        0x0 c:/intelfpga_lite/18.1/nios2eds/bin/gnu/h-x86_64-mingw32/bin/../lib/gcc/nios2-elf/5.3.0/../../../../../H-x86_64-mingw32/nios2-elf/lib\libsmallc.a(lib_a-fvwrite_small_dev.o)
 .bss           0x0000000001201860        0x0 c:/intelfpga_lite/18.1/nios2eds/bin/gnu/h-x86_64-mingw32/bin/../lib/gcc/nios2-elf/5.3.0/../../../../../H-x86_64-mingw32/nios2-elf/lib\libsmallc.a(lib_a-impure.o)
 .bss           0x0000000001201860        0x0 c:/intelfpga_lite/18.1/nios2eds/bin/gnu/h-x86_64-mingw32/bin/../lib/gcc/nios2-elf/5.3.0/../../../../../H-x86_64-mingw32/nios2-elf/lib\libsmallc.a(lib_a-putc.o)
 .bss           0x0000000001201860        0x0 c:/intelfpga_lite/18.1/nios2eds/bin/gnu/h-x86_64-mingw32/bin/../lib/gcc/nios2-elf/5.3.0/../../../../../H-x86_64-mingw32/nios2-elf/lib\libsmallc.a(lib_a-writer.o)
 .bss           0x0000000001201860        0x0 c:/intelfpga_lite/18.1/nios2eds/bin/gnu/h-x86_64-mingw32/bin/../lib/gcc/nios2-elf/5.3.0/../../../../../H-x86_64-mingw32/nios2-elf/lib\libsmallc.a(lib_a-int_errno.o)
 .bss           0x0000000001201860        0x0 c:/intelfpga_lite/18.1/nios2eds/bin/gnu/h-x86_64-mingw32/bin/../lib/gcc/nios2-elf/5.3.0\libgcc.a(lib2-divmod.o)
 .bss           0x0000000001201860        0x0 ../core2_bsp/\libhal_bsp.a(alt_dcache_flush_all.o)
 .bss           0x0000000001201860        0x0 ../core2_bsp/\libhal_bsp.a(alt_load.o)
 .bss           0x0000000001201860        0x0 ../core2_bsp/\libhal_bsp.a(alt_main.o)
 .bss           0x0000000001201860        0x0 ../core2_bsp/\libhal_bsp.a(alt_putstr.o)
 .bss           0x0000000001201860        0x0 ../core2_bsp/\libhal_bsp.a(alt_write.o)
 .bss           0x0000000001201860        0x0 ../core2_bsp/\libhal_bsp.a(alt_sys_init.o)
 .bss           0x0000000001201860        0x0 ../core2_bsp/\libhal_bsp.a(altera_avalon_jtag_uart_write.o)
 .bss           0x0000000001201860        0x0 ../core2_bsp/\libhal_bsp.a(altera_avalon_mutex.o)
 .bss           0x0000000001201860        0x0 ../core2_bsp/\libhal_bsp.a(alt_dev.o)
 .bss           0x0000000001201860        0x0 ../core2_bsp/\libhal_bsp.a(alt_dev_llist_insert.o)
 .bss           0x0000000001201860        0x0 ../core2_bsp/\libhal_bsp.a(alt_errno.o)
 .bss           0x0000000001201860        0x0 ../core2_bsp/\libhal_bsp.a(alt_find_dev.o)
 .bss           0x0000000001201860        0x0 ../core2_bsp/\libhal_bsp.a(alt_icache_flush_all.o)
 .bss           0x0000000001201860        0x0 ../core2_bsp/\libhal_bsp.a(altera_nios2_gen2_irq.o)
 .bss           0x0000000001201860        0x0 ../core2_bsp/\libhal_bsp.a(alt_icache_flush.o)
 .bss           0x0000000001201860        0x0 c:/intelfpga_lite/18.1/nios2eds/bin/gnu/h-x86_64-mingw32/bin/../lib/gcc/nios2-elf/5.3.0/../../../../../H-x86_64-mingw32/nios2-elf/lib\libsmallc.a(lib_a-memcmp.o)
 *(COMMON)
                0x0000000001201860                . = ALIGN (0x4)
                0x0000000001201860                __bss_end = ABSOLUTE (.)

.CORE_RAM2      0x0000000000010020        0x0 load address 0x0000000001201860
                [!provide]                        PROVIDE (_alt_partition_CORE_RAM2_start, ABSOLUTE (.))
 *(.CORE_RAM2 .CORE_RAM2. CORE_RAM2.*)
                0x0000000000010020                . = ALIGN (0x4)
                [!provide]                        PROVIDE (_alt_partition_CORE_RAM2_end, ABSOLUTE (.))
                [!provide]                        PROVIDE (_alt_partition_CORE_RAM2_load_addr, LOADADDR (.CORE_RAM2))

.SHARED_SDRAM   0x0000000001201860        0x0
                [!provide]                        PROVIDE (_alt_partition_SHARED_SDRAM_start, ABSOLUTE (.))
 *(.SHARED_SDRAM .SHARED_SDRAM. SHARED_SDRAM.*)
                0x0000000001201860                . = ALIGN (0x4)
                [!provide]                        PROVIDE (_alt_partition_SHARED_SDRAM_end, ABSOLUTE (.))
                0x0000000001201860                _end = ABSOLUTE (.)
                0x0000000001201860                end = ABSOLUTE (.)
                0x0000000001201860                __alt_stack_base = ABSOLUTE (.)
                [!provide]                        PROVIDE (_alt_partition_SHARED_SDRAM_load_addr, LOADADDR (.SHARED_SDRAM))

.stab
 *(.stab)

.stabstr
 *(.stabstr)

.stab.excl
 *(.stab.excl)

.stab.exclstr
 *(.stab.exclstr)

.stab.index
 *(.stab.index)

.stab.indexstr
 *(.stab.indexstr)

.comment        0x0000000000000000       0x23
 *(.comment)
 .comment       0x0000000000000000       0x23 obj/default/core2.o
                                         0x24 (size before relaxing)
 .comment       0x0000000000000023       0x24 c:/intelfpga_lite/18.1/nios2eds/bin/gnu/h-x86_64-mingw32/bin/../lib/gcc/nios2-elf/5.3.0/../../../../../H-x86_64-mingw32/nios2-elf/lib\libsmallc.a(lib_a-printf.o)
 .comment       0x0000000000000023       0x24 c:/intelfpga_lite/18.1/nios2eds/bin/gnu/h-x86_64-mingw32/bin/../lib/gcc/nios2-elf/5.3.0/../../../../../H-x86_64-mingw32/nios2-elf/lib\libsmallc.a(lib_a-putchar.o)
 .comment       0x0000000000000023       0x24 c:/intelfpga_lite/18.1/nios2eds/bin/gnu/h-x86_64-mingw32/bin/../lib/gcc/nios2-elf/5.3.0/../../../../../H-x86_64-mingw32/nios2-elf/lib\libsmallc.a(lib_a-puts.o)
 .comment       0x0000000000000023       0x24 c:/intelfpga_lite/18.1/nios2eds/bin/gnu/h-x86_64-mingw32/bin/../lib/gcc/nios2-elf/5.3.0/../../../../../H-x86_64-mingw32/nios2-elf/lib\libsmallc.a(lib_a-strlen.o)
 .comment       0x0000000000000023       0x24 c:/intelfpga_lite/18.1/nios2eds/bin/gnu/h-x86_64-mingw32/bin/../lib/gcc/nios2-elf/5.3.0/../../../../../H-x86_64-mingw32/nios2-elf/lib\libsmallc.a(lib_a-vfprintf.o)
 .comment       0x0000000000000023       0x24 c:/intelfpga_lite/18.1/nios2eds/bin/gnu/h-x86_64-mingw32/bin/../lib/gcc/nios2-elf/5.3.0/../../../../../H-x86_64-mingw32/nios2-elf/lib\libsmallc.a(lib_a-fvwrite_small_dev.o)
 .comment       0x0000000000000023       0x24 c:/intelfpga_lite/18.1/nios2eds/bin/gnu/h-x86_64-mingw32/bin/../lib/gcc/nios2-elf/5.3.0/../../../../../H-x86_64-mingw32/nios2-elf/lib\libsmallc.a(lib_a-impure.o)
 .comment       0x0000000000000023       0x24 c:/intelfpga_lite/18.1/nios2eds/bin/gnu/h-x86_64-mingw32/bin/../lib/gcc/nios2-elf/5.3.0/../../../../../H-x86_64-mingw32/nios2-elf/lib\libsmallc.a(lib_a-putc.o)
 .comment       0x0000000000000023       0x24 c:/intelfpga_lite/18.1/nios2eds/bin/gnu/h-x86_64-mingw32/bin/../lib/gcc/nios2-elf/5.3.0/../../../../../H-x86_64-mingw32/nios2-elf/lib\libsmallc.a(lib_a-writer.o)
 .comment       0x0000000000000023       0x24 c:/intelfpga_lite/18.1/nios2eds/bin/gnu/h-x86_64-mingw32/bin/../lib/gcc/nios2-elf/5.3.0/../../../../../H-x86_64-mingw32/nios2-elf/lib\libsmallc.a(lib_a-int_errno.o)
 .comment       0x0000000000000023       0x24 c:/intelfpga_lite/18.1/nios2eds/bin/gnu/h-x86_64-mingw32/bin/../lib/gcc/nios2-elf/5.3.0\libgcc.a(lib2-divmod.o)
 .comment       0x0000000000000023       0x24 ../core2_bsp/\libhal_bsp.a(alt_dcache_flush_all.o)
 .comment       0x0000000000000023       0x24 ../core2_bsp/\libhal_bsp.a(alt_load.o)
 .comment       0x0000000000000023       0x24 ../core2_bsp/\libhal_bsp.a(alt_main.o)
 .comment       0x0000000000000023       0x24 ../core2_bsp/\libhal_bsp.a(alt_putstr.o)
 .comment       0x0000000000000023       0x24 ../core2_bsp/\libhal_bsp.a(alt_write.o)
 .comment       0x0000000000000023       0x24 ../core2_bsp/\libhal_bsp.a(alt_sys_init.o)
 .comment       0x0000000000000023       0x24 ../core2_bsp/\libhal_bsp.a(altera_avalon_jtag_uart_write.o)
 .comment       0x0000000000000023       0x24 ../core2_bsp/\libhal_bsp.a(altera_avalon_mutex.o)
 .comment       0x0000000000000023       0x24 ../core2_bsp/\libhal_bsp.a(alt_dev.o)
 .comment       0x0000000000000023       0x24 ../core2_bsp/\libhal_bsp.a(alt_dev_llist_insert.o)
 .comment       0x0000000000000023       0x24 ../core2_bsp/\libhal_bsp.a(alt_errno.o)
 .comment       0x0000000000000023       0x24 ../core2_bsp/\libhal_bsp.a(alt_find_dev.o)
 .comment       0x0000000000000023       0x24 ../core2_bsp/\libhal_bsp.a(alt_icache_flush_all.o)
 .comment       0x0000000000000023       0x24 ../core2_bsp/\libhal_bsp.a(altera_nios2_gen2_irq.o)
 .comment       0x0000000000000023       0x24 ../core2_bsp/\libhal_bsp.a(alt_icache_flush.o)
 .comment       0x0000000000000023       0x24 c:/intelfpga_lite/18.1/nios2eds/bin/gnu/h-x86_64-mingw32/bin/../lib/gcc/nios2-elf/5.3.0/../../../../../H-x86_64-mingw32/nios2-elf/lib\libsmallc.a(lib_a-memcmp.o)

.debug
 *(.debug)

.line
 *(.line)

.debug_srcinfo
 *(.debug_srcinfo)

.debug_sfnames
 *(.debug_sfnames)

.debug_aranges  0x0000000000000000      0x3c0
 *(.debug_aranges)
 .debug_aranges
                0x0000000000000000       0x28 ../core2_bsp//obj/HAL/src/crt0.o
 .debug_aranges
                0x0000000000000028       0x20 obj/default/core2.o
 .debug_aranges
                0x0000000000000048       0x28 c:/intelfpga_lite/18.1/nios2eds/bin/gnu/h-x86_64-mingw32/bin/../lib/gcc/nios2-elf/5.3.0/../../../../../H-x86_64-mingw32/nios2-elf/lib\libsmallc.a(lib_a-printf.o)
 .debug_aranges
                0x0000000000000070       0x28 c:/intelfpga_lite/18.1/nios2eds/bin/gnu/h-x86_64-mingw32/bin/../lib/gcc/nios2-elf/5.3.0/../../../../../H-x86_64-mingw32/nios2-elf/lib\libsmallc.a(lib_a-putchar.o)
 .debug_aranges
                0x0000000000000098       0x28 c:/intelfpga_lite/18.1/nios2eds/bin/gnu/h-x86_64-mingw32/bin/../lib/gcc/nios2-elf/5.3.0/../../../../../H-x86_64-mingw32/nios2-elf/lib\libsmallc.a(lib_a-puts.o)
 .debug_aranges
                0x00000000000000c0       0x20 c:/intelfpga_lite/18.1/nios2eds/bin/gnu/h-x86_64-mingw32/bin/../lib/gcc/nios2-elf/5.3.0/../../../../../H-x86_64-mingw32/nios2-elf/lib\libsmallc.a(lib_a-strlen.o)
 .debug_aranges
                0x00000000000000e0       0x30 c:/intelfpga_lite/18.1/nios2eds/bin/gnu/h-x86_64-mingw32/bin/../lib/gcc/nios2-elf/5.3.0/../../../../../H-x86_64-mingw32/nios2-elf/lib\libsmallc.a(lib_a-vfprintf.o)
 .debug_aranges
                0x0000000000000110       0x20 c:/intelfpga_lite/18.1/nios2eds/bin/gnu/h-x86_64-mingw32/bin/../lib/gcc/nios2-elf/5.3.0/../../../../../H-x86_64-mingw32/nios2-elf/lib\libsmallc.a(lib_a-fvwrite_small_dev.o)
 .debug_aranges
                0x0000000000000130       0x18 c:/intelfpga_lite/18.1/nios2eds/bin/gnu/h-x86_64-mingw32/bin/../lib/gcc/nios2-elf/5.3.0/../../../../../H-x86_64-mingw32/nios2-elf/lib\libsmallc.a(lib_a-impure.o)
 .debug_aranges
                0x0000000000000148       0x28 c:/intelfpga_lite/18.1/nios2eds/bin/gnu/h-x86_64-mingw32/bin/../lib/gcc/nios2-elf/5.3.0/../../../../../H-x86_64-mingw32/nios2-elf/lib\libsmallc.a(lib_a-putc.o)
 .debug_aranges
                0x0000000000000170       0x20 c:/intelfpga_lite/18.1/nios2eds/bin/gnu/h-x86_64-mingw32/bin/../lib/gcc/nios2-elf/5.3.0/../../../../../H-x86_64-mingw32/nios2-elf/lib\libsmallc.a(lib_a-writer.o)
 .debug_aranges
                0x0000000000000190       0x18 c:/intelfpga_lite/18.1/nios2eds/bin/gnu/h-x86_64-mingw32/bin/../lib/gcc/nios2-elf/5.3.0/../../../../../H-x86_64-mingw32/nios2-elf/lib\libsmallc.a(lib_a-int_errno.o)
 .debug_aranges
                0x00000000000001a8       0x20 c:/intelfpga_lite/18.1/nios2eds/bin/gnu/h-x86_64-mingw32/bin/../lib/gcc/nios2-elf/5.3.0\libgcc.a(lib2-divmod.o)
 .debug_aranges
                0x00000000000001c8       0x20 ../core2_bsp/\libhal_bsp.a(alt_dcache_flush_all.o)
 .debug_aranges
                0x00000000000001e8       0x20 ../core2_bsp/\libhal_bsp.a(alt_load.o)
 .debug_aranges
                0x0000000000000208       0x20 ../core2_bsp/\libhal_bsp.a(alt_main.o)
 .debug_aranges
                0x0000000000000228       0x20 ../core2_bsp/\libhal_bsp.a(alt_putstr.o)
 .debug_aranges
                0x0000000000000248       0x20 ../core2_bsp/\libhal_bsp.a(alt_write.o)
 .debug_aranges
                0x0000000000000268       0x20 ../core2_bsp/\libhal_bsp.a(alt_sys_init.o)
 .debug_aranges
                0x0000000000000288       0x20 ../core2_bsp/\libhal_bsp.a(altera_avalon_jtag_uart_write.o)
 .debug_aranges
                0x00000000000002a8       0x20 ../core2_bsp/\libhal_bsp.a(altera_avalon_mutex.o)
 .debug_aranges
                0x00000000000002c8       0x20 ../core2_bsp/\libhal_bsp.a(alt_dev.o)
 .debug_aranges
                0x00000000000002e8       0x20 ../core2_bsp/\libhal_bsp.a(alt_dev_llist_insert.o)
 .debug_aranges
                0x0000000000000308       0x18 ../core2_bsp/\libhal_bsp.a(alt_errno.o)
 .debug_aranges
                0x0000000000000320       0x20 ../core2_bsp/\libhal_bsp.a(alt_find_dev.o)
 .debug_aranges
                0x0000000000000340       0x20 ../core2_bsp/\libhal_bsp.a(alt_icache_flush_all.o)
 .debug_aranges
                0x0000000000000360       0x20 ../core2_bsp/\libhal_bsp.a(altera_nios2_gen2_irq.o)
 .debug_aranges
                0x0000000000000380       0x20 ../core2_bsp/\libhal_bsp.a(alt_icache_flush.o)
 .debug_aranges
                0x00000000000003a0       0x20 c:/intelfpga_lite/18.1/nios2eds/bin/gnu/h-x86_64-mingw32/bin/../lib/gcc/nios2-elf/5.3.0/../../../../../H-x86_64-mingw32/nios2-elf/lib\libsmallc.a(lib_a-memcmp.o)

.debug_pubnames
 *(.debug_pubnames)

.debug_info     0x0000000000000000     0x6202
 *(.debug_info .gnu.linkonce.wi.*)
 .debug_info    0x0000000000000000       0x6e ../core2_bsp//obj/HAL/src/crt0.o
 .debug_info    0x000000000000006e      0x5fe obj/default/core2.o
 .debug_info    0x000000000000066c      0x699 c:/intelfpga_lite/18.1/nios2eds/bin/gnu/h-x86_64-mingw32/bin/../lib/gcc/nios2-elf/5.3.0/../../../../../H-x86_64-mingw32/nios2-elf/lib\libsmallc.a(lib_a-printf.o)
 .debug_info    0x0000000000000d05      0x62a c:/intelfpga_lite/18.1/nios2eds/bin/gnu/h-x86_64-mingw32/bin/../lib/gcc/nios2-elf/5.3.0/../../../../../H-x86_64-mingw32/nios2-elf/lib\libsmallc.a(lib_a-putchar.o)
 .debug_info    0x000000000000132f      0x66d c:/intelfpga_lite/18.1/nios2eds/bin/gnu/h-x86_64-mingw32/bin/../lib/gcc/nios2-elf/5.3.0/../../../../../H-x86_64-mingw32/nios2-elf/lib\libsmallc.a(lib_a-puts.o)
 .debug_info    0x000000000000199c       0xc9 c:/intelfpga_lite/18.1/nios2eds/bin/gnu/h-x86_64-mingw32/bin/../lib/gcc/nios2-elf/5.3.0/../../../../../H-x86_64-mingw32/nios2-elf/lib\libsmallc.a(lib_a-strlen.o)
 .debug_info    0x0000000000001a65      0xb2b c:/intelfpga_lite/18.1/nios2eds/bin/gnu/h-x86_64-mingw32/bin/../lib/gcc/nios2-elf/5.3.0/../../../../../H-x86_64-mingw32/nios2-elf/lib\libsmallc.a(lib_a-vfprintf.o)
 .debug_info    0x0000000000002590      0x62b c:/intelfpga_lite/18.1/nios2eds/bin/gnu/h-x86_64-mingw32/bin/../lib/gcc/nios2-elf/5.3.0/../../../../../H-x86_64-mingw32/nios2-elf/lib\libsmallc.a(lib_a-fvwrite_small_dev.o)
 .debug_info    0x0000000000002bbb      0x5a9 c:/intelfpga_lite/18.1/nios2eds/bin/gnu/h-x86_64-mingw32/bin/../lib/gcc/nios2-elf/5.3.0/../../../../../H-x86_64-mingw32/nios2-elf/lib\libsmallc.a(lib_a-impure.o)
 .debug_info    0x0000000000003164      0x672 c:/intelfpga_lite/18.1/nios2eds/bin/gnu/h-x86_64-mingw32/bin/../lib/gcc/nios2-elf/5.3.0/../../../../../H-x86_64-mingw32/nios2-elf/lib\libsmallc.a(lib_a-putc.o)
 .debug_info    0x00000000000037d6      0x630 c:/intelfpga_lite/18.1/nios2eds/bin/gnu/h-x86_64-mingw32/bin/../lib/gcc/nios2-elf/5.3.0/../../../../../H-x86_64-mingw32/nios2-elf/lib\libsmallc.a(lib_a-writer.o)
 .debug_info    0x0000000000003e06       0x8a c:/intelfpga_lite/18.1/nios2eds/bin/gnu/h-x86_64-mingw32/bin/../lib/gcc/nios2-elf/5.3.0/../../../../../H-x86_64-mingw32/nios2-elf/lib\libsmallc.a(lib_a-int_errno.o)
 .debug_info    0x0000000000003e90      0x2c6 c:/intelfpga_lite/18.1/nios2eds/bin/gnu/h-x86_64-mingw32/bin/../lib/gcc/nios2-elf/5.3.0\libgcc.a(lib2-divmod.o)
 .debug_info    0x0000000000004156       0xa6 ../core2_bsp/\libhal_bsp.a(alt_dcache_flush_all.o)
 .debug_info    0x00000000000041fc      0x1c9 ../core2_bsp/\libhal_bsp.a(alt_load.o)
 .debug_info    0x00000000000043c5      0x18f ../core2_bsp/\libhal_bsp.a(alt_main.o)
 .debug_info    0x0000000000004554      0x13a ../core2_bsp/\libhal_bsp.a(alt_putstr.o)
 .debug_info    0x000000000000468e      0x1c7 ../core2_bsp/\libhal_bsp.a(alt_write.o)
 .debug_info    0x0000000000004855      0x662 ../core2_bsp/\libhal_bsp.a(alt_sys_init.o)
 .debug_info    0x0000000000004eb7      0x1ad ../core2_bsp/\libhal_bsp.a(altera_avalon_jtag_uart_write.o)
 .debug_info    0x0000000000005064      0x43d ../core2_bsp/\libhal_bsp.a(altera_avalon_mutex.o)
 .debug_info    0x00000000000054a1      0x499 ../core2_bsp/\libhal_bsp.a(alt_dev.o)
 .debug_info    0x000000000000593a      0x1b3 ../core2_bsp/\libhal_bsp.a(alt_dev_llist_insert.o)
 .debug_info    0x0000000000005aed       0xa6 ../core2_bsp/\libhal_bsp.a(alt_errno.o)
 .debug_info    0x0000000000005b93      0x32d ../core2_bsp/\libhal_bsp.a(alt_find_dev.o)
 .debug_info    0x0000000000005ec0       0xb8 ../core2_bsp/\libhal_bsp.a(alt_icache_flush_all.o)
 .debug_info    0x0000000000005f78       0xb8 ../core2_bsp/\libhal_bsp.a(altera_nios2_gen2_irq.o)
 .debug_info    0x0000000000006030       0xde ../core2_bsp/\libhal_bsp.a(alt_icache_flush.o)
 .debug_info    0x000000000000610e       0xf4 c:/intelfpga_lite/18.1/nios2eds/bin/gnu/h-x86_64-mingw32/bin/../lib/gcc/nios2-elf/5.3.0/../../../../../H-x86_64-mingw32/nios2-elf/lib\libsmallc.a(lib_a-memcmp.o)

.debug_abbrev   0x0000000000000000     0x2078
 *(.debug_abbrev)
 .debug_abbrev  0x0000000000000000       0x12 ../core2_bsp//obj/HAL/src/crt0.o
 .debug_abbrev  0x0000000000000012      0x174 obj/default/core2.o
 .debug_abbrev  0x0000000000000186      0x1ee c:/intelfpga_lite/18.1/nios2eds/bin/gnu/h-x86_64-mingw32/bin/../lib/gcc/nios2-elf/5.3.0/../../../../../H-x86_64-mingw32/nios2-elf/lib\libsmallc.a(lib_a-printf.o)
 .debug_abbrev  0x0000000000000374      0x1c0 c:/intelfpga_lite/18.1/nios2eds/bin/gnu/h-x86_64-mingw32/bin/../lib/gcc/nios2-elf/5.3.0/../../../../../H-x86_64-mingw32/nios2-elf/lib\libsmallc.a(lib_a-putchar.o)
 .debug_abbrev  0x0000000000000534      0x1d6 c:/intelfpga_lite/18.1/nios2eds/bin/gnu/h-x86_64-mingw32/bin/../lib/gcc/nios2-elf/5.3.0/../../../../../H-x86_64-mingw32/nios2-elf/lib\libsmallc.a(lib_a-puts.o)
 .debug_abbrev  0x000000000000070a       0x7f c:/intelfpga_lite/18.1/nios2eds/bin/gnu/h-x86_64-mingw32/bin/../lib/gcc/nios2-elf/5.3.0/../../../../../H-x86_64-mingw32/nios2-elf/lib\libsmallc.a(lib_a-strlen.o)
 .debug_abbrev  0x0000000000000789      0x2a1 c:/intelfpga_lite/18.1/nios2eds/bin/gnu/h-x86_64-mingw32/bin/../lib/gcc/nios2-elf/5.3.0/../../../../../H-x86_64-mingw32/nios2-elf/lib\libsmallc.a(lib_a-vfprintf.o)
 .debug_abbrev  0x0000000000000a2a      0x1bc c:/intelfpga_lite/18.1/nios2eds/bin/gnu/h-x86_64-mingw32/bin/../lib/gcc/nios2-elf/5.3.0/../../../../../H-x86_64-mingw32/nios2-elf/lib\libsmallc.a(lib_a-fvwrite_small_dev.o)
 .debug_abbrev  0x0000000000000be6      0x14a c:/intelfpga_lite/18.1/nios2eds/bin/gnu/h-x86_64-mingw32/bin/../lib/gcc/nios2-elf/5.3.0/../../../../../H-x86_64-mingw32/nios2-elf/lib\libsmallc.a(lib_a-impure.o)
 .debug_abbrev  0x0000000000000d30      0x1bd c:/intelfpga_lite/18.1/nios2eds/bin/gnu/h-x86_64-mingw32/bin/../lib/gcc/nios2-elf/5.3.0/../../../../../H-x86_64-mingw32/nios2-elf/lib\libsmallc.a(lib_a-putc.o)
 .debug_abbrev  0x0000000000000eed      0x1a6 c:/intelfpga_lite/18.1/nios2eds/bin/gnu/h-x86_64-mingw32/bin/../lib/gcc/nios2-elf/5.3.0/../../../../../H-x86_64-mingw32/nios2-elf/lib\libsmallc.a(lib_a-writer.o)
 .debug_abbrev  0x0000000000001093       0x37 c:/intelfpga_lite/18.1/nios2eds/bin/gnu/h-x86_64-mingw32/bin/../lib/gcc/nios2-elf/5.3.0/../../../../../H-x86_64-mingw32/nios2-elf/lib\libsmallc.a(lib_a-int_errno.o)
 .debug_abbrev  0x00000000000010ca      0x10e c:/intelfpga_lite/18.1/nios2eds/bin/gnu/h-x86_64-mingw32/bin/../lib/gcc/nios2-elf/5.3.0\libgcc.a(lib2-divmod.o)
 .debug_abbrev  0x00000000000011d8       0x5a ../core2_bsp/\libhal_bsp.a(alt_dcache_flush_all.o)
 .debug_abbrev  0x0000000000001232       0xd8 ../core2_bsp/\libhal_bsp.a(alt_load.o)
 .debug_abbrev  0x000000000000130a       0xf5 ../core2_bsp/\libhal_bsp.a(alt_main.o)
 .debug_abbrev  0x00000000000013ff       0xd3 ../core2_bsp/\libhal_bsp.a(alt_putstr.o)
 .debug_abbrev  0x00000000000014d2      0x12e ../core2_bsp/\libhal_bsp.a(alt_write.o)
 .debug_abbrev  0x0000000000001600      0x221 ../core2_bsp/\libhal_bsp.a(alt_sys_init.o)
 .debug_abbrev  0x0000000000001821       0xd5 ../core2_bsp/\libhal_bsp.a(altera_avalon_jtag_uart_write.o)
 .debug_abbrev  0x00000000000018f6      0x21e ../core2_bsp/\libhal_bsp.a(altera_avalon_mutex.o)
 .debug_abbrev  0x0000000000001b14       0xd9 ../core2_bsp/\libhal_bsp.a(alt_dev.o)
 .debug_abbrev  0x0000000000001bed      0x11c ../core2_bsp/\libhal_bsp.a(alt_dev_llist_insert.o)
 .debug_abbrev  0x0000000000001d09       0x5a ../core2_bsp/\libhal_bsp.a(alt_errno.o)
 .debug_abbrev  0x0000000000001d63      0x125 ../core2_bsp/\libhal_bsp.a(alt_find_dev.o)
 .debug_abbrev  0x0000000000001e88       0x6f ../core2_bsp/\libhal_bsp.a(alt_icache_flush_all.o)
 .debug_abbrev  0x0000000000001ef7       0x67 ../core2_bsp/\libhal_bsp.a(altera_nios2_gen2_irq.o)
 .debug_abbrev  0x0000000000001f5e       0x9b ../core2_bsp/\libhal_bsp.a(alt_icache_flush.o)
 .debug_abbrev  0x0000000000001ff9       0x7f c:/intelfpga_lite/18.1/nios2eds/bin/gnu/h-x86_64-mingw32/bin/../lib/gcc/nios2-elf/5.3.0/../../../../../H-x86_64-mingw32/nios2-elf/lib\libsmallc.a(lib_a-memcmp.o)

.debug_line     0x0000000000000000     0x24dc
 *(.debug_line)
 .debug_line    0x0000000000000000       0x72 ../core2_bsp//obj/HAL/src/crt0.o
 .debug_line    0x0000000000000072      0x2f3 obj/default/core2.o
 .debug_line    0x0000000000000365      0x200 c:/intelfpga_lite/18.1/nios2eds/bin/gnu/h-x86_64-mingw32/bin/../lib/gcc/nios2-elf/5.3.0/../../../../../H-x86_64-mingw32/nios2-elf/lib\libsmallc.a(lib_a-printf.o)
 .debug_line    0x0000000000000565      0x1e6 c:/intelfpga_lite/18.1/nios2eds/bin/gnu/h-x86_64-mingw32/bin/../lib/gcc/nios2-elf/5.3.0/../../../../../H-x86_64-mingw32/nios2-elf/lib\libsmallc.a(lib_a-putchar.o)
 .debug_line    0x000000000000074b      0x203 c:/intelfpga_lite/18.1/nios2eds/bin/gnu/h-x86_64-mingw32/bin/../lib/gcc/nios2-elf/5.3.0/../../../../../H-x86_64-mingw32/nios2-elf/lib\libsmallc.a(lib_a-puts.o)
 .debug_line    0x000000000000094e      0x159 c:/intelfpga_lite/18.1/nios2eds/bin/gnu/h-x86_64-mingw32/bin/../lib/gcc/nios2-elf/5.3.0/../../../../../H-x86_64-mingw32/nios2-elf/lib\libsmallc.a(lib_a-strlen.o)
 .debug_line    0x0000000000000aa7      0x34f c:/intelfpga_lite/18.1/nios2eds/bin/gnu/h-x86_64-mingw32/bin/../lib/gcc/nios2-elf/5.3.0/../../../../../H-x86_64-mingw32/nios2-elf/lib\libsmallc.a(lib_a-vfprintf.o)
 .debug_line    0x0000000000000df6      0x1ed c:/intelfpga_lite/18.1/nios2eds/bin/gnu/h-x86_64-mingw32/bin/../lib/gcc/nios2-elf/5.3.0/../../../../../H-x86_64-mingw32/nios2-elf/lib\libsmallc.a(lib_a-fvwrite_small_dev.o)
 .debug_line    0x0000000000000fe3      0x153 c:/intelfpga_lite/18.1/nios2eds/bin/gnu/h-x86_64-mingw32/bin/../lib/gcc/nios2-elf/5.3.0/../../../../../H-x86_64-mingw32/nios2-elf/lib\libsmallc.a(lib_a-impure.o)
 .debug_line    0x0000000000001136      0x1ff c:/intelfpga_lite/18.1/nios2eds/bin/gnu/h-x86_64-mingw32/bin/../lib/gcc/nios2-elf/5.3.0/../../../../../H-x86_64-mingw32/nios2-elf/lib\libsmallc.a(lib_a-putc.o)
 .debug_line    0x0000000000001335      0x1ea c:/intelfpga_lite/18.1/nios2eds/bin/gnu/h-x86_64-mingw32/bin/../lib/gcc/nios2-elf/5.3.0/../../../../../H-x86_64-mingw32/nios2-elf/lib\libsmallc.a(lib_a-writer.o)
 .debug_line    0x000000000000151f       0x5c c:/intelfpga_lite/18.1/nios2eds/bin/gnu/h-x86_64-mingw32/bin/../lib/gcc/nios2-elf/5.3.0/../../../../../H-x86_64-mingw32/nios2-elf/lib\libsmallc.a(lib_a-int_errno.o)
 .debug_line    0x000000000000157b      0x102 c:/intelfpga_lite/18.1/nios2eds/bin/gnu/h-x86_64-mingw32/bin/../lib/gcc/nios2-elf/5.3.0\libgcc.a(lib2-divmod.o)
 .debug_line    0x000000000000167d       0x5a ../core2_bsp/\libhal_bsp.a(alt_dcache_flush_all.o)
 .debug_line    0x00000000000016d7       0xa4 ../core2_bsp/\libhal_bsp.a(alt_load.o)
 .debug_line    0x000000000000177b       0xea ../core2_bsp/\libhal_bsp.a(alt_main.o)
 .debug_line    0x0000000000001865       0xa0 ../core2_bsp/\libhal_bsp.a(alt_putstr.o)
 .debug_line    0x0000000000001905      0x16a ../core2_bsp/\libhal_bsp.a(alt_write.o)
 .debug_line    0x0000000000001a6f      0x21f ../core2_bsp/\libhal_bsp.a(alt_sys_init.o)
 .debug_line    0x0000000000001c8e      0x104 ../core2_bsp/\libhal_bsp.a(altera_avalon_jtag_uart_write.o)
 .debug_line    0x0000000000001d92      0x150 ../core2_bsp/\libhal_bsp.a(altera_avalon_mutex.o)
 .debug_line    0x0000000000001ee2       0xf6 ../core2_bsp/\libhal_bsp.a(alt_dev.o)
 .debug_line    0x0000000000001fd8       0xd8 ../core2_bsp/\libhal_bsp.a(alt_dev_llist_insert.o)
 .debug_line    0x00000000000020b0       0x51 ../core2_bsp/\libhal_bsp.a(alt_errno.o)
 .debug_line    0x0000000000002101      0x107 ../core2_bsp/\libhal_bsp.a(alt_find_dev.o)
 .debug_line    0x0000000000002208       0x6e ../core2_bsp/\libhal_bsp.a(alt_icache_flush_all.o)
 .debug_line    0x0000000000002276       0x8c ../core2_bsp/\libhal_bsp.a(altera_nios2_gen2_irq.o)
 .debug_line    0x0000000000002302       0x7d ../core2_bsp/\libhal_bsp.a(alt_icache_flush.o)
 .debug_line    0x000000000000237f      0x15d c:/intelfpga_lite/18.1/nios2eds/bin/gnu/h-x86_64-mingw32/bin/../lib/gcc/nios2-elf/5.3.0/../../../../../H-x86_64-mingw32/nios2-elf/lib\libsmallc.a(lib_a-memcmp.o)

.debug_frame    0x0000000000000000      0x5a8
 *(.debug_frame)
 .debug_frame   0x0000000000000000       0x34 obj/default/core2.o
 .debug_frame   0x0000000000000034       0x48 c:/intelfpga_lite/18.1/nios2eds/bin/gnu/h-x86_64-mingw32/bin/../lib/gcc/nios2-elf/5.3.0/../../../../../H-x86_64-mingw32/nios2-elf/lib\libsmallc.a(lib_a-printf.o)
 .debug_frame   0x000000000000007c       0x30 c:/intelfpga_lite/18.1/nios2eds/bin/gnu/h-x86_64-mingw32/bin/../lib/gcc/nios2-elf/5.3.0/../../../../../H-x86_64-mingw32/nios2-elf/lib\libsmallc.a(lib_a-putchar.o)
 .debug_frame   0x00000000000000ac       0x48 c:/intelfpga_lite/18.1/nios2eds/bin/gnu/h-x86_64-mingw32/bin/../lib/gcc/nios2-elf/5.3.0/../../../../../H-x86_64-mingw32/nios2-elf/lib\libsmallc.a(lib_a-puts.o)
 .debug_frame   0x00000000000000f4       0x20 c:/intelfpga_lite/18.1/nios2eds/bin/gnu/h-x86_64-mingw32/bin/../lib/gcc/nios2-elf/5.3.0/../../../../../H-x86_64-mingw32/nios2-elf/lib\libsmallc.a(lib_a-strlen.o)
 .debug_frame   0x0000000000000114       0x8c c:/intelfpga_lite/18.1/nios2eds/bin/gnu/h-x86_64-mingw32/bin/../lib/gcc/nios2-elf/5.3.0/../../../../../H-x86_64-mingw32/nios2-elf/lib\libsmallc.a(lib_a-vfprintf.o)
 .debug_frame   0x00000000000001a0       0x58 c:/intelfpga_lite/18.1/nios2eds/bin/gnu/h-x86_64-mingw32/bin/../lib/gcc/nios2-elf/5.3.0/../../../../../H-x86_64-mingw32/nios2-elf/lib\libsmallc.a(lib_a-fvwrite_small_dev.o)
 .debug_frame   0x00000000000001f8       0x50 c:/intelfpga_lite/18.1/nios2eds/bin/gnu/h-x86_64-mingw32/bin/../lib/gcc/nios2-elf/5.3.0/../../../../../H-x86_64-mingw32/nios2-elf/lib\libsmallc.a(lib_a-putc.o)
 .debug_frame   0x0000000000000248       0x38 c:/intelfpga_lite/18.1/nios2eds/bin/gnu/h-x86_64-mingw32/bin/../lib/gcc/nios2-elf/5.3.0/../../../../../H-x86_64-mingw32/nios2-elf/lib\libsmallc.a(lib_a-writer.o)
 .debug_frame   0x0000000000000280       0x50 c:/intelfpga_lite/18.1/nios2eds/bin/gnu/h-x86_64-mingw32/bin/../lib/gcc/nios2-elf/5.3.0\libgcc.a(lib2-divmod.o)
 .debug_frame   0x00000000000002d0       0x20 ../core2_bsp/\libhal_bsp.a(alt_dcache_flush_all.o)
 .debug_frame   0x00000000000002f0       0x30 ../core2_bsp/\libhal_bsp.a(alt_load.o)
 .debug_frame   0x0000000000000320       0x2c ../core2_bsp/\libhal_bsp.a(alt_main.o)
 .debug_frame   0x000000000000034c       0x30 ../core2_bsp/\libhal_bsp.a(alt_putstr.o)
 .debug_frame   0x000000000000037c       0x2c ../core2_bsp/\libhal_bsp.a(alt_write.o)
 .debug_frame   0x00000000000003a8       0x48 ../core2_bsp/\libhal_bsp.a(alt_sys_init.o)
 .debug_frame   0x00000000000003f0       0x20 ../core2_bsp/\libhal_bsp.a(altera_avalon_jtag_uart_write.o)
 .debug_frame   0x0000000000000410       0x90 ../core2_bsp/\libhal_bsp.a(altera_avalon_mutex.o)
 .debug_frame   0x00000000000004a0       0x20 ../core2_bsp/\libhal_bsp.a(alt_dev.o)
 .debug_frame   0x00000000000004c0       0x2c ../core2_bsp/\libhal_bsp.a(alt_dev_llist_insert.o)
 .debug_frame   0x00000000000004ec       0x3c ../core2_bsp/\libhal_bsp.a(alt_find_dev.o)
 .debug_frame   0x0000000000000528       0x20 ../core2_bsp/\libhal_bsp.a(alt_icache_flush_all.o)
 .debug_frame   0x0000000000000548       0x20 ../core2_bsp/\libhal_bsp.a(altera_nios2_gen2_irq.o)
 .debug_frame   0x0000000000000568       0x20 ../core2_bsp/\libhal_bsp.a(alt_icache_flush.o)
 .debug_frame   0x0000000000000588       0x20 c:/intelfpga_lite/18.1/nios2eds/bin/gnu/h-x86_64-mingw32/bin/../lib/gcc/nios2-elf/5.3.0/../../../../../H-x86_64-mingw32/nios2-elf/lib\libsmallc.a(lib_a-memcmp.o)

.debug_str      0x0000000000000000     0x150b
 *(.debug_str)
 .debug_str     0x0000000000000000      0x291 obj/default/core2.o
                                        0x2f6 (size before relaxing)
 .debug_str     0x0000000000000291      0x410 c:/intelfpga_lite/18.1/nios2eds/bin/gnu/h-x86_64-mingw32/bin/../lib/gcc/nios2-elf/5.3.0/../../../../../H-x86_64-mingw32/nios2-elf/lib\libsmallc.a(lib_a-printf.o)
                                        0x4ea (size before relaxing)
 .debug_str     0x00000000000006a1       0x4d c:/intelfpga_lite/18.1/nios2eds/bin/gnu/h-x86_64-mingw32/bin/../lib/gcc/nios2-elf/5.3.0/../../../../../H-x86_64-mingw32/nios2-elf/lib\libsmallc.a(lib_a-putchar.o)
                                        0x4a7 (size before relaxing)
 .debug_str     0x00000000000006ee       0x5b c:/intelfpga_lite/18.1/nios2eds/bin/gnu/h-x86_64-mingw32/bin/../lib/gcc/nios2-elf/5.3.0/../../../../../H-x86_64-mingw32/nios2-elf/lib\libsmallc.a(lib_a-puts.o)
                                        0x4b3 (size before relaxing)
 .debug_str     0x0000000000000749       0xc4 c:/intelfpga_lite/18.1/nios2eds/bin/gnu/h-x86_64-mingw32/bin/../lib/gcc/nios2-elf/5.3.0/../../../../../H-x86_64-mingw32/nios2-elf/lib\libsmallc.a(lib_a-strlen.o)
                                        0x1cb (size before relaxing)
 .debug_str     0x000000000000080d      0x1e9 c:/intelfpga_lite/18.1/nios2eds/bin/gnu/h-x86_64-mingw32/bin/../lib/gcc/nios2-elf/5.3.0/../../../../../H-x86_64-mingw32/nios2-elf/lib\libsmallc.a(lib_a-vfprintf.o)
                                        0x665 (size before relaxing)
 .debug_str     0x00000000000009f6       0x60 c:/intelfpga_lite/18.1/nios2eds/bin/gnu/h-x86_64-mingw32/bin/../lib/gcc/nios2-elf/5.3.0/../../../../../H-x86_64-mingw32/nios2-elf/lib\libsmallc.a(lib_a-fvwrite_small_dev.o)
                                        0x4ba (size before relaxing)
 .debug_str     0x0000000000000a56       0xe1 c:/intelfpga_lite/18.1/nios2eds/bin/gnu/h-x86_64-mingw32/bin/../lib/gcc/nios2-elf/5.3.0/../../../../../H-x86_64-mingw32/nios2-elf/lib\libsmallc.a(lib_a-impure.o)
                                        0x4a4 (size before relaxing)
 .debug_str     0x0000000000000b37       0x43 c:/intelfpga_lite/18.1/nios2eds/bin/gnu/h-x86_64-mingw32/bin/../lib/gcc/nios2-elf/5.3.0/../../../../../H-x86_64-mingw32/nios2-elf/lib\libsmallc.a(lib_a-putc.o)
                                        0x4b1 (size before relaxing)
 .debug_str     0x0000000000000b7a       0x42 c:/intelfpga_lite/18.1/nios2eds/bin/gnu/h-x86_64-mingw32/bin/../lib/gcc/nios2-elf/5.3.0/../../../../../H-x86_64-mingw32/nios2-elf/lib\libsmallc.a(lib_a-writer.o)
                                        0x49e (size before relaxing)
 .debug_str     0x0000000000000bbc       0x3c c:/intelfpga_lite/18.1/nios2eds/bin/gnu/h-x86_64-mingw32/bin/../lib/gcc/nios2-elf/5.3.0/../../../../../H-x86_64-mingw32/nios2-elf/lib\libsmallc.a(lib_a-int_errno.o)
                                        0x1be (size before relaxing)
 .debug_str     0x0000000000000bf8      0x16d c:/intelfpga_lite/18.1/nios2eds/bin/gnu/h-x86_64-mingw32/bin/../lib/gcc/nios2-elf/5.3.0\libgcc.a(lib2-divmod.o)
                                        0x1b8 (size before relaxing)
 .debug_str     0x0000000000000d65       0x59 ../core2_bsp/\libhal_bsp.a(alt_dcache_flush_all.o)
                                        0x152 (size before relaxing)
 .debug_str     0x0000000000000dbe      0x106 ../core2_bsp/\libhal_bsp.a(alt_load.o)
                                        0x239 (size before relaxing)
 .debug_str     0x0000000000000ec4       0x7f ../core2_bsp/\libhal_bsp.a(alt_main.o)
                                        0x1db (size before relaxing)
 .debug_str     0x0000000000000f43       0x5f ../core2_bsp/\libhal_bsp.a(alt_putstr.o)
                                        0x18f (size before relaxing)
 .debug_str     0x0000000000000fa2       0x22 ../core2_bsp/\libhal_bsp.a(alt_write.o)
                                        0x1dd (size before relaxing)
 .debug_str     0x0000000000000fc4      0x224 ../core2_bsp/\libhal_bsp.a(alt_sys_init.o)
                                        0x469 (size before relaxing)
 .debug_str     0x00000000000011e8       0x2c ../core2_bsp/\libhal_bsp.a(altera_avalon_jtag_uart_write.o)
                                        0x233 (size before relaxing)
 .debug_str     0x0000000000001214       0xbe ../core2_bsp/\libhal_bsp.a(altera_avalon_mutex.o)
                                        0x2db (size before relaxing)
 .debug_str     0x00000000000012d2      0x12c ../core2_bsp/\libhal_bsp.a(alt_dev.o)
                                        0x302 (size before relaxing)
 .debug_str     0x00000000000013fe       0x36 ../core2_bsp/\libhal_bsp.a(alt_dev_llist_insert.o)
                                        0x1c9 (size before relaxing)
 .debug_str     0x0000000000001434       0x14 ../core2_bsp/\libhal_bsp.a(alt_errno.o)
                                        0x142 (size before relaxing)
 .debug_str     0x0000000000001448       0x1e ../core2_bsp/\libhal_bsp.a(alt_find_dev.o)
                                        0x1f7 (size before relaxing)
 .debug_str     0x0000000000001466       0x30 ../core2_bsp/\libhal_bsp.a(alt_icache_flush_all.o)
                                        0x163 (size before relaxing)
 .debug_str     0x0000000000001496       0x20 ../core2_bsp/\libhal_bsp.a(altera_nios2_gen2_irq.o)
                                        0x182 (size before relaxing)
 .debug_str     0x00000000000014b6       0x1b ../core2_bsp/\libhal_bsp.a(alt_icache_flush.o)
                                        0x158 (size before relaxing)
 .debug_str     0x00000000000014d1       0x3a c:/intelfpga_lite/18.1/nios2eds/bin/gnu/h-x86_64-mingw32/bin/../lib/gcc/nios2-elf/5.3.0/../../../../../H-x86_64-mingw32/nios2-elf/lib\libsmallc.a(lib_a-memcmp.o)
                                        0x1c5 (size before relaxing)

.debug_loc      0x0000000000000000     0x1a14
 *(.debug_loc)
 .debug_loc     0x0000000000000000      0x214 obj/default/core2.o
 .debug_loc     0x0000000000000214       0xc6 c:/intelfpga_lite/18.1/nios2eds/bin/gnu/h-x86_64-mingw32/bin/../lib/gcc/nios2-elf/5.3.0/../../../../../H-x86_64-mingw32/nios2-elf/lib\libsmallc.a(lib_a-printf.o)
 .debug_loc     0x00000000000002da       0x81 c:/intelfpga_lite/18.1/nios2eds/bin/gnu/h-x86_64-mingw32/bin/../lib/gcc/nios2-elf/5.3.0/../../../../../H-x86_64-mingw32/nios2-elf/lib\libsmallc.a(lib_a-putchar.o)
 .debug_loc     0x000000000000035b       0x97 c:/intelfpga_lite/18.1/nios2eds/bin/gnu/h-x86_64-mingw32/bin/../lib/gcc/nios2-elf/5.3.0/../../../../../H-x86_64-mingw32/nios2-elf/lib\libsmallc.a(lib_a-puts.o)
 .debug_loc     0x00000000000003f2       0x1e c:/intelfpga_lite/18.1/nios2eds/bin/gnu/h-x86_64-mingw32/bin/../lib/gcc/nios2-elf/5.3.0/../../../../../H-x86_64-mingw32/nios2-elf/lib\libsmallc.a(lib_a-strlen.o)
 .debug_loc     0x0000000000000410      0x901 c:/intelfpga_lite/18.1/nios2eds/bin/gnu/h-x86_64-mingw32/bin/../lib/gcc/nios2-elf/5.3.0/../../../../../H-x86_64-mingw32/nios2-elf/lib\libsmallc.a(lib_a-vfprintf.o)
 .debug_loc     0x0000000000000d11      0x110 c:/intelfpga_lite/18.1/nios2eds/bin/gnu/h-x86_64-mingw32/bin/../lib/gcc/nios2-elf/5.3.0/../../../../../H-x86_64-mingw32/nios2-elf/lib\libsmallc.a(lib_a-fvwrite_small_dev.o)
 .debug_loc     0x0000000000000e21       0xc6 c:/intelfpga_lite/18.1/nios2eds/bin/gnu/h-x86_64-mingw32/bin/../lib/gcc/nios2-elf/5.3.0/../../../../../H-x86_64-mingw32/nios2-elf/lib\libsmallc.a(lib_a-putc.o)
 .debug_loc     0x0000000000000ee7       0xa5 c:/intelfpga_lite/18.1/nios2eds/bin/gnu/h-x86_64-mingw32/bin/../lib/gcc/nios2-elf/5.3.0/../../../../../H-x86_64-mingw32/nios2-elf/lib\libsmallc.a(lib_a-writer.o)
 .debug_loc     0x0000000000000f8c      0x4ce c:/intelfpga_lite/18.1/nios2eds/bin/gnu/h-x86_64-mingw32/bin/../lib/gcc/nios2-elf/5.3.0\libgcc.a(lib2-divmod.o)
 .debug_loc     0x000000000000145a       0x1f ../core2_bsp/\libhal_bsp.a(alt_dcache_flush_all.o)
 .debug_loc     0x0000000000001479       0x37 ../core2_bsp/\libhal_bsp.a(alt_putstr.o)
 .debug_loc     0x00000000000014b0       0xcf ../core2_bsp/\libhal_bsp.a(alt_write.o)
 .debug_loc     0x000000000000157f       0x77 ../core2_bsp/\libhal_bsp.a(alt_sys_init.o)
 .debug_loc     0x00000000000015f6       0x8b ../core2_bsp/\libhal_bsp.a(altera_avalon_jtag_uart_write.o)
 .debug_loc     0x0000000000001681      0x1b1 ../core2_bsp/\libhal_bsp.a(altera_avalon_mutex.o)
 .debug_loc     0x0000000000001832       0x7e ../core2_bsp/\libhal_bsp.a(alt_dev_llist_insert.o)
 .debug_loc     0x00000000000018b0       0x7e ../core2_bsp/\libhal_bsp.a(alt_find_dev.o)
 .debug_loc     0x000000000000192e       0x52 ../core2_bsp/\libhal_bsp.a(alt_icache_flush.o)
 .debug_loc     0x0000000000001980       0x94 c:/intelfpga_lite/18.1/nios2eds/bin/gnu/h-x86_64-mingw32/bin/../lib/gcc/nios2-elf/5.3.0/../../../../../H-x86_64-mingw32/nios2-elf/lib\libsmallc.a(lib_a-memcmp.o)

.debug_macinfo
 *(.debug_macinfo)

.debug_weaknames
 *(.debug_weaknames)

.debug_funcnames
 *(.debug_funcnames)

.debug_typenames
 *(.debug_typenames)

.debug_varnames
 *(.debug_varnames)

.debug_alt_sim_info
                0x0000000000000000       0x30
 *(.debug_alt_sim_info)
 .debug_alt_sim_info
                0x0000000000000000       0x30 ../core2_bsp//obj/HAL/src/crt0.o
                0x0000000001300000                __alt_data_end = 0x1300000
                0x0000000001300000                PROVIDE (__alt_stack_pointer, __alt_data_end)
                [!provide]                        PROVIDE (__alt_stack_limit, __alt_stack_base)
                [!provide]                        PROVIDE (__alt_heap_start, end)
                [!provide]                        PROVIDE (__alt_heap_limit, 0x1300000)
OUTPUT(core2.elf elf32-littlenios2)

.debug_ranges   0x0000000000000000      0x348
 .debug_ranges  0x0000000000000000       0x20 ../core2_bsp//obj/HAL/src/crt0.o
 .debug_ranges  0x0000000000000020       0x58 obj/default/core2.o
 .debug_ranges  0x0000000000000078       0x18 c:/intelfpga_lite/18.1/nios2eds/bin/gnu/h-x86_64-mingw32/bin/../lib/gcc/nios2-elf/5.3.0/../../../../../H-x86_64-mingw32/nios2-elf/lib\libsmallc.a(lib_a-printf.o)
 .debug_ranges  0x0000000000000090       0x18 c:/intelfpga_lite/18.1/nios2eds/bin/gnu/h-x86_64-mingw32/bin/../lib/gcc/nios2-elf/5.3.0/../../../../../H-x86_64-mingw32/nios2-elf/lib\libsmallc.a(lib_a-putchar.o)
 .debug_ranges  0x00000000000000a8       0x18 c:/intelfpga_lite/18.1/nios2eds/bin/gnu/h-x86_64-mingw32/bin/../lib/gcc/nios2-elf/5.3.0/../../../../../H-x86_64-mingw32/nios2-elf/lib\libsmallc.a(lib_a-puts.o)
 .debug_ranges  0x00000000000000c0       0x10 c:/intelfpga_lite/18.1/nios2eds/bin/gnu/h-x86_64-mingw32/bin/../lib/gcc/nios2-elf/5.3.0/../../../../../H-x86_64-mingw32/nios2-elf/lib\libsmallc.a(lib_a-strlen.o)
 .debug_ranges  0x00000000000000d0       0xc8 c:/intelfpga_lite/18.1/nios2eds/bin/gnu/h-x86_64-mingw32/bin/../lib/gcc/nios2-elf/5.3.0/../../../../../H-x86_64-mingw32/nios2-elf/lib\libsmallc.a(lib_a-vfprintf.o)
 .debug_ranges  0x0000000000000198       0x28 c:/intelfpga_lite/18.1/nios2eds/bin/gnu/h-x86_64-mingw32/bin/../lib/gcc/nios2-elf/5.3.0/../../../../../H-x86_64-mingw32/nios2-elf/lib\libsmallc.a(lib_a-fvwrite_small_dev.o)
 .debug_ranges  0x00000000000001c0       0x18 c:/intelfpga_lite/18.1/nios2eds/bin/gnu/h-x86_64-mingw32/bin/../lib/gcc/nios2-elf/5.3.0/../../../../../H-x86_64-mingw32/nios2-elf/lib\libsmallc.a(lib_a-putc.o)
 .debug_ranges  0x00000000000001d8       0x10 c:/intelfpga_lite/18.1/nios2eds/bin/gnu/h-x86_64-mingw32/bin/../lib/gcc/nios2-elf/5.3.0/../../../../../H-x86_64-mingw32/nios2-elf/lib\libsmallc.a(lib_a-writer.o)
 .debug_ranges  0x00000000000001e8       0x60 c:/intelfpga_lite/18.1/nios2eds/bin/gnu/h-x86_64-mingw32/bin/../lib/gcc/nios2-elf/5.3.0\libgcc.a(lib2-divmod.o)
 .debug_ranges  0x0000000000000248       0x48 ../core2_bsp/\libhal_bsp.a(alt_load.o)
 .debug_ranges  0x0000000000000290       0x20 ../core2_bsp/\libhal_bsp.a(alt_write.o)
 .debug_ranges  0x00000000000002b0       0x58 ../core2_bsp/\libhal_bsp.a(alt_sys_init.o)
 .debug_ranges  0x0000000000000308       0x20 ../core2_bsp/\libhal_bsp.a(alt_dev_llist_insert.o)
 .debug_ranges  0x0000000000000328       0x10 ../core2_bsp/\libhal_bsp.a(alt_icache_flush.o)
 .debug_ranges  0x0000000000000338       0x10 c:/intelfpga_lite/18.1/nios2eds/bin/gnu/h-x86_64-mingw32/bin/../lib/gcc/nios2-elf/5.3.0/../../../../../H-x86_64-mingw32/nios2-elf/lib\libsmallc.a(lib_a-memcmp.o)
